Archive member included to satisfy reference by file (symbol)

../../libDaisy//build\libdaisy.a(daisy_seed.o)
                              build/MiniSynth.o (daisy::DaisySeed::Configure())
../../libDaisy//build\libdaisy.a(codec_ak4556.o)
                              ../../libDaisy//build\libdaisy.a(daisy_seed.o) (daisy::Ak4556::Init(dsy_gpio_pin))
../../libDaisy//build\libdaisy.a(codec_wm8731.o)
                              ../../libDaisy//build\libdaisy.a(daisy_seed.o) (daisy::Wm8731::Init(daisy::Wm8731::Config const&, daisy::I2CHandle))
../../libDaisy//build\libdaisy.a(sdram.o)
                              ../../libDaisy//build\libdaisy.a(daisy_seed.o) (SdramHandle::Init())
../../libDaisy//build\libdaisy.a(audio.o)
                              ../../libDaisy//build\libdaisy.a(daisy_seed.o) (daisy::AudioHandle::Init(daisy::AudioHandle::Config const&, daisy::SaiHandle))
../../libDaisy//build\libdaisy.a(midi_parser.o)
                              build/MiniSynth.o (daisy::MidiParser::Parse(unsigned char, daisy::MidiEvent*))
../../libDaisy//build\libdaisy.a(usb_midi.o)
                              build/MiniSynth.o (daisy::MidiUsbTransport::Init(daisy::MidiUsbTransport::Config))
../../libDaisy//build\libdaisy.a(adc.o)
                              build/MiniSynth.o (daisy::AdcChannelConfig::InitSingle(dsy_gpio_pin, daisy::AdcChannelConfig::ConversionSpeed))
../../libDaisy//build\libdaisy.a(gpio.o)
                              ../../libDaisy//build\libdaisy.a(daisy_seed.o) (daisy::GPIO::Init(daisy::Pin, daisy::GPIO::Mode, daisy::GPIO::Pull, daisy::GPIO::Speed))
../../libDaisy//build\libdaisy.a(i2c.o)
                              build/MiniSynth.o (daisy::I2CHandle::Init(daisy::I2CHandle::Config const&))
../../libDaisy//build\libdaisy.a(qspi.o)
                              ../../libDaisy//build\libdaisy.a(daisy_seed.o) (daisy::QSPIHandle::Init(daisy::QSPIHandle::Config const&))
../../libDaisy//build\libdaisy.a(sai.o)
                              ../../libDaisy//build\libdaisy.a(daisy_seed.o) (daisy::SaiHandle::Init(daisy::SaiHandle::Config const&))
../../libDaisy//build\libdaisy.a(system.o)
                              ../../libDaisy//build\libdaisy.a(daisy_seed.o) (daisy::System::DeInit())
../../libDaisy//build\libdaisy.a(system_stm32h7xx.o)
                              build/startup_stm32h750xx.o (SystemInit)
../../libDaisy//build\libdaisy.a(usbd_conf.o)
                              ../../libDaisy//build\libdaisy.a(system.o) (hpcd_USB_OTG_HS)
../../libDaisy//build\libdaisy.a(usbh_conf.o)
                              ../../libDaisy//build\libdaisy.a(system.o) (hhcd_USB_OTG_HS)
../../libDaisy//build\libdaisy.a(hal_map.o)
                              ../../libDaisy//build\libdaisy.a(gpio.o) (dsy_hal_map_get_port)
../../libDaisy//build\libdaisy.a(oled_fonts.o)
                              build/MiniSynth.o (Font_11x18)
../../libDaisy//build\libdaisy.a(stm32h7xx_hal.o)
                              ../../libDaisy//build\libdaisy.a(system.o) (HAL_Init)
../../libDaisy//build\libdaisy.a(stm32h7xx_hal_adc.o)
                              ../../libDaisy//build\libdaisy.a(adc.o) (HAL_ADC_ConfigChannel)
../../libDaisy//build\libdaisy.a(stm32h7xx_hal_adc_ex.o)
                              ../../libDaisy//build\libdaisy.a(adc.o) (HAL_ADCEx_Calibration_Start)
../../libDaisy//build\libdaisy.a(stm32h7xx_hal_cortex.o)
                              ../../libDaisy//build\libdaisy.a(stm32h7xx_hal.o) (HAL_NVIC_SetPriorityGrouping)
../../libDaisy//build\libdaisy.a(stm32h7xx_hal_dma.o)
                              ../../libDaisy//build\libdaisy.a(adc.o) (HAL_DMA_Init)
../../libDaisy//build\libdaisy.a(stm32h7xx_hal_gpio.o)
                              ../../libDaisy//build\libdaisy.a(sdram.o) (HAL_GPIO_Init)
../../libDaisy//build\libdaisy.a(stm32h7xx_hal_hcd.o)
                              ../../libDaisy//build\libdaisy.a(usbh_conf.o) (HAL_HCD_HC_Init)
../../libDaisy//build\libdaisy.a(stm32h7xx_hal_i2c.o)
                              ../../libDaisy//build\libdaisy.a(i2c.o) (HAL_I2C_Init)
../../libDaisy//build\libdaisy.a(stm32h7xx_hal_i2c_ex.o)
                              ../../libDaisy//build\libdaisy.a(i2c.o) (HAL_I2CEx_ConfigAnalogFilter)
../../libDaisy//build\libdaisy.a(stm32h7xx_hal_pcd.o)
                              ../../libDaisy//build\libdaisy.a(usbd_conf.o) (HAL_PCD_Init)
../../libDaisy//build\libdaisy.a(stm32h7xx_hal_pcd_ex.o)
                              ../../libDaisy//build\libdaisy.a(usbd_conf.o) (HAL_PCDEx_SetTxFiFo)
../../libDaisy//build\libdaisy.a(stm32h7xx_hal_pwr_ex.o)
                              ../../libDaisy//build\libdaisy.a(system.o) (HAL_PWREx_ConfigSupply)
../../libDaisy//build\libdaisy.a(stm32h7xx_hal_qspi.o)
                              ../../libDaisy//build\libdaisy.a(qspi.o) (HAL_QSPI_Init)
../../libDaisy//build\libdaisy.a(stm32h7xx_hal_rcc.o)
                              ../../libDaisy//build\libdaisy.a(system.o) (HAL_RCC_OscConfig)
[...]
Memory Configuration

Name             Origin             Length             Attributes
FLASH            0x08000000         0x00020000         xr
DTCMRAM          0x20000000         0x00020000         xrw
SRAM             0x24000000         0x00080000         xrw
RAM_D2           0x30000000         0x00048000         xrw
RAM_D3           0x38000000         0x00010000         xrw
BACKUP_SRAM      0x38800000         0x00001000         xrw
ITCMRAM          0x00000000         0x00010000         xrw
SDRAM            0xc0000000         0x04000000         xrw
QSPIFLASH        0x90000000         0x00800000         xr
*default*        0x00000000         0xffffffff

Linker script and memory map

LOAD c:/program files/daisytoolchain/bin/../lib/gcc/arm-none-eabi/10.2.1/thumb/v7e-m+dp/hard/crti.o
LOAD c:/program files/daisytoolchain/bin/../lib/gcc/arm-none-eabi/10.2.1/thumb/v7e-m+dp/hard/crtbegin.o
LOAD c:/program files/daisytoolchain/bin/../lib/gcc/arm-none-eabi/10.2.1/../../../../arm-none-eabi/lib/thumb/v7e-m+dp/hard/crt0.o
LOAD build/startup_stm32h750xx.o
LOAD build/MiniSynth.o
LOAD ../../libDaisy//build\libdaisy.a
LOAD c:/program files/daisytoolchain/bin/../lib/gcc/arm-none-eabi/10.2.1/../../../../arm-none-eabi/lib/thumb/v7e-m+dp/hard\libnosys.a
LOAD ../../DaisySP//build\libdaisysp.a
LOAD c:/program files/daisytoolchain/bin/../lib/gcc/arm-none-eabi/10.2.1/../../../../arm-none-eabi/lib/thumb/v7e-m+dp/hard\libstdc++_nano.a
LOAD c:/program files/daisytoolchain/bin/../lib/gcc/arm-none-eabi/10.2.1/../../../../arm-none-eabi/lib/thumb/v7e-m+dp/hard\libm.a
LOAD c:/program files/daisytoolchain/bin/../lib/gcc/arm-none-eabi/10.2.1/../../../../arm-none-eabi/lib/thumb/v7e-m+dp/hard\libc_nano.a
START GROUP
LOAD c:/program files/daisytoolchain/bin/../lib/gcc/arm-none-eabi/10.2.1/thumb/v7e-m+dp/hard\libgcc.a
LOAD c:/program files/daisytoolchain/bin/../lib/gcc/arm-none-eabi/10.2.1/../../../../arm-none-eabi/lib/thumb/v7e-m+dp/hard\libc_nano.a
END GROUP
START GROUP
LOAD c:/program files/daisytoolchain/bin/../lib/gcc/arm-none-eabi/10.2.1/thumb/v7e-m+dp/hard\libgcc.a
LOAD c:/program files/daisytoolchain/bin/../lib/gcc/arm-none-eabi/10.2.1/../../../../arm-none-eabi/lib/thumb/v7e-m+dp/hard\libc_nano.a
LOAD c:/program files/daisytoolchain/bin/../lib/gcc/arm-none-eabi/10.2.1/../../../../arm-none-eabi/lib/thumb/v7e-m+dp/hard\libnosys.a
END GROUP
START GROUP
LOAD c:/program files/daisytoolchain/bin/../lib/gcc/arm-none-eabi/10.2.1/thumb/v7e-m+dp/hard\libgcc.a
LOAD c:/program files/daisytoolchain/bin/../lib/gcc/arm-none-eabi/10.2.1/../../../../arm-none-eabi/lib/thumb/v7e-m+dp/hard\libc_nano.a
LOAD c:/program files/daisytoolchain/bin/../lib/gcc/arm-none-eabi/10.2.1/../../../../arm-none-eabi/lib/thumb/v7e-m+dp/hard\libnosys.a
END GROUP
LOAD c:/program files/daisytoolchain/bin/../lib/gcc/arm-none-eabi/10.2.1/thumb/v7e-m+dp/hard/crtend.o
LOAD c:/program files/daisytoolchain/bin/../lib/gcc/arm-none-eabi/10.2.1/thumb/v7e-m+dp/hard/crtn.o
                0x20020000                _estack = 0x20020000

.isr_vector     0x08000000      0x298
                0x08000000                . = ALIGN (0x4)
 *(.isr_vector)
 .isr_vector    0x08000000      0x298 build/startup_stm32h750xx.o
                0x08000000                g_pfnVectors
                0x08000298                . = ALIGN (0x4)

.text           0x080002a0    0x18110
                0x080002a0                . = ALIGN (0x4)
                0x080002a0                _stext = .
 *(.text)
 .text          0x080002a0       0x40 c:/program files/daisytoolchain/bin/../lib/gcc/arm-none-eabi/10.2.1/thumb/v7e-m+dp/hard/crtbegin.o
 .text          0x080002e0       0xa0 c:/program files/daisytoolchain/bin/../lib/gcc/arm-none-eabi/10.2.1/../../../../arm-none-eabi/lib/thumb/v7e-m+dp/hard\libc_nano.a(lib_a-memchr.o)
                0x080002e0                memchr
 .text          0x08000380      0x378 c:/program files/daisytoolchain/bin/../lib/gcc/arm-none-eabi/10.2.1/thumb/v7e-m+dp/hard\libgcc.a(_arm_addsubdf3.o)
                0x08000380                __aeabi_drsub
                0x08000388                __aeabi_dsub
                0x08000388                __subdf3
                0x0800038c                __aeabi_dadd
                0x0800038c                __adddf3
                0x08000604                __floatunsidf
                0x08000604                __aeabi_ui2d
                0x08000624                __floatsidf
                0x08000624                __aeabi_i2d
                0x08000648                __aeabi_f2d
                0x08000648                __extendsfdf2
                0x0800068c                __floatundidf
                0x0800068c                __aeabi_ul2d
                0x0800069c                __floatdidf
                0x0800069c                __aeabi_l2d
 .text          0x080006f8       0x30 c:/program files/daisytoolchain/bin/../lib/gcc/arm-none-eabi/10.2.1/thumb/v7e-m+dp/hard\libgcc.a(_aeabi_uldivmod.o)
                0x080006f8                __aeabi_uldivmod
 .text          0x08000728      0x2d0 c:/program files/daisytoolchain/bin/../lib/gcc/arm-none-eabi/10.2.1/thumb/v7e-m+dp/hard\libgcc.a(_udivmoddi4.o)
                0x08000728                __udivmoddi4
 .text          0x080009f8        0x4 c:/program files/daisytoolchain/bin/../lib/gcc/arm-none-eabi/10.2.1/thumb/v7e-m+dp/hard\libgcc.a(_dvmd_tls.o)
                0x080009f8                __aeabi_idiv0
                0x080009f8                __aeabi_ldiv0
 *(.text*)
 .text.Default_Handler
                0x080009fc        0x4 build/startup_stm32h750xx.o
                0x080009fc                RTC_Alarm_IRQHandler
                0x080009fc                HASH_RNG_IRQHandler
                0x080009fc                EXTI2_IRQHandler
                0x080009fc                TIM8_CC_IRQHandler
                0x080009fc                HRTIM1_Master_IRQHandler
                0x080009fc                DebugMon_Handler
                0x080009fc                TIM1_CC_IRQHandler
                0x080009fc                BDMA_Channel6_IRQHandler
                0x080009fc                DMA2_Stream5_IRQHandler
                0x080009fc                HRTIM1_FLT_IRQHandler
                0x080009fc                JPEG_IRQHandler
                0x080009fc                BDMA_Channel1_IRQHandler
                0x080009fc                HRTIM1_TIMD_IRQHandler
                0x080009fc                TAMP_STAMP_IRQHandler
                0x080009fc                PendSV_Handler
                0x080009fc                NMI_Handler
                0x080009fc                EXTI3_IRQHandler
                0x080009fc                LPTIM4_IRQHandler
                0x080009fc                TIM8_TRG_COM_TIM14_IRQHandler
                0x080009fc                LPTIM2_IRQHandler
                0x080009fc                DFSDM1_FLT1_IRQHandler
                0x080009fc                DMAMUX2_OVR_IRQHandler
                0x080009fc                TIM8_UP_TIM13_IRQHandler
                0x080009fc                I2C3_ER_IRQHandler
                0x080009fc                DFSDM1_FLT2_IRQHandler
                0x080009fc                MDMA_IRQHandler
                0x080009fc                LPTIM3_IRQHandler
                0x080009fc                HSEM1_IRQHandler
                0x080009fc                EXTI0_IRQHandler
                0x080009fc                FPU_IRQHandler
                0x080009fc                OTG_HS_WKUP_IRQHandler
                0x080009fc                FDCAN1_IT1_IRQHandler
                0x080009fc                UsageFault_Handler
                0x080009fc                LTDC_ER_IRQHandler
                0x080009fc                HRTIM1_TIME_IRQHandler
                0x080009fc                TIM6_DAC_IRQHandler
                0x080009fc                DCMI_IRQHandler
                0x080009fc                HRTIM1_TIMC_IRQHandler
                0x080009fc                SAI2_IRQHandler
                0x080009fc                DFSDM1_FLT3_IRQHandler
                0x080009fc                TIM17_IRQHandler
                0x080009fc                CRYP_IRQHandler
                0x080009fc                BDMA_Channel7_IRQHandler
                0x080009fc                LPTIM5_IRQHandler
                0x080009fc                ADC3_IRQHandler
                0x080009fc                DMA2_Stream0_IRQHandler
                0x080009fc                BDMA_Channel2_IRQHandler
                0x080009fc                DMAMUX1_OVR_IRQHandler
                0x080009fc                TIM16_IRQHandler
                0x080009fc                BDMA_Channel5_IRQHandler
                0x080009fc                RCC_IRQHandler
                0x080009fc                TIM8_BRK_TIM12_IRQHandler
                0x080009fc                TIM1_TRG_COM_IRQHandler
                0x080009fc                Default_Handler
                0x080009fc                ECC_IRQHandler
                0x080009fc                CEC_IRQHandler
                0x080009fc                EXTI15_10_IRQHandler
                0x080009fc                BDMA_Channel0_IRQHandler
                0x080009fc                ADC_IRQHandler
                0x080009fc                DMA1_Stream7_IRQHandler
                0x080009fc                HRTIM1_TIMA_IRQHandler
                0x080009fc                TIM7_IRQHandler
                0x080009fc                SDMMC1_IRQHandler
                0x080009fc                DMA2_Stream7_IRQHandler
                0x080009fc                TIM15_IRQHandler
                0x080009fc                PVD_AVD_IRQHandler
                0x080009fc                EXTI9_5_IRQHandler
                0x080009fc                RTC_WKUP_IRQHandler
                0x080009fc                LTDC_IRQHandler
                0x080009fc                SAI3_IRQHandler
                0x080009fc                ETH_WKUP_IRQHandler
                0x080009fc                SPDIF_RX_IRQHandler
                0x080009fc                MemManage_Handler
                0x080009fc                SVC_Handler
                0x080009fc                CRS_IRQHandler
                0x080009fc                EXTI4_IRQHandler
                0x080009fc                HRTIM1_TIMB_IRQHandler
                0x080009fc                FDCAN2_IT1_IRQHandler
                0x080009fc                ETH_IRQHandler
                0x080009fc                TIM1_UP_IRQHandler
                0x080009fc                BDMA_Channel4_IRQHandler
                0x080009fc                WWDG_IRQHandler
                0x080009fc                SPI6_IRQHandler
                0x080009fc                I2C4_EV_IRQHandler
                0x080009fc                MDIOS_IRQHandler
                0x080009fc                FDCAN2_IT0_IRQHandler
                0x080009fc                FDCAN1_IT0_IRQHandler
                0x080009fc                OTG_FS_WKUP_IRQHandler
                0x080009fc                DMA2D_IRQHandler
                0x080009fc                TIM1_BRK_IRQHandler
                0x080009fc                EXTI1_IRQHandler
                0x080009fc                SDMMC2_IRQHandler
                0x080009fc                BDMA_Channel3_IRQHandler
                0x080009fc                MDIOS_WKUP_IRQHandler
                0x080009fc                DFSDM1_FLT0_IRQHandler
                0x080009fc                SAI4_IRQHandler
                0x080009fc                I2C2_ER_IRQHandler
                0x080009fc                DMA2_Stream1_IRQHandler
                0x080009fc                FLASH_IRQHandler
                0x080009fc                BusFault_Handler
                0x080009fc                WAKEUP_PIN_IRQHandler
                0x080009fc                I2C1_ER_IRQHandler
                0x080009fc                FMC_IRQHandler
                0x080009fc                FDCAN_CAL_IRQHandler
                0x080009fc                SWPMI1_IRQHandler
                0x080009fc                COMP1_IRQHandler
                0x080009fc                LPTIM1_IRQHandler
                0x080009fc                I2C4_ER_IRQHandler
                0x080009fc                DMA2_Stream6_IRQHandler
                0x080009fc                SAI1_IRQHandler
 .text.Reset_Handler
                0x08000a00       0x44 build/startup_stm32h750xx.o
                0x08000a00                Reset_Handler
 .text._ZN5daisy9DaisySeedD2Ev
                0x08000a44        0x4 build/MiniSynth.o
                0x08000a44                daisy::DaisySeed::~DaisySeed()
                0x08000a44                daisy::DaisySeed::~DaisySeed()
 .text._ZN7daisysp5AdEnvD2Ev
                0x08000a48        0x4 build/MiniSynth.o
                0x08000a48                daisysp::AdEnv::~AdEnv()
                0x08000a48                daisysp::AdEnv::~AdEnv()
 .text._ZN7daisysp10OscillatorD2Ev
                0x08000a4c        0x4 build/MiniSynth.o
                0x08000a4c                daisysp::Oscillator::~Oscillator()
                0x08000a4c                daisysp::Oscillator::~Oscillator()
 .text._ZN7daisysp3SvfD2Ev
                0x08000a50        0x4 build/MiniSynth.o
                0x08000a50                daisysp::Svf::~Svf()
                0x08000a50                daisysp::Svf::~Svf()
 .text._ZN5daisy11OledDisplayINS_13SSD130xDriverILj128ELj64ENS_19SSD130xI2CTransportEEEE4FillEb
                0x08000a54       0x10 build/MiniSynth.o
                0x08000a54                daisy::OledDisplay<daisy::SSD130xDriver<128u, 64u, daisy::SSD130xI2CTransport> >::Fill(bool)
 .text._ZN5daisy11OledDisplayINS_13SSD130xDriverILj128ELj64ENS_19SSD130xI2CTransportEEEED2Ev
                0x08000a64        0x4 build/MiniSynth.o
                0x08000a64                daisy::OledDisplay<daisy::SSD130xDriver<128u, 64u, daisy::SSD130xI2CTransport> >::~OledDisplay()
                0x08000a64                daisy::OledDisplay<daisy::SSD130xDriver<128u, 64u, daisy::SSD130xI2CTransport> >::~OledDisplay()
 .text._ZNK5daisy11OledDisplayINS_13SSD130xDriverILj128ELj64ENS_19SSD130xI2CTransportEEEE6HeightEv
                0x08000a68        0x4 build/MiniSynth.o
                0x08000a68                daisy::OledDisplay<daisy::SSD130xDriver<128u, 64u, daisy::SSD130xI2CTransport> >::Height() const
 .text._ZNK5daisy11OledDisplayINS_13SSD130xDriverILj128ELj64ENS_19SSD130xI2CTransportEEEE5WidthEv
                0x08000a6c        0x4 build/MiniSynth.o
                0x08000a6c                daisy::OledDisplay<daisy::SSD130xDriver<128u, 64u, daisy::SSD130xI2CTransport> >::Width() const
 .text._ZN5daisy11MidiHandlerINS_16MidiUsbTransportEED2Ev
                0x08000a70        0x4 build/MiniSynth.o
                0x08000a70                daisy::MidiHandler<daisy::MidiUsbTransport>::~MidiHandler()
                0x08000a70                daisy::MidiHandler<daisy::MidiUsbTransport>::~MidiHandler()
 .text._Z13AudioCallbackPKfPfj
                0x08000a74      0x36c build/MiniSynth.o
                0x08000a74                AudioCallback(float const*, float*, unsigned int)
 .text._ZN5daisy11OledDisplayINS_13SSD130xDriverILj128ELj64ENS_19SSD130xI2CTransportEEEED0Ev
                0x08000de0       0x10 build/MiniSynth.o
                0x08000de0                daisy::OledDisplay<daisy::SSD130xDriver<128u, 64u, daisy::SSD130xI2CTransport> >::~OledDisplay()
 .text._ZN5daisy11MidiHandlerINS_16MidiUsbTransportEE13ParseCallbackEPhjPv
                0x08000df0       0x74 build/MiniSynth.o
                0x08000df0                daisy::MidiHandler<daisy::MidiUsbTransport>::ParseCallback(unsigned char*, unsigned int, void*)
 .text._ZN5daisy11OledDisplayINS_13SSD130xDriverILj128ELj64ENS_19SSD130xI2CTransportEEEE6UpdateEv
                0x08000e64       0xac build/MiniSynth.o
                0x08000e64                daisy::OledDisplay<daisy::SSD130xDriver<128u, 64u, daisy::SSD130xI2CTransport> >::Update()
 .text._ZN5daisy25OneBitGraphicsDisplayImplINS_11OledDisplayINS_13SSD130xDriverILj128ELj64ENS_19SSD130xI2CTransportEEEEEE9WriteCharEc7FontDefb
                0x08000f10      0x1a0 build/MiniSynth.o
                0x08000f10                daisy::OneBitGraphicsDisplayImpl<daisy::OledDisplay<daisy::SSD130xDriver<128u, 64u, daisy::SSD130xI2CTransport> > >::WriteChar(char, FontDef, bool)
 .text._ZN5daisy11OledDisplayINS_13SSD130xDriverILj128ELj64ENS_19SSD130xI2CTransportEEEE9DrawPixelEjjb
                0x080010b0       0x44 build/MiniSynth.o
                0x080010b0                daisy::OledDisplay<daisy::SSD130xDriver<128u, 64u, daisy::SSD130xI2CTransport> >::DrawPixel(unsigned int, unsigned int, bool)
 .text._ZN5daisy25OneBitGraphicsDisplayImplINS_11OledDisplayINS_13SSD130xDriverILj128ELj64ENS_19SSD130xI2CTransportEEEEEE8DrawLineEjjjjb
                0x080010f4       0xfc build/MiniSynth.o
                0x080010f4                daisy::OneBitGraphicsDisplayImpl<daisy::OledDisplay<daisy::SSD130xDriver<128u, 64u, daisy::SSD130xI2CTransport> > >::DrawLine(unsigned int, unsigned int, unsigned int, unsigned int, bool)
 .text._ZN5daisy25OneBitGraphicsDisplayImplINS_11OledDisplayINS_13SSD130xDriverILj128ELj64ENS_19SSD130xI2CTransportEEEEEE7DrawArcEjjjiib
                0x080011f0      0x478 build/MiniSynth.o
                0x080011f0                daisy::OneBitGraphicsDisplayImpl<daisy::OledDisplay<daisy::SSD130xDriver<128u, 64u, daisy::SSD130xI2CTransport> > >::DrawArc(unsigned int, unsigned int, unsigned int, int, int, bool)
 .text._ZN5daisy25OneBitGraphicsDisplayImplINS_11OledDisplayINS_13SSD130xDriverILj128ELj64ENS_19SSD130xI2CTransportEEEEEE11WriteStringEPKc7FontDefb
                0x08001668      0x1c0 build/MiniSynth.o
                0x08001668                daisy::OneBitGraphicsDisplayImpl<daisy::OledDisplay<daisy::SSD130xDriver<128u, 64u, daisy::SSD130xI2CTransport> > >::WriteString(char const*, FontDef, bool)
 .text._ZN5daisy25OneBitGraphicsDisplayImplINS_11OledDisplayINS_13SSD130xDriverILj128ELj64ENS_19SSD130xI2CTransportEEEEEE18WriteStringAlignedEPKcRK7FontDefNS_9RectangleENS_9AlignmentEb
                0x08001828      0x26c build/MiniSynth.o
                0x08001828                daisy::OneBitGraphicsDisplayImpl<daisy::OledDisplay<daisy::SSD130xDriver<128u, 64u, daisy::SSD130xI2CTransport> > >::WriteStringAligned(char const*, FontDef const&, daisy::Rectangle, daisy::Alignment, bool)
 .text._ZN5daisy25OneBitGraphicsDisplayImplINS_11OledDisplayINS_13SSD130xDriverILj128ELj64ENS_19SSD130xI2CTransportEEEEEE8DrawRectEjjjjbb
                0x08001a94      0x418 build/MiniSynth.o
                0x08001a94                daisy::OneBitGraphicsDisplayImpl<daisy::OledDisplay<daisy::SSD130xDriver<128u, 64u, daisy::SSD130xI2CTransport> > >::DrawRect(unsigned int, unsigned int, unsigned int, unsigned int, bool, bool)
 .text._Z13UpdateDisplayv
                0x08001eac      0x5b0 build/MiniSynth.o
                0x08001eac                UpdateDisplay()
 .text._ZN5daisy13SSD130xDriverILj128ELj64ENS_19SSD130xI2CTransportEE6UpdateEv
                0x0800245c       0xa8 build/MiniSynth.o
                0x0800245c                daisy::SSD130xDriver<128u, 64u, daisy::SSD130xI2CTransport>::Update()
 .text._ZN5daisy13SSD130xDriverILj128ELj64ENS_19SSD130xI2CTransportEE4InitENS2_6ConfigE
                0x08002504      0x250 build/MiniSynth.o
                0x08002504                daisy::SSD130xDriver<128u, 64u, daisy::SSD130xI2CTransport>::Init(daisy::SSD130xDriver<128u, 64u, daisy::SSD130xI2CTransport>::Config)
 .text.startup.main
                0x08002754      0x3e0 build/MiniSynth.o
                0x08002754                main
 .text.startup._GLOBAL__sub_I_hw
                0x08002b34       0xc8 build/MiniSynth.o
 .text._ZN5daisy9DaisySeed9ConfigureEv
                0x08002bfc        0x4 ../../libDaisy//build\libdaisy.a(daisy_seed.o)
                0x08002bfc                daisy::DaisySeed::Configure()
 .text._ZN5daisy9DaisySeed6GetPinEh
                0x08002c00       0x2c ../../libDaisy//build\libdaisy.a(daisy_seed.o)
                0x08002c00                daisy::DaisySeed::GetPin(unsigned char)
 .text._ZN5daisy9DaisySeed10StartAudioEPFvPKfPfjE
                0x08002c2c        0x8 ../../libDaisy//build\libdaisy.a(daisy_seed.o)
                0x08002c2c                daisy::DaisySeed::StartAudio(void (*)(float const*, float*, unsigned int))
 .text._ZN5daisy9DaisySeed15AudioSampleRateEv
                0x08002c34        0x8 ../../libDaisy//build\libdaisy.a(daisy_seed.o)
                0x08002c34                daisy::DaisySeed::AudioSampleRate()
 .text._ZN5daisy9DaisySeed17SetAudioBlockSizeEj
                0x08002c3c       0x38 ../../libDaisy//build\libdaisy.a(daisy_seed.o)
                0x08002c3c                daisy::DaisySeed::SetAudioBlockSize(unsigned int)
 .text._ZN5daisy9DaisySeed17CheckBoardVersionEv
                0x08002c74       0x6c ../../libDaisy//build\libdaisy.a(daisy_seed.o)
                0x08002c74                daisy::DaisySeed::CheckBoardVersion()
 .text._ZN5daisy9DaisySeed14ConfigureAudioEv
                0x08002ce0      0x10c ../../libDaisy//build\libdaisy.a(daisy_seed.o)
                0x08002ce0                daisy::DaisySeed::ConfigureAudio()
 .text._ZN5daisy9DaisySeed4InitEb
                0x08002dec      0x108 ../../libDaisy//build\libdaisy.a(daisy_seed.o)
                0x08002dec                daisy::DaisySeed::Init(bool)
 .text._ZN5daisy6Ak45564InitE12dsy_gpio_pin
                0x08002ef4       0x44 ../../libDaisy//build\libdaisy.a(codec_ak4556.o)
                0x08002ef4                daisy::Ak4556::Init(dsy_gpio_pin)
 .text._ZN5daisy6Wm873120WriteControlRegisterEht
                0x08002f38       0x3c ../../libDaisy//build\libdaisy.a(codec_wm8731.o)
                0x08002f38                daisy::Wm8731::WriteControlRegister(unsigned char, unsigned short)
 .text._ZN5daisy6Wm87314InitERKNS0_6ConfigENS_9I2CHandleE
                0x08002f74      0x1bc ../../libDaisy//build\libdaisy.a(codec_wm8731.o)
                0x08002f74                daisy::Wm8731::Init(daisy::Wm8731::Config const&, daisy::I2CHandle)
 .text._ZN11SdramHandle10DeviceInitEv
                0x08003130       0x98 ../../libDaisy//build\libdaisy.a(sdram.o)
                0x08003130                SdramHandle::DeviceInit()
 .text._ZN11SdramHandle4InitEv
                0x080031c8       0x7c ../../libDaisy//build\libdaisy.a(sdram.o)
                0x080031c8                SdramHandle::Init()
 .text.HAL_SDRAM_MspInit
                0x08003244      0x1a8 ../../libDaisy//build\libdaisy.a(sdram.o)
                0x08003244                HAL_SDRAM_MspInit
 .text._ZN5daisy11AudioHandle4Impl16InternalCallbackEPlS2_j
                0x080033ec      0xbbc ../../libDaisy//build\libdaisy.a(audio.o)
                0x080033ec                daisy::AudioHandle::Impl::InternalCallback(long*, long*, unsigned int)
 .text._ZN5daisy11AudioHandle4InitERKNS0_6ConfigENS_9SaiHandleE
                0x08003fa8       0x70 ../../libDaisy//build\libdaisy.a(audio.o)
                0x08003fa8                daisy::AudioHandle::Init(daisy::AudioHandle::Config const&, daisy::SaiHandle)
 .text._ZNK5daisy11AudioHandle9GetConfigEv
                0x08004018        0x8 ../../libDaisy//build\libdaisy.a(audio.o)
                0x08004018                daisy::AudioHandle::GetConfig() const
 .text._ZN5daisy11AudioHandle12SetBlockSizeEj
                0x08004020       0x1c ../../libDaisy//build\libdaisy.a(audio.o)
                0x08004020                daisy::AudioHandle::SetBlockSize(unsigned int)
 .text._ZN5daisy11AudioHandle13GetSampleRateEv
                0x0800403c        0x8 ../../libDaisy//build\libdaisy.a(audio.o)
                0x0800403c                daisy::AudioHandle::GetSampleRate()
 .text._ZN5daisy11AudioHandle5StartEPFvPKfPfjE
                0x08004044       0x2c ../../libDaisy//build\libdaisy.a(audio.o)
                0x08004044                daisy::AudioHandle::Start(void (*)(float const*, float*, unsigned int))
 .text.startup._GLOBAL__sub_I__ZN5daisy11AudioHandle4Impl4InitENS0_6ConfigENS_9SaiHandleE
                0x08004070       0x24 ../../libDaisy//build\libdaisy.a(audio.o)
 .text._ZN5daisy10MidiParser5ParseEhPNS_9MidiEventE
                0x08004094      0x170 ../../libDaisy//build\libdaisy.a(midi_parser.o)
                0x08004094                daisy::MidiParser::Parse(unsigned char, daisy::MidiEvent*)
 .text._ZN5daisy10MidiParser5ResetEv
                0x08004204        0xc ../../libDaisy//build\libdaisy.a(midi_parser.o)
                0x08004204                daisy::MidiParser::Reset()
 .text._ZN5daisy16MidiUsbTransport4ImplD2Ev
                0x08004210        0x4 ../../libDaisy//build\libdaisy.a(usb_midi.o)
                0x08004210                daisy::MidiUsbTransport::Impl::~Impl()
                0x08004210                daisy::MidiUsbTransport::Impl::~Impl()
 .text._ZN5daisy16MidiUsbTransport4Impl5ParseEv
                0x08004214       0x68 ../../libDaisy//build\libdaisy.a(usb_midi.o)
                0x08004214                daisy::MidiUsbTransport::Impl::Parse()
 .text._Z15ReceiveCallbackPhPm
                0x0800427c       0x9c ../../libDaisy//build\libdaisy.a(usb_midi.o)
                0x0800427c                ReceiveCallback(unsigned char*, unsigned long*)
 .text._ZN5daisy16MidiUsbTransport4InitENS0_6ConfigE
                0x08004318       0x54 ../../libDaisy//build\libdaisy.a(usb_midi.o)
                0x08004318                daisy::MidiUsbTransport::Init(daisy::MidiUsbTransport::Config)
 .text._ZN5daisy16MidiUsbTransport7StartRxEPFvPhjPvES2_
                0x0800436c       0x14 ../../libDaisy//build\libdaisy.a(usb_midi.o)
                0x0800436c                daisy::MidiUsbTransport::StartRx(void (*)(unsigned char*, unsigned int, void*), void*)
 .text._ZN5daisy16MidiUsbTransport8RxActiveEv
                0x08004380        0x8 ../../libDaisy//build\libdaisy.a(usb_midi.o)
                0x08004380                daisy::MidiUsbTransport::RxActive()
 .text._ZN5daisy16MidiUsbTransport7FlushRxEv
                0x08004388        0xc ../../libDaisy//build\libdaisy.a(usb_midi.o)
                0x08004388                daisy::MidiUsbTransport::FlushRx()
 .text.startup._GLOBAL__sub_I__Z15ReceiveCallbackPhPm
                0x08004394       0x60 ../../libDaisy//build\libdaisy.a(usb_midi.o)
 .text._ZN5daisy16AdcChannelConfig10InitSingleE12dsy_gpio_pinNS0_15ConversionSpeedE
                0x080043f4       0x28 ../../libDaisy//build\libdaisy.a(adc.o)
                0x080043f4                daisy::AdcChannelConfig::InitSingle(dsy_gpio_pin, daisy::AdcChannelConfig::ConversionSpeed)
 .text._ZN5daisy9AdcHandle4InitEPNS_16AdcChannelConfigEjNS0_12OverSamplingE
                0x0800441c      0x41c ../../libDaisy//build\libdaisy.a(adc.o)
                0x0800441c                daisy::AdcHandle::Init(daisy::AdcChannelConfig*, unsigned int, daisy::AdcHandle::OverSampling)
 .text._ZN5daisy9AdcHandle5StartEv
                0x08004838       0x2c ../../libDaisy//build\libdaisy.a(adc.o)
                0x08004838                daisy::AdcHandle::Start()
 .text._ZNK5daisy9AdcHandle8GetFloatEh
                0x08004864       0x20 ../../libDaisy//build\libdaisy.a(adc.o)
                0x08004864                daisy::AdcHandle::GetFloat(unsigned char) const
 .text.HAL_ADC_MspInit
                0x08004884       0x98 ../../libDaisy//build\libdaisy.a(adc.o)
                0x08004884                HAL_ADC_MspInit
 .text.DMA1_Stream2_IRQHandler
                0x0800491c        0xc ../../libDaisy//build\libdaisy.a(adc.o)
                0x0800491c                DMA1_Stream2_IRQHandler
 .text.HAL_ADC_ConvCpltCallback
                0x08004928      0x148 ../../libDaisy//build\libdaisy.a(adc.o)
                0x08004928                HAL_ADC_ConvCpltCallback
 .text.HAL_ADC_ErrorCallback
                0x08004a70        0x4 ../../libDaisy//build\libdaisy.a(adc.o)
                0x08004a70                HAL_ADC_ErrorCallback
 .text._ZN5daisy4GPIO4InitENS_3PinENS0_4ModeENS0_4PullENS0_5SpeedE
                0x08004a74      0x1cc ../../libDaisy//build\libdaisy.a(gpio.o)
                0x08004a74                daisy::GPIO::Init(daisy::Pin, daisy::GPIO::Mode, daisy::GPIO::Pull, daisy::GPIO::Speed)
 .text._ZN5daisy4GPIO4ReadEv
                0x08004c40       0x18 ../../libDaisy//build\libdaisy.a(gpio.o)
                0x08004c40                daisy::GPIO::Read()
 .text._ZN5daisy4GPIO5WriteEb
                0x08004c58       0x14 ../../libDaisy//build\libdaisy.a(gpio.o)
                0x08004c58                daisy::GPIO::Write(bool)
 .text.dsy_gpio_init
                0x08004c6c      0x1b8 ../../libDaisy//build\libdaisy.a(gpio.o)
                0x08004c6c                dsy_gpio_init
 .text.dsy_gpio_write
                0x08004e24       0x24 ../../libDaisy//build\libdaisy.a(gpio.o)
                0x08004e24                dsy_gpio_write
 .text._ZN5daisy9I2CHandle4Impl8InitPinsEv
                0x08004e48       0x58 ../../libDaisy//build\libdaisy.a(i2c.o)
                0x08004e48                daisy::I2CHandle::Impl::InitPins()
 .text.HAL_I2C_MspInit
                0x08004ea0      0x1b4 ../../libDaisy//build\libdaisy.a(i2c.o)
                0x08004ea0                HAL_I2C_MspInit
 .text.dsy_i2c_global_init
                0x08005054       0x78 ../../libDaisy//build\libdaisy.a(i2c.o)
                0x08005054                dsy_i2c_global_init
 .text.DMA1_Stream6_IRQHandler
                0x080050cc       0x34 ../../libDaisy//build\libdaisy.a(i2c.o)
                0x080050cc                DMA1_Stream6_IRQHandler
 .text.I2C1_EV_IRQHandler
                0x08005100        0xc ../../libDaisy//build\libdaisy.a(i2c.o)
                0x08005100                I2C1_EV_IRQHandler
 .text.I2C2_EV_IRQHandler
                0x0800510c        0xc ../../libDaisy//build\libdaisy.a(i2c.o)
                0x0800510c                I2C2_EV_IRQHandler
 .text.I2C3_EV_IRQHandler
                0x08005118        0xc ../../libDaisy//build\libdaisy.a(i2c.o)
                0x08005118                I2C3_EV_IRQHandler
 .text._ZN5daisy9I2CHandle4InitERKNS0_6ConfigE
                0x08005124      0x12c ../../libDaisy//build\libdaisy.a(i2c.o)
                0x08005124                daisy::I2CHandle::Init(daisy::I2CHandle::Config const&)
 .text._ZN5daisy9I2CHandle16TransmitBlockingEtPhtm
                0x08005250       0x50 ../../libDaisy//build\libdaisy.a(i2c.o)
                0x08005250                daisy::I2CHandle::TransmitBlocking(unsigned short, unsigned char*, unsigned short, unsigned long)
 .text.startup._GLOBAL__sub_I__ZN5daisy9I2CHandle4Impl10GlobalInitEv
                0x080052a0       0x18 ../../libDaisy//build\libdaisy.a(i2c.o)
 .text._ZN5daisy10QSPIHandle4Impl11WriteEnableEv
                0x080052b8       0x8c ../../libDaisy//build\libdaisy.a(qspi.o)
                0x080052b8                daisy::QSPIHandle::Impl::WriteEnable()
 *fill*         0x08005344        0x4 
 .text._ZN5daisy10QSPIHandle4Impl17DummyCyclesConfigENS0_6Config6DeviceE
                0x08005348      0x118 ../../libDaisy//build\libdaisy.a(qspi.o)
                0x08005348                daisy::QSPIHandle::Impl::DummyCyclesConfig(daisy::QSPIHandle::Config::Device)
 .text._ZN5daisy10QSPIHandle4Impl10QuadEnableEv
                0x08005460      0x158 ../../libDaisy//build\libdaisy.a(qspi.o)
                0x08005460                daisy::QSPIHandle::Impl::QuadEnable()
 .text._ZN5daisy10QSPIHandle4InitERKNS0_6ConfigE
                0x080055b8      0x198 ../../libDaisy//build\libdaisy.a(qspi.o)
                0x080055b8                daisy::QSPIHandle::Init(daisy::QSPIHandle::Config const&)
 .text.HAL_QSPI_MspInit
                0x08005750      0x11c ../../libDaisy//build\libdaisy.a(qspi.o)
                0x08005750                HAL_QSPI_MspInit
 .text.HAL_QSPI_MspDeInit
                0x0800586c       0x54 ../../libDaisy//build\libdaisy.a(qspi.o)
                0x0800586c                HAL_QSPI_MspDeInit
 .text.QUADSPI_IRQHandler
                0x080058c0        0xc ../../libDaisy//build\libdaisy.a(qspi.o)
                0x080058c0                QUADSPI_IRQHandler
 .text.startup._GLOBAL__sub_I__ZN5daisy10QSPIHandle4Impl4InitERKNS0_6ConfigE
                0x080058cc       0x28 ../../libDaisy//build\libdaisy.a(qspi.o)
 .text._ZN5daisy9SaiHandle4Impl7InitDmaENS1_15PeripheralBlockE
                0x080058f4       0xa0 ../../libDaisy//build\libdaisy.a(sai.o)
                0x080058f4                daisy::SaiHandle::Impl::InitDma(daisy::SaiHandle::Impl::PeripheralBlock)
 .text._ZN5daisy9SaiHandle4Impl8InitPinsEv
                0x08005994       0xa8 ../../libDaisy//build\libdaisy.a(sai.o)
                0x08005994                daisy::SaiHandle::Impl::InitPins()
 .text.HAL_SAI_MspInit
                0x08005a3c      0x164 ../../libDaisy//build\libdaisy.a(sai.o)
                0x08005a3c                HAL_SAI_MspInit
 .text.DMA1_Stream0_IRQHandler
                0x08005ba0        0xc ../../libDaisy//build\libdaisy.a(sai.o)
                0x08005ba0                DMA1_Stream0_IRQHandler
 .text.DMA1_Stream1_IRQHandler
                0x08005bac        0xc ../../libDaisy//build\libdaisy.a(sai.o)
                0x08005bac                DMA1_Stream1_IRQHandler
 .text.DMA1_Stream3_IRQHandler
                0x08005bb8        0xc ../../libDaisy//build\libdaisy.a(sai.o)
                0x08005bb8                DMA1_Stream3_IRQHandler
 .text.DMA1_Stream4_IRQHandler
                0x08005bc4        0xc ../../libDaisy//build\libdaisy.a(sai.o)
                0x08005bc4                DMA1_Stream4_IRQHandler
 .text.HAL_SAI_RxHalfCpltCallback
                0x08005bd0       0x78 ../../libDaisy//build\libdaisy.a(sai.o)
                0x08005bd0                HAL_SAI_RxHalfCpltCallback
 .text.HAL_SAI_RxCpltCallback
                0x08005c48       0x70 ../../libDaisy//build\libdaisy.a(sai.o)
                0x08005c48                HAL_SAI_RxCpltCallback
 .text._ZN5daisy9SaiHandle4InitERKNS0_6ConfigE
                0x08005cb8      0x1f0 ../../libDaisy//build\libdaisy.a(sai.o)
                0x08005cb8                daisy::SaiHandle::Init(daisy::SaiHandle::Config const&)
 .text._ZNK5daisy9SaiHandle9GetConfigEv
                0x08005ea8        0x4 ../../libDaisy//build\libdaisy.a(sai.o)
                0x08005ea8                daisy::SaiHandle::GetConfig() const
 .text._ZN5daisy9SaiHandle8StartDmaEPlS1_jPFvS1_S1_jE
                0x08005eac       0xbc ../../libDaisy//build\libdaisy.a(sai.o)
                0x08005eac                daisy::SaiHandle::StartDma(long*, long*, unsigned int, void (*)(long*, long*, unsigned int))
 .text._ZN5daisy9SaiHandle13GetSampleRateEv
                0x08005f68       0x24 ../../libDaisy//build\libdaisy.a(sai.o)
                0x08005f68                daisy::SaiHandle::GetSampleRate()
 .text._ZNK5daisy9SaiHandle9GetOffsetEv
                0x08005f8c        0x8 ../../libDaisy//build\libdaisy.a(sai.o)
                0x08005f8c                daisy::SaiHandle::GetOffset() const
 .text._ZN5daisy11TimerHandleD2Ev
                0x08005f94        0x4 ../../libDaisy//build\libdaisy.a(system.o)
                0x08005f94                daisy::TimerHandle::~TimerHandle()
                0x08005f94                daisy::TimerHandle::~TimerHandle()
 .text.SysTick_Handler
                0x08005f98       0x10 ../../libDaisy//build\libdaisy.a(system.o)
                0x08005f98                SysTick_Handler
 .text.OTG_HS_EP1_OUT_IRQHandler
                0x08005fa8       0x24 ../../libDaisy//build\libdaisy.a(system.o)
                0x08005fa8                OTG_HS_EP1_OUT_IRQHandler
 .text.OTG_HS_EP1_IN_IRQHandler
                0x08005fcc       0x24 ../../libDaisy//build\libdaisy.a(system.o)
                0x08005fcc                OTG_HS_EP1_IN_IRQHandler
 .text.OTG_HS_IRQHandler
                0x08005ff0       0x24 ../../libDaisy//build\libdaisy.a(system.o)
                0x08005ff0                OTG_HS_IRQHandler
 .text.HardFault_Handler
                0x08006014       0xe0 ../../libDaisy//build\libdaisy.a(system.o)
                0x08006014                HardFault_Handler
 .text._ZN5daisy6System5DelayEm
                0x080060f4        0x4 ../../libDaisy//build\libdaisy.a(system.o)
                0x080060f4                daisy::System::Delay(unsigned long)
 .text._ZN5daisy6System20GetBootloaderVersionEv
                0x080060f8       0x34 ../../libDaisy//build\libdaisy.a(system.o)
                0x080060f8                daisy::System::GetBootloaderVersion()
 .text._ZN5daisy6System15ConfigureClocksEv
                0x0800612c      0x194 ../../libDaisy//build\libdaisy.a(system.o)
                0x0800612c                daisy::System::ConfigureClocks()
 .text._ZN5daisy6System12ConfigureMpuEv
                0x080062c0       0x7c ../../libDaisy//build\libdaisy.a(system.o)
                0x080062c0                daisy::System::ConfigureMpu()
 .text._ZN5daisy6System4InitERKNS0_6ConfigE
                0x0800633c       0xec ../../libDaisy//build\libdaisy.a(system.o)
                0x0800633c                daisy::System::Init(daisy::System::Config const&)
 .text._ZN5daisy6System12GetPClk1FreqEv
                0x08006428        0x4 ../../libDaisy//build\libdaisy.a(system.o)
                0x08006428                daisy::System::GetPClk1Freq()
 .text._ZN5daisy6System22GetProgramMemoryRegionEv
                0x0800642c       0x78 ../../libDaisy//build\libdaisy.a(system.o)
                0x0800642c                daisy::System::GetProgramMemoryRegion()
 .text.startup._GLOBAL__sub_I__ZN5daisy9boot_infoE
                0x080064a4       0x1c ../../libDaisy//build\libdaisy.a(system.o)
 .text.SystemInit
                0x080064c0       0x9c ../../libDaisy//build\libdaisy.a(system_stm32h7xx.o)
                0x080064c0                SystemInit
 .text.HAL_PCD_MspInit
                0x0800655c      0x144 ../../libDaisy//build\libdaisy.a(usbd_conf.o)
                0x0800655c                HAL_PCD_MspInit
 .text.HAL_PCD_SetupStageCallback
                0x080066a0        0xc ../../libDaisy//build\libdaisy.a(usbd_conf.o)
                0x080066a0                HAL_PCD_SetupStageCallback
 .text.HAL_PCD_DataOutStageCallback
                0x080066ac       0x14 ../../libDaisy//build\libdaisy.a(usbd_conf.o)
                0x080066ac                HAL_PCD_DataOutStageCallback
 .text.HAL_PCD_DataInStageCallback
                0x080066c0       0x14 ../../libDaisy//build\libdaisy.a(usbd_conf.o)
                0x080066c0                HAL_PCD_DataInStageCallback
 .text.HAL_PCD_SOFCallback
                0x080066d4        0x8 ../../libDaisy//build\libdaisy.a(usbd_conf.o)
                0x080066d4                HAL_PCD_SOFCallback
 .text.HAL_PCD_ResetCallback
                0x080066dc       0x24 ../../libDaisy//build\libdaisy.a(usbd_conf.o)
                0x080066dc                HAL_PCD_ResetCallback
 .text.HAL_PCD_SuspendCallback
                0x08006700       0x30 ../../libDaisy//build\libdaisy.a(usbd_conf.o)
                0x08006700                HAL_PCD_SuspendCallback
 .text.HAL_PCD_ResumeCallback
                0x08006730        0x8 ../../libDaisy//build\libdaisy.a(usbd_conf.o)
                0x08006730                HAL_PCD_ResumeCallback
 .text.HAL_PCD_ISOOUTIncompleteCallback
                0x08006738        0x8 ../../libDaisy//build\libdaisy.a(usbd_conf.o)
                0x08006738                HAL_PCD_ISOOUTIncompleteCallback
 .text.HAL_PCD_ISOINIncompleteCallback
                0x08006740        0x8 ../../libDaisy//build\libdaisy.a(usbd_conf.o)
                0x08006740                HAL_PCD_ISOINIncompleteCallback
 .text.HAL_PCD_ConnectCallback
                0x08006748        0x8 ../../libDaisy//build\libdaisy.a(usbd_conf.o)
                0x08006748                HAL_PCD_ConnectCallback
 .text.HAL_PCD_DisconnectCallback
                0x08006750        0x8 ../../libDaisy//build\libdaisy.a(usbd_conf.o)
                0x08006750                HAL_PCD_DisconnectCallback
 .text.USBD_LL_Init
                0x08006758       0xe4 ../../libDaisy//build\libdaisy.a(usbd_conf.o)
                0x08006758                USBD_LL_Init
 .text.USBD_LL_Start
                0x0800683c       0x1c ../../libDaisy//build\libdaisy.a(usbd_conf.o)
                0x0800683c                USBD_LL_Start
 .text.USBD_LL_OpenEP
                0x08006858       0x24 ../../libDaisy//build\libdaisy.a(usbd_conf.o)
                0x08006858                USBD_LL_OpenEP
 .text.USBD_LL_CloseEP
                0x0800687c       0x1c ../../libDaisy//build\libdaisy.a(usbd_conf.o)
                0x0800687c                USBD_LL_CloseEP
 .text.USBD_LL_StallEP
                0x08006898       0x1c ../../libDaisy//build\libdaisy.a(usbd_conf.o)
                0x08006898                USBD_LL_StallEP
 .text.USBD_LL_ClearStallEP
                0x080068b4       0x1c ../../libDaisy//build\libdaisy.a(usbd_conf.o)
                0x080068b4                USBD_LL_ClearStallEP
 .text.USBD_LL_IsStallEP
                0x080068d0       0x28 ../../libDaisy//build\libdaisy.a(usbd_conf.o)
                0x080068d0                USBD_LL_IsStallEP
 .text.USBD_LL_SetUSBAddress
                0x080068f8       0x1c ../../libDaisy//build\libdaisy.a(usbd_conf.o)
                0x080068f8                USBD_LL_SetUSBAddress
 .text.USBD_LL_Transmit
                0x08006914       0x1c ../../libDaisy//build\libdaisy.a(usbd_conf.o)
                0x08006914                USBD_LL_Transmit
 .text.USBD_LL_PrepareReceive
                0x08006930       0x1c ../../libDaisy//build\libdaisy.a(usbd_conf.o)
                0x08006930                USBD_LL_PrepareReceive
 .text.USBD_LL_GetRxDataSize
                0x0800694c        0x8 ../../libDaisy//build\libdaisy.a(usbd_conf.o)
                0x0800694c                USBD_LL_GetRxDataSize
 .text.HAL_HCD_SOF_Callback
                0x08006954        0x8 ../../libDaisy//build\libdaisy.a(usbh_conf.o)
                0x08006954                HAL_HCD_SOF_Callback
 .text.HAL_HCD_Connect_Callback
                0x0800695c        0x8 ../../libDaisy//build\libdaisy.a(usbh_conf.o)
                0x0800695c                HAL_HCD_Connect_Callback
 .text.HAL_HCD_Disconnect_Callback
                0x08006964        0x8 ../../libDaisy//build\libdaisy.a(usbh_conf.o)
                0x08006964                HAL_HCD_Disconnect_Callback
 .text.HAL_HCD_HC_NotifyURBChange_Callback
                0x0800696c        0x4 ../../libDaisy//build\libdaisy.a(usbh_conf.o)
                0x0800696c                HAL_HCD_HC_NotifyURBChange_Callback
 .text.HAL_HCD_PortEnabled_Callback
                0x08006970        0x8 ../../libDaisy//build\libdaisy.a(usbh_conf.o)
                0x08006970                HAL_HCD_PortEnabled_Callback
 .text.HAL_HCD_PortDisabled_Callback
                0x08006978        0x8 ../../libDaisy//build\libdaisy.a(usbh_conf.o)
                0x08006978                HAL_HCD_PortDisabled_Callback
 .text.USBH_LL_Stop
                0x08006980       0x1c ../../libDaisy//build\libdaisy.a(usbh_conf.o)
                0x08006980                USBH_LL_Stop
 .text.dsy_hal_map_get_port
                0x0800699c       0x10 ../../libDaisy//build\libdaisy.a(hal_map.o)
                0x0800699c                dsy_hal_map_get_port
 .text.dsy_hal_map_get_pin
                0x080069ac       0x10 ../../libDaisy//build\libdaisy.a(hal_map.o)
                0x080069ac                dsy_hal_map_get_pin
 .text.dsy_hal_map_gpio_clk_enable
                0x080069bc      0x150 ../../libDaisy//build\libdaisy.a(hal_map.o)
                0x080069bc                dsy_hal_map_gpio_clk_enable
 .text.HAL_MspInit
                0x08006b0c        0x4 ../../libDaisy//build\libdaisy.a(stm32h7xx_hal.o)
                0x08006b0c                HAL_MspInit
 .text.HAL_InitTick
                0x08006b10       0x4c ../../libDaisy//build\libdaisy.a(stm32h7xx_hal.o)
                0x08006b10                HAL_InitTick
 .text.HAL_Init
                0x08006b5c       0x60 ../../libDaisy//build\libdaisy.a(stm32h7xx_hal.o)
                0x08006b5c                HAL_Init
 .text.HAL_IncTick
                0x08006bbc       0x18 ../../libDaisy//build\libdaisy.a(stm32h7xx_hal.o)
                0x08006bbc                HAL_IncTick
 .text.HAL_GetTick
                0x08006bd4        0xc ../../libDaisy//build\libdaisy.a(stm32h7xx_hal.o)
                0x08006bd4                HAL_GetTick
 .text.HAL_Delay
                0x08006be0       0x24 ../../libDaisy//build\libdaisy.a(stm32h7xx_hal.o)
                0x08006be0                HAL_Delay
 .text.HAL_GetREVID
                0x08006c04        0xc ../../libDaisy//build\libdaisy.a(stm32h7xx_hal.o)
                0x08006c04                HAL_GetREVID
 .text.HAL_ADC_ConvHalfCpltCallback
                0x08006c10        0x4 ../../libDaisy//build\libdaisy.a(stm32h7xx_hal_adc.o)
                0x08006c10                HAL_ADC_ConvHalfCpltCallback
 .text.ADC_DMAHalfConvCplt
                0x08006c14        0xc ../../libDaisy//build\libdaisy.a(stm32h7xx_hal_adc.o)
                0x08006c14                ADC_DMAHalfConvCplt
 .text.ADC_DMAConvCplt
                0x08006c20       0x6c ../../libDaisy//build\libdaisy.a(stm32h7xx_hal_adc.o)
                0x08006c20                ADC_DMAConvCplt
 .text.ADC_DMAError
                0x08006c8c       0x1c ../../libDaisy//build\libdaisy.a(stm32h7xx_hal_adc.o)
                0x08006c8c                ADC_DMAError
 .text.HAL_ADC_ConfigChannel
                0x08006ca8      0x3fc ../../libDaisy//build\libdaisy.a(stm32h7xx_hal_adc.o)
                0x08006ca8                HAL_ADC_ConfigChannel
 .text.ADC_Enable
                0x080070a4       0xac ../../libDaisy//build\libdaisy.a(stm32h7xx_hal_adc.o)
                0x080070a4                ADC_Enable
 .text.HAL_ADC_Start_DMA
                0x08007150      0x114 ../../libDaisy//build\libdaisy.a(stm32h7xx_hal_adc.o)
                0x08007150                HAL_ADC_Start_DMA
 .text.ADC_Disable
                0x08007264       0x68 ../../libDaisy//build\libdaisy.a(stm32h7xx_hal_adc.o)
                0x08007264                ADC_Disable
 .text.ADC_ConfigureBoostMode
                0x080072cc      0x184 ../../libDaisy//build\libdaisy.a(stm32h7xx_hal_adc.o)
                0x080072cc                ADC_ConfigureBoostMode
 .text.HAL_ADC_Init
                0x08007450      0x218 ../../libDaisy//build\libdaisy.a(stm32h7xx_hal_adc.o)
                0x08007450                HAL_ADC_Init
 .text.HAL_ADCEx_Calibration_Start
                0x08007668       0xa4 ../../libDaisy//build\libdaisy.a(stm32h7xx_hal_adc_ex.o)
                0x08007668                HAL_ADCEx_Calibration_Start
 .text.HAL_ADCEx_MultiModeConfigChannel
                0x0800770c       0xc4 ../../libDaisy//build\libdaisy.a(stm32h7xx_hal_adc_ex.o)
                0x0800770c                HAL_ADCEx_MultiModeConfigChannel
 .text.HAL_NVIC_SetPriorityGrouping
                0x080077d0       0x24 ../../libDaisy//build\libdaisy.a(stm32h7xx_hal_cortex.o)
                0x080077d0                HAL_NVIC_SetPriorityGrouping
 .text.HAL_NVIC_SetPriority
                0x080077f4       0x7c ../../libDaisy//build\libdaisy.a(stm32h7xx_hal_cortex.o)
                0x080077f4                HAL_NVIC_SetPriority
 .text.HAL_NVIC_EnableIRQ
                0x08007870       0x1c ../../libDaisy//build\libdaisy.a(stm32h7xx_hal_cortex.o)
                0x08007870                HAL_NVIC_EnableIRQ
 .text.HAL_NVIC_DisableIRQ
                0x0800788c       0x28 ../../libDaisy//build\libdaisy.a(stm32h7xx_hal_cortex.o)
                0x0800788c                HAL_NVIC_DisableIRQ
 .text.HAL_SYSTICK_Config
                0x080078b4       0x2c ../../libDaisy//build\libdaisy.a(stm32h7xx_hal_cortex.o)
                0x080078b4                HAL_SYSTICK_Config
 .text.HAL_MPU_Disable
                0x080078e0       0x1c ../../libDaisy//build\libdaisy.a(stm32h7xx_hal_cortex.o)
                0x080078e0                HAL_MPU_Disable
 .text.HAL_MPU_Enable
                0x080078fc       0x20 ../../libDaisy//build\libdaisy.a(stm32h7xx_hal_cortex.o)
                0x080078fc                HAL_MPU_Enable
 .text.HAL_MPU_ConfigRegion
                0x0800791c       0x64 ../../libDaisy//build\libdaisy.a(stm32h7xx_hal_cortex.o)
                0x0800791c                HAL_MPU_ConfigRegion
 .text.HAL_SYSTICK_Callback
                0x08007980        0x4 ../../libDaisy//build\libdaisy.a(stm32h7xx_hal_cortex.o)
                0x08007980                HAL_SYSTICK_Callback
 .text.HAL_SYSTICK_IRQHandler
                0x08007984        0x8 ../../libDaisy//build\libdaisy.a(stm32h7xx_hal_cortex.o)
                0x08007984                HAL_SYSTICK_IRQHandler
 .text.DMA_CalcBaseAndBitshift
                0x0800798c       0xf4 ../../libDaisy//build\libdaisy.a(stm32h7xx_hal_dma.o)
 .text.DMA_CalcDMAMUXChannelBaseAndMask
                0x08007a80       0xd8 ../../libDaisy//build\libdaisy.a(stm32h7xx_hal_dma.o)
 .text.HAL_DMA_Init
                0x08007b58      0x37c ../../libDaisy//build\libdaisy.a(stm32h7xx_hal_dma.o)
                0x08007b58                HAL_DMA_Init
 .text.HAL_DMA_Start_IT
                0x08007ed4      0x240 ../../libDaisy//build\libdaisy.a(stm32h7xx_hal_dma.o)
                0x08007ed4                HAL_DMA_Start_IT
 .text.HAL_DMA_Abort_IT
                0x08008114      0x134 ../../libDaisy//build\libdaisy.a(stm32h7xx_hal_dma.o)
                0x08008114                HAL_DMA_Abort_IT
 .text.HAL_DMA_IRQHandler
                0x08008248      0x6a0 ../../libDaisy//build\libdaisy.a(stm32h7xx_hal_dma.o)
                0x08008248                HAL_DMA_IRQHandler
 .text.HAL_DMA_GetError
                0x080088e8        0x4 ../../libDaisy//build\libdaisy.a(stm32h7xx_hal_dma.o)
                0x080088e8                HAL_DMA_GetError
 .text.HAL_GPIO_Init
                0x080088ec      0x280 ../../libDaisy//build\libdaisy.a(stm32h7xx_hal_gpio.o)
                0x080088ec                HAL_GPIO_Init
 .text.HAL_GPIO_DeInit
                0x08008b6c      0x190 ../../libDaisy//build\libdaisy.a(stm32h7xx_hal_gpio.o)
                0x08008b6c                HAL_GPIO_DeInit
 .text.HAL_GPIO_ReadPin
                0x08008cfc        0xc ../../libDaisy//build\libdaisy.a(stm32h7xx_hal_gpio.o)
                0x08008cfc                HAL_GPIO_ReadPin
 .text.HAL_GPIO_WritePin
                0x08008d08        0x8 ../../libDaisy//build\libdaisy.a(stm32h7xx_hal_gpio.o)
                0x08008d08                HAL_GPIO_WritePin
 .text.HAL_HCD_IRQHandler
                0x08008d10      0x780 ../../libDaisy//build\libdaisy.a(stm32h7xx_hal_hcd.o)
                0x08008d10                HAL_HCD_IRQHandler
 .text.HAL_HCD_Stop
                0x08009490       0x28 ../../libDaisy//build\libdaisy.a(stm32h7xx_hal_hcd.o)
                0x08009490                HAL_HCD_Stop
 .text.I2C_WaitOnTXISFlagUntilTimeout
                0x080094b8       0xb8 ../../libDaisy//build\libdaisy.a(stm32h7xx_hal_i2c.o)
 .text.I2C_WaitOnSTOPFlagUntilTimeout
                0x08009570       0xac ../../libDaisy//build\libdaisy.a(stm32h7xx_hal_i2c.o)
 .text.HAL_I2C_Init
                0x0800961c       0xac ../../libDaisy//build\libdaisy.a(stm32h7xx_hal_i2c.o)
                0x0800961c                HAL_I2C_Init
 .text.HAL_I2C_Master_Transmit
                0x080096c8      0x1a8 ../../libDaisy//build\libdaisy.a(stm32h7xx_hal_i2c.o)
                0x080096c8                HAL_I2C_Master_Transmit
 .text.HAL_I2C_Slave_Transmit
                0x08009870      0x1c8 ../../libDaisy//build\libdaisy.a(stm32h7xx_hal_i2c.o)
                0x08009870                HAL_I2C_Slave_Transmit
 .text.HAL_I2C_EV_IRQHandler
                0x08009a38       0x10 ../../libDaisy//build\libdaisy.a(stm32h7xx_hal_i2c.o)
                0x08009a38                HAL_I2C_EV_IRQHandler
 .text.HAL_I2C_GetState
                0x08009a48        0x8 ../../libDaisy//build\libdaisy.a(stm32h7xx_hal_i2c.o)
                0x08009a48                HAL_I2C_GetState
 .text.HAL_I2CEx_ConfigAnalogFilter
                0x08009a50       0x54 ../../libDaisy//build\libdaisy.a(stm32h7xx_hal_i2c_ex.o)
                0x08009a50                HAL_I2CEx_ConfigAnalogFilter
 .text.HAL_I2CEx_ConfigDigitalFilter
                0x08009aa4       0x58 ../../libDaisy//build\libdaisy.a(stm32h7xx_hal_i2c_ex.o)
                0x08009aa4                HAL_I2CEx_ConfigDigitalFilter
 .text.HAL_PCD_Init
                0x08009afc      0x12c ../../libDaisy//build\libdaisy.a(stm32h7xx_hal_pcd.o)
                0x08009afc                HAL_PCD_Init
 .text.HAL_PCD_Start
                0x08009c28       0x44 ../../libDaisy//build\libdaisy.a(stm32h7xx_hal_pcd.o)
                0x08009c28                HAL_PCD_Start
 .text.HAL_PCD_IRQHandler
                0x08009c6c      0x69c ../../libDaisy//build\libdaisy.a(stm32h7xx_hal_pcd.o)
                0x08009c6c                HAL_PCD_IRQHandler
 .text.HAL_PCD_SetAddress
                0x0800a308       0x2c ../../libDaisy//build\libdaisy.a(stm32h7xx_hal_pcd.o)
                0x0800a308                HAL_PCD_SetAddress
 .text.HAL_PCD_EP_Open
                0x0800a334       0x7c ../../libDaisy//build\libdaisy.a(stm32h7xx_hal_pcd.o)
                0x0800a334                HAL_PCD_EP_Open
 .text.HAL_PCD_EP_Close
                0x0800a3b0       0x6c ../../libDaisy//build\libdaisy.a(stm32h7xx_hal_pcd.o)
                0x0800a3b0                HAL_PCD_EP_Close
 .text.HAL_PCD_EP_Receive
                0x0800a41c       0x50 ../../libDaisy//build\libdaisy.a(stm32h7xx_hal_pcd.o)
                0x0800a41c                HAL_PCD_EP_Receive
 .text.HAL_PCD_EP_GetRxCount
                0x0800a46c       0x14 ../../libDaisy//build\libdaisy.a(stm32h7xx_hal_pcd.o)
                0x0800a46c                HAL_PCD_EP_GetRxCount
 .text.HAL_PCD_EP_Transmit
                0x0800a480       0x50 ../../libDaisy//build\libdaisy.a(stm32h7xx_hal_pcd.o)
                0x0800a480                HAL_PCD_EP_Transmit
 .text.HAL_PCD_EP_SetStall
                0x0800a4d0       0x88 ../../libDaisy//build\libdaisy.a(stm32h7xx_hal_pcd.o)
                0x0800a4d0                HAL_PCD_EP_SetStall
 .text.HAL_PCD_EP_ClrStall
                0x0800a558       0x78 ../../libDaisy//build\libdaisy.a(stm32h7xx_hal_pcd.o)
                0x0800a558                HAL_PCD_EP_ClrStall
 .text.HAL_PCDEx_SetTxFiFo
                0x0800a5d0       0x54 ../../libDaisy//build\libdaisy.a(stm32h7xx_hal_pcd_ex.o)
                0x0800a5d0                HAL_PCDEx_SetTxFiFo
 .text.HAL_PCDEx_SetRxFiFo
                0x0800a624        0xc ../../libDaisy//build\libdaisy.a(stm32h7xx_hal_pcd_ex.o)
                0x0800a624                HAL_PCDEx_SetRxFiFo
 .text.HAL_PCDEx_ActivateLPM
                0x0800a630       0x30 ../../libDaisy//build\libdaisy.a(stm32h7xx_hal_pcd_ex.o)
                0x0800a630                HAL_PCDEx_ActivateLPM
 .text.HAL_PCDEx_LPM_Callback
                0x0800a660        0x4 ../../libDaisy//build\libdaisy.a(stm32h7xx_hal_pcd_ex.o)
                0x0800a660                HAL_PCDEx_LPM_Callback
 .text.HAL_PWREx_ConfigSupply
                0x0800a664       0x4c ../../libDaisy//build\libdaisy.a(stm32h7xx_hal_pwr_ex.o)
                0x0800a664                HAL_PWREx_ConfigSupply
 .text.HAL_PWREx_EnableUSBVoltageDetector
                0x0800a6b0       0x10 ../../libDaisy//build\libdaisy.a(stm32h7xx_hal_pwr_ex.o)
                0x0800a6b0                HAL_PWREx_EnableUSBVoltageDetector
 .text.QSPI_Config
                0x0800a6c0      0x174 ../../libDaisy//build\libdaisy.a(stm32h7xx_hal_qspi.o)
 .text.HAL_QSPI_Init
                0x0800a834       0xd8 ../../libDaisy//build\libdaisy.a(stm32h7xx_hal_qspi.o)
                0x0800a834                HAL_QSPI_Init
 .text.HAL_QSPI_DeInit
                0x0800a90c       0x3c ../../libDaisy//build\libdaisy.a(stm32h7xx_hal_qspi.o)
                0x0800a90c                HAL_QSPI_DeInit
 .text.HAL_QSPI_Command
                0x0800a948       0xd4 ../../libDaisy//build\libdaisy.a(stm32h7xx_hal_qspi.o)
                0x0800a948                HAL_QSPI_Command
 .text.HAL_QSPI_Transmit
                0x0800aa1c       0xfc ../../libDaisy//build\libdaisy.a(stm32h7xx_hal_qspi.o)
                0x0800aa1c                HAL_QSPI_Transmit
 .text.HAL_QSPI_Receive
                0x0800ab18      0x108 ../../libDaisy//build\libdaisy.a(stm32h7xx_hal_qspi.o)
                0x0800ab18                HAL_QSPI_Receive
 .text.HAL_QSPI_AutoPolling
                0x0800ac20       0xf0 ../../libDaisy//build\libdaisy.a(stm32h7xx_hal_qspi.o)
                0x0800ac20                HAL_QSPI_AutoPolling
 .text.HAL_QSPI_MemoryMapped
                0x0800ad10       0xc0 ../../libDaisy//build\libdaisy.a(stm32h7xx_hal_qspi.o)
                0x0800ad10                HAL_QSPI_MemoryMapped
 .text.HAL_QSPI_ErrorCallback
                0x0800add0        0x4 ../../libDaisy//build\libdaisy.a(stm32h7xx_hal_qspi.o)
                0x0800add0                HAL_QSPI_ErrorCallback
 .text.QSPI_DMAAbortCplt
                0x0800add4       0x38 ../../libDaisy//build\libdaisy.a(stm32h7xx_hal_qspi.o)
 .text.HAL_QSPI_AbortCpltCallback
                0x0800ae0c        0x4 ../../libDaisy//build\libdaisy.a(stm32h7xx_hal_qspi.o)
                0x0800ae0c                HAL_QSPI_AbortCpltCallback
 .text.HAL_QSPI_CmdCpltCallback
                0x0800ae10        0x4 ../../libDaisy//build\libdaisy.a(stm32h7xx_hal_qspi.o)
                0x0800ae10                HAL_QSPI_CmdCpltCallback
 .text.HAL_QSPI_RxCpltCallback
                0x0800ae14        0x4 ../../libDaisy//build\libdaisy.a(stm32h7xx_hal_qspi.o)
                0x0800ae14                HAL_QSPI_RxCpltCallback
 .text.HAL_QSPI_TxCpltCallback
                0x0800ae18        0x4 ../../libDaisy//build\libdaisy.a(stm32h7xx_hal_qspi.o)
                0x0800ae18                HAL_QSPI_TxCpltCallback
 .text.HAL_QSPI_FifoThresholdCallback
                0x0800ae1c        0x4 ../../libDaisy//build\libdaisy.a(stm32h7xx_hal_qspi.o)
                0x0800ae1c                HAL_QSPI_FifoThresholdCallback
 .text.HAL_QSPI_StatusMatchCallback
                0x0800ae20        0x4 ../../libDaisy//build\libdaisy.a(stm32h7xx_hal_qspi.o)
                0x0800ae20                HAL_QSPI_StatusMatchCallback
 .text.HAL_QSPI_TimeOutCallback
                0x0800ae24        0x4 ../../libDaisy//build\libdaisy.a(stm32h7xx_hal_qspi.o)
                0x0800ae24                HAL_QSPI_TimeOutCallback
 .text.HAL_QSPI_IRQHandler
                0x0800ae28      0x210 ../../libDaisy//build\libdaisy.a(stm32h7xx_hal_qspi.o)
                0x0800ae28                HAL_QSPI_IRQHandler
 .text.HAL_RCC_OscConfig
                0x0800b038      0x51c ../../libDaisy//build\libdaisy.a(stm32h7xx_hal_rcc.o)
                0x0800b038                HAL_RCC_OscConfig
 .text.HAL_RCC_GetSysClockFreq
                0x0800b554      0x140 ../../libDaisy//build\libdaisy.a(stm32h7xx_hal_rcc.o)
                0x0800b554                HAL_RCC_GetSysClockFreq
 .text.HAL_RCC_ClockConfig
                0x0800b694      0x234 ../../libDaisy//build\libdaisy.a(stm32h7xx_hal_rcc.o)
                0x0800b694                HAL_RCC_ClockConfig
 .text.HAL_RCC_GetHCLKFreq
                0x0800b8c8       0x2c ../../libDaisy//build\libdaisy.a(stm32h7xx_hal_rcc.o)
                0x0800b8c8                HAL_RCC_GetHCLKFreq
 .text.HAL_RCC_GetPCLK1Freq
                0x0800b8f4       0x38 ../../libDaisy//build\libdaisy.a(stm32h7xx_hal_rcc.o)
                0x0800b8f4                HAL_RCC_GetPCLK1Freq
 .text.HAL_RCC_GetPCLK2Freq
                0x0800b92c       0x38 ../../libDaisy//build\libdaisy.a(stm32h7xx_hal_rcc.o)
                0x0800b92c                HAL_RCC_GetPCLK2Freq
 .text.RCCEx_PLL2_Config
                0x0800b964       0xf4 ../../libDaisy//build\libdaisy.a(stm32h7xx_hal_rcc_ex.o)
 .text.RCCEx_PLL3_Config
                0x0800ba58       0xf4 ../../libDaisy//build\libdaisy.a(stm32h7xx_hal_rcc_ex.o)
 .text.HAL_RCCEx_PeriphCLKConfig
                0x0800bb4c      0xa7c ../../libDaisy//build\libdaisy.a(stm32h7xx_hal_rcc_ex.o)
                0x0800bb4c                HAL_RCCEx_PeriphCLKConfig
 .text.HAL_RCCEx_GetD3PCLK1Freq
                0x0800c5c8       0x24 ../../libDaisy//build\libdaisy.a(stm32h7xx_hal_rcc_ex.o)
                0x0800c5c8                HAL_RCCEx_GetD3PCLK1Freq
 .text.HAL_RCCEx_GetPLL2ClockFreq
                0x0800c5ec      0x17c ../../libDaisy//build\libdaisy.a(stm32h7xx_hal_rcc_ex.o)
                0x0800c5ec                HAL_RCCEx_GetPLL2ClockFreq
 .text.HAL_RCCEx_GetPLL3ClockFreq
                0x0800c768      0x17c ../../libDaisy//build\libdaisy.a(stm32h7xx_hal_rcc_ex.o)
                0x0800c768                HAL_RCCEx_GetPLL3ClockFreq
 .text.HAL_RCCEx_GetPLL1ClockFreq
                0x0800c8e4      0x17c ../../libDaisy//build\libdaisy.a(stm32h7xx_hal_rcc_ex.o)
                0x0800c8e4                HAL_RCCEx_GetPLL1ClockFreq
 .text.HAL_RCCEx_GetPeriphCLKFreq
                0x0800ca60      0x198 ../../libDaisy//build\libdaisy.a(stm32h7xx_hal_rcc_ex.o)
                0x0800ca60                HAL_RCCEx_GetPeriphCLKFreq
 .text.HAL_RCCEx_GetD1SysClockFreq
                0x0800cbf8       0x2c ../../libDaisy//build\libdaisy.a(stm32h7xx_hal_rcc_ex.o)
                0x0800cbf8                HAL_RCCEx_GetD1SysClockFreq
 .text.HAL_SAI_Init.part.0
                0x0800cc24      0x348 ../../libDaisy//build\libdaisy.a(stm32h7xx_hal_sai.o)
 .text.HAL_SAI_InitProtocol
                0x0800cf6c      0x178 ../../libDaisy//build\libdaisy.a(stm32h7xx_hal_sai.o)
                0x0800cf6c                HAL_SAI_InitProtocol
 .text.HAL_SAI_Transmit_DMA
                0x0800d0e4      0x124 ../../libDaisy//build\libdaisy.a(stm32h7xx_hal_sai.o)
                0x0800d0e4                HAL_SAI_Transmit_DMA
 .text.HAL_SAI_Receive_DMA
                0x0800d208       0xd0 ../../libDaisy//build\libdaisy.a(stm32h7xx_hal_sai.o)
                0x0800d208                HAL_SAI_Receive_DMA
 .text.HAL_SAI_TxCpltCallback
                0x0800d2d8        0x4 ../../libDaisy//build\libdaisy.a(stm32h7xx_hal_sai.o)
                0x0800d2d8                HAL_SAI_TxCpltCallback
 .text.SAI_DMATxCplt
                0x0800d2dc       0x64 ../../libDaisy//build\libdaisy.a(stm32h7xx_hal_sai.o)
 .text.HAL_SAI_TxHalfCpltCallback
                0x0800d340        0x4 ../../libDaisy//build\libdaisy.a(stm32h7xx_hal_sai.o)
                0x0800d340                HAL_SAI_TxHalfCpltCallback
 .text.SAI_DMATxHalfCplt
                0x0800d344        0xc ../../libDaisy//build\libdaisy.a(stm32h7xx_hal_sai.o)
 .text.SAI_DMARxCplt
                0x0800d350       0x64 ../../libDaisy//build\libdaisy.a(stm32h7xx_hal_sai.o)
 .text.SAI_DMARxHalfCplt
                0x0800d3b4        0xc ../../libDaisy//build\libdaisy.a(stm32h7xx_hal_sai.o)
 .text.HAL_SAI_ErrorCallback
                0x0800d3c0        0x4 ../../libDaisy//build\libdaisy.a(stm32h7xx_hal_sai.o)
                0x0800d3c0                HAL_SAI_ErrorCallback
 .text.SAI_DMAError
                0x0800d3c4       0x6c ../../libDaisy//build\libdaisy.a(stm32h7xx_hal_sai.o)
 .text.HAL_SDRAM_Init
                0x0800d430       0x54 ../../libDaisy//build\libdaisy.a(stm32h7xx_hal_sdram.o)
                0x0800d430                HAL_SDRAM_Init
 .text.HAL_SDRAM_SendCommand
                0x0800d484       0x40 ../../libDaisy//build\libdaisy.a(stm32h7xx_hal_sdram.o)
                0x0800d484                HAL_SDRAM_SendCommand
 .text.HAL_SDRAM_ProgramRefreshRate
                0x0800d4c4       0x30 ../../libDaisy//build\libdaisy.a(stm32h7xx_hal_sdram.o)
                0x0800d4c4                HAL_SDRAM_ProgramRefreshRate
 .text.FMC_SDRAM_Init
                0x0800d4f4       0x7c ../../libDaisy//build\libdaisy.a(stm32h7xx_ll_fmc.o)
                0x0800d4f4                FMC_SDRAM_Init
 .text.FMC_SDRAM_Timing_Init
                0x0800d570       0x98 ../../libDaisy//build\libdaisy.a(stm32h7xx_ll_fmc.o)
                0x0800d570                FMC_SDRAM_Timing_Init
 .text.FMC_SDRAM_SendCommand
                0x0800d608       0x28 ../../libDaisy//build\libdaisy.a(stm32h7xx_ll_fmc.o)
                0x0800d608                FMC_SDRAM_SendCommand
 .text.FMC_SDRAM_ProgramRefreshRate
                0x0800d630       0x1c ../../libDaisy//build\libdaisy.a(stm32h7xx_ll_fmc.o)
                0x0800d630                FMC_SDRAM_ProgramRefreshRate
 .text.USB_CoreInit
                0x0800d64c      0x124 ../../libDaisy//build\libdaisy.a(stm32h7xx_ll_usb.o)
                0x0800d64c                USB_CoreInit
 .text.USB_SetTurnaroundTime
                0x0800d770      0x104 ../../libDaisy//build\libdaisy.a(stm32h7xx_ll_usb.o)
                0x0800d770                USB_SetTurnaroundTime
 .text.USB_EnableGlobalInt
                0x0800d874       0x10 ../../libDaisy//build\libdaisy.a(stm32h7xx_ll_usb.o)
                0x0800d874                USB_EnableGlobalInt
 .text.USB_DisableGlobalInt
                0x0800d884       0x10 ../../libDaisy//build\libdaisy.a(stm32h7xx_ll_usb.o)
                0x0800d884                USB_DisableGlobalInt
 .text.USB_SetCurrentMode
                0x0800d894       0x30 ../../libDaisy//build\libdaisy.a(stm32h7xx_ll_usb.o)
                0x0800d894                USB_SetCurrentMode
 .text.USB_DevInit
                0x0800d8c4      0x20c ../../libDaisy//build\libdaisy.a(stm32h7xx_ll_usb.o)
                0x0800d8c4                USB_DevInit
 .text.USB_FlushTxFifo
                0x0800dad0       0x34 ../../libDaisy//build\libdaisy.a(stm32h7xx_ll_usb.o)
                0x0800dad0                USB_FlushTxFifo
 .text.USB_GetDevSpeed
                0x0800db04       0x24 ../../libDaisy//build\libdaisy.a(stm32h7xx_ll_usb.o)
                0x0800db04                USB_GetDevSpeed
 .text.USB_ActivateEndpoint
                0x0800db28       0x90 ../../libDaisy//build\libdaisy.a(stm32h7xx_ll_usb.o)
                0x0800db28                USB_ActivateEndpoint
 .text.USB_DeactivateEndpoint
                0x0800dbb8       0x84 ../../libDaisy//build\libdaisy.a(stm32h7xx_ll_usb.o)
                0x0800dbb8                USB_DeactivateEndpoint
 .text.USB_EPStartXfer
                0x0800dc3c      0x230 ../../libDaisy//build\libdaisy.a(stm32h7xx_ll_usb.o)
                0x0800dc3c                USB_EPStartXfer
 .text.USB_EP0StartXfer
                0x0800de6c      0x174 ../../libDaisy//build\libdaisy.a(stm32h7xx_ll_usb.o)
                0x0800de6c                USB_EP0StartXfer
 .text.USB_WritePacket
                0x0800dfe0       0x2c ../../libDaisy//build\libdaisy.a(stm32h7xx_ll_usb.o)
                0x0800dfe0                USB_WritePacket
 .text.USB_ReadPacket
                0x0800e00c       0x20 ../../libDaisy//build\libdaisy.a(stm32h7xx_ll_usb.o)
                0x0800e00c                USB_ReadPacket
 .text.USB_EPSetStall
                0x0800e02c       0x68 ../../libDaisy//build\libdaisy.a(stm32h7xx_ll_usb.o)
                0x0800e02c                USB_EPSetStall
 .text.USB_EPClearStall
                0x0800e094       0x58 ../../libDaisy//build\libdaisy.a(stm32h7xx_ll_usb.o)
                0x0800e094                USB_EPClearStall
 .text.USB_SetDevAddress
                0x0800e0ec       0x24 ../../libDaisy//build\libdaisy.a(stm32h7xx_ll_usb.o)
                0x0800e0ec                USB_SetDevAddress
 .text.USB_DevConnect
                0x0800e110       0x1c ../../libDaisy//build\libdaisy.a(stm32h7xx_ll_usb.o)
                0x0800e110                USB_DevConnect
 .text.USB_DevDisconnect
                0x0800e12c       0x1c ../../libDaisy//build\libdaisy.a(stm32h7xx_ll_usb.o)
                0x0800e12c                USB_DevDisconnect
 .text.USB_ReadInterrupts
                0x0800e148       0x14 ../../libDaisy//build\libdaisy.a(stm32h7xx_ll_usb.o)
                0x0800e148                USB_ReadInterrupts
 .text.USB_ReadDevAllOutEpInterrupt
                0x0800e15c       0x1c ../../libDaisy//build\libdaisy.a(stm32h7xx_ll_usb.o)
                0x0800e15c                USB_ReadDevAllOutEpInterrupt
 .text.USB_ReadDevAllInEpInterrupt
                0x0800e178       0x1c ../../libDaisy//build\libdaisy.a(stm32h7xx_ll_usb.o)
                0x0800e178                USB_ReadDevAllInEpInterrupt
 .text.USB_ReadDevOutEPInterrupt
                0x0800e194       0x1c ../../libDaisy//build\libdaisy.a(stm32h7xx_ll_usb.o)
                0x0800e194                USB_ReadDevOutEPInterrupt
 .text.USB_ReadDevInEPInterrupt
                0x0800e1b0       0x38 ../../libDaisy//build\libdaisy.a(stm32h7xx_ll_usb.o)
                0x0800e1b0                USB_ReadDevInEPInterrupt
 .text.USB_GetMode
                0x0800e1e8        0x8 ../../libDaisy//build\libdaisy.a(stm32h7xx_ll_usb.o)
                0x0800e1e8                USB_GetMode
 .text.USB_ActivateSetup
                0x0800e1f0       0x38 ../../libDaisy//build\libdaisy.a(stm32h7xx_ll_usb.o)
                0x0800e1f0                USB_ActivateSetup
 .text.USB_EP0_OutStart
                0x0800e228       0x58 ../../libDaisy//build\libdaisy.a(stm32h7xx_ll_usb.o)
                0x0800e228                USB_EP0_OutStart
 .text.USB_InitFSLSPClkSel
                0x0800e280       0x44 ../../libDaisy//build\libdaisy.a(stm32h7xx_ll_usb.o)
                0x0800e280                USB_InitFSLSPClkSel
 .text.USB_HC_ReadInterrupt
                0x0800e2c4        0x8 ../../libDaisy//build\libdaisy.a(stm32h7xx_ll_usb.o)
                0x0800e2c4                USB_HC_ReadInterrupt
 .text.USB_HC_Halt
                0x0800e2cc       0xc0 ../../libDaisy//build\libdaisy.a(stm32h7xx_ll_usb.o)
                0x0800e2cc                USB_HC_Halt
 .text.USB_StopHost
                0x0800e38c      0x2ec ../../libDaisy//build\libdaisy.a(stm32h7xx_ll_usb.o)
                0x0800e38c                USB_StopHost
 .text.USBD_Init
                0x0800e678       0x44 ../../libDaisy//build\libdaisy.a(usbd_core.o)
                0x0800e678                USBD_Init
 .text.USBD_RegisterClass
                0x0800e6bc       0x2c ../../libDaisy//build\libdaisy.a(usbd_core.o)
                0x0800e6bc                USBD_RegisterClass
 .text.USBD_Start
                0x0800e6e8        0xc ../../libDaisy//build\libdaisy.a(usbd_core.o)
                0x0800e6e8                USBD_Start
 .text.USBD_SetClassConfig
                0x0800e6f4       0x14 ../../libDaisy//build\libdaisy.a(usbd_core.o)
                0x0800e6f4                USBD_SetClassConfig
 .text.USBD_ClrClassConfig
                0x0800e708       0x10 ../../libDaisy//build\libdaisy.a(usbd_core.o)
                0x0800e708                USBD_ClrClassConfig
 .text.USBD_LL_SetupStage
                0x0800e718       0x5c ../../libDaisy//build\libdaisy.a(usbd_core.o)
                0x0800e718                USBD_LL_SetupStage
 .text.USBD_LL_DataOutStage
                0x0800e774       0x7c ../../libDaisy//build\libdaisy.a(usbd_core.o)
                0x0800e774                USBD_LL_DataOutStage
 .text.USBD_LL_DataInStage
                0x0800e7f0       0xcc ../../libDaisy//build\libdaisy.a(usbd_core.o)
                0x0800e7f0                USBD_LL_DataInStage
 .text.USBD_LL_Reset
                0x0800e8bc       0x50 ../../libDaisy//build\libdaisy.a(usbd_core.o)
                0x0800e8bc                USBD_LL_Reset
 .text.USBD_LL_SetSpeed
                0x0800e90c        0x8 ../../libDaisy//build\libdaisy.a(usbd_core.o)
                0x0800e90c                USBD_LL_SetSpeed
 .text.USBD_LL_Suspend
                0x0800e914       0x14 ../../libDaisy//build\libdaisy.a(usbd_core.o)
                0x0800e914                USBD_LL_Suspend
 .text.USBD_LL_Resume
                0x0800e928       0x10 ../../libDaisy//build\libdaisy.a(usbd_core.o)
                0x0800e928                USBD_LL_Resume
 .text.USBD_LL_SOF
                0x0800e938       0x1c ../../libDaisy//build\libdaisy.a(usbd_core.o)
                0x0800e938                USBD_LL_SOF
 .text.USBD_LL_IsoINIncomplete
                0x0800e954        0x4 ../../libDaisy//build\libdaisy.a(usbd_core.o)
                0x0800e954                USBD_LL_IsoINIncomplete
 .text.USBD_LL_IsoOUTIncomplete
                0x0800e958        0x4 ../../libDaisy//build\libdaisy.a(usbd_core.o)
                0x0800e958                USBD_LL_IsoOUTIncomplete
 .text.USBD_LL_DevConnected
                0x0800e95c        0x4 ../../libDaisy//build\libdaisy.a(usbd_core.o)
                0x0800e95c                USBD_LL_DevConnected
 .text.USBD_LL_DevDisconnected
                0x0800e960       0x18 ../../libDaisy//build\libdaisy.a(usbd_core.o)
                0x0800e960                USBD_LL_DevDisconnected
 .text.USBD_StdDevReq
                0x0800e978      0x304 ../../libDaisy//build\libdaisy.a(usbd_ctlreq.o)
                0x0800e978                USBD_StdDevReq
 .text.USBD_StdItfReq
                0x0800ec7c       0x68 ../../libDaisy//build\libdaisy.a(usbd_ctlreq.o)
                0x0800ec7c                USBD_StdItfReq
 .text.USBD_StdEPReq
                0x0800ece4      0x13c ../../libDaisy//build\libdaisy.a(usbd_ctlreq.o)
                0x0800ece4                USBD_StdEPReq
 .text.USBD_ParseSetupRequest
                0x0800ee20       0x28 ../../libDaisy//build\libdaisy.a(usbd_ctlreq.o)
                0x0800ee20                USBD_ParseSetupRequest
 .text.USBD_CtlError
                0x0800ee48       0x18 ../../libDaisy//build\libdaisy.a(usbd_ctlreq.o)
                0x0800ee48                USBD_CtlError
 .text.USBD_GetString
                0x0800ee60       0x54 ../../libDaisy//build\libdaisy.a(usbd_ctlreq.o)
                0x0800ee60                USBD_GetString
 .text.USBD_CtlSendData
                0x0800eeb4       0x1c ../../libDaisy//build\libdaisy.a(usbd_ioreq.o)
                0x0800eeb4                USBD_CtlSendData
 .text.USBD_CtlContinueSendData
                0x0800eed0       0x14 ../../libDaisy//build\libdaisy.a(usbd_ioreq.o)
                0x0800eed0                USBD_CtlContinueSendData
 .text.USBD_CtlPrepareRx
                0x0800eee4       0x1c ../../libDaisy//build\libdaisy.a(usbd_ioreq.o)
                0x0800eee4                USBD_CtlPrepareRx
 .text.USBD_CtlContinueRx
                0x0800ef00       0x14 ../../libDaisy//build\libdaisy.a(usbd_ioreq.o)
                0x0800ef00                USBD_CtlContinueRx
 .text.USBD_CtlSendStatus
                0x0800ef14       0x18 ../../libDaisy//build\libdaisy.a(usbd_ioreq.o)
                0x0800ef14                USBD_CtlSendStatus
 .text.USBD_CtlReceiveStatus
                0x0800ef2c       0x18 ../../libDaisy//build\libdaisy.a(usbd_ioreq.o)
                0x0800ef2c                USBD_CtlReceiveStatus
 .text.USBH_LL_IncTimer
                0x0800ef44       0x20 ../../libDaisy//build\libdaisy.a(usbh_core.o)
                0x0800ef44                USBH_LL_IncTimer
 .text.USBH_LL_PortEnabled
                0x0800ef64        0x8 ../../libDaisy//build\libdaisy.a(usbh_core.o)
                0x0800ef64                USBH_LL_PortEnabled
 .text.USBH_LL_PortDisabled
                0x0800ef6c        0x8 ../../libDaisy//build\libdaisy.a(usbh_core.o)
                0x0800ef6c                USBH_LL_PortDisabled
 .text.USBH_LL_Connect
                0x0800ef74       0x18 ../../libDaisy//build\libdaisy.a(usbh_core.o)
                0x0800ef74                USBH_LL_Connect
 .text.USBH_LL_Disconnect
                0x0800ef8c       0x2c ../../libDaisy//build\libdaisy.a(usbh_core.o)
                0x0800ef8c                USBH_LL_Disconnect
 .text.USBH_FreePipe
                0x0800efb8       0x18 ../../libDaisy//build\libdaisy.a(usbh_pipes.o)
                0x0800efb8                USBH_FreePipe
 .text.DummyRxCallback
                0x0800efd0        0x4 ../../libDaisy//build\libdaisy.a(usb.o)
                0x0800efd0                DummyRxCallback
 .text._ZN5daisy9UsbHandle4InitENS0_9UsbPeriphE
                0x0800efd4      0x10c ../../libDaisy//build\libdaisy.a(usb.o)
                0x0800efd4                daisy::UsbHandle::Init(daisy::UsbHandle::UsbPeriph)
 .text._ZN5daisy9UsbHandle18SetReceiveCallbackEPFvPhPmENS0_9UsbPeriphE
                0x0800f0e0       0x38 ../../libDaisy//build\libdaisy.a(usb.o)
                0x0800f0e0                daisy::UsbHandle::SetReceiveCallback(void (*)(unsigned char*, unsigned long*), daisy::UsbHandle::UsbPeriph)
 .text.OTG_FS_EP1_OUT_IRQHandler
                0x0800f118        0xc ../../libDaisy//build\libdaisy.a(usb.o)
                0x0800f118                OTG_FS_EP1_OUT_IRQHandler
 .text.OTG_FS_EP1_IN_IRQHandler
                0x0800f124        0xc ../../libDaisy//build\libdaisy.a(usb.o)
                0x0800f124                OTG_FS_EP1_IN_IRQHandler
 .text.OTG_FS_IRQHandler
                0x0800f130        0xc ../../libDaisy//build\libdaisy.a(usb.o)
                0x0800f130                OTG_FS_IRQHandler
 .text._ZN5daisy6Random4InitEv
                0x0800f13c       0x3c ../../libDaisy//build\libdaisy.a(rng.o)
                0x0800f13c                daisy::Random::Init()
 .text._ZN5daisy9SpiHandle4Impl7InitDmaEv
                0x0800f178       0xec ../../libDaisy//build\libdaisy.a(spi.o)
                0x0800f178                daisy::SpiHandle::Impl::InitDma()
 .text._ZN5daisy9SpiHandle4Impl10StartDmaTxEPhjPFvPvEPFvS3_NS0_6ResultEES3_
                0x0800f264       0xc8 ../../libDaisy//build\libdaisy.a(spi.o)
                0x0800f264                daisy::SpiHandle::Impl::StartDmaTx(unsigned char*, unsigned int, void (*)(void*), void (*)(void*, daisy::SpiHandle::Result), void*)
 .text._ZN5daisy9SpiHandle4Impl10StartDmaRxEPhjPFvPvEPFvS3_NS0_6ResultEES3_
                0x0800f32c       0xc8 ../../libDaisy//build\libdaisy.a(spi.o)
                0x0800f32c                daisy::SpiHandle::Impl::StartDmaRx(unsigned char*, unsigned int, void (*)(void*), void (*)(void*, daisy::SpiHandle::Result), void*)
 .text._ZN5daisy9SpiHandle4Impl12StartDmaRxTxEPhS2_jPFvPvEPFvS3_NS0_6ResultEES3_
                0x0800f3f4       0xcc ../../libDaisy//build\libdaisy.a(spi.o)
                0x0800f3f4                daisy::SpiHandle::Impl::StartDmaRxTx(unsigned char*, unsigned char*, unsigned int, void (*)(void*), void (*)(void*, daisy::SpiHandle::Result), void*)
 .text._ZN5daisy9SpiHandle4Impl8InitPinsEv
                0x0800f4c0      0x274 ../../libDaisy//build\libdaisy.a(spi.o)
                0x0800f4c0                daisy::SpiHandle::Impl::InitPins()
 .text.HAL_SPI_MspInit
                0x0800f734      0x1a8 ../../libDaisy//build\libdaisy.a(spi.o)
                0x0800f734                HAL_SPI_MspInit
 .text.dsy_spi_global_init
                0x0800f8dc       0x80 ../../libDaisy//build\libdaisy.a(spi.o)
                0x0800f8dc                dsy_spi_global_init
 .text.SPI1_IRQHandler
                0x0800f95c        0xc ../../libDaisy//build\libdaisy.a(spi.o)
                0x0800f95c                SPI1_IRQHandler
 .text.SPI2_IRQHandler
                0x0800f968        0xc ../../libDaisy//build\libdaisy.a(spi.o)
                0x0800f968                SPI2_IRQHandler
 .text.SPI3_IRQHandler
                0x0800f974        0xc ../../libDaisy//build\libdaisy.a(spi.o)
                0x0800f974                SPI3_IRQHandler
 .text.SPI4_IRQHandler
                0x0800f980        0xc ../../libDaisy//build\libdaisy.a(spi.o)
                0x0800f980                SPI4_IRQHandler
 .text.SPI5_IRQHandler
                0x0800f98c        0xc ../../libDaisy//build\libdaisy.a(spi.o)
                0x0800f98c                SPI5_IRQHandler
 .text.DMA2_Stream2_IRQHandler
                0x0800f998       0x34 ../../libDaisy//build\libdaisy.a(spi.o)
                0x0800f998                DMA2_Stream2_IRQHandler
 .text.DMA2_Stream3_IRQHandler
                0x0800f9cc       0x38 ../../libDaisy//build\libdaisy.a(spi.o)
                0x0800f9cc                DMA2_Stream3_IRQHandler
 .text.HAL_SPI_TxCpltCallback
                0x0800fa04       0xc4 ../../libDaisy//build\libdaisy.a(spi.o)
                0x0800fa04                HAL_SPI_TxCpltCallback
 .text.HAL_SPI_RxCpltCallback
                0x0800fac8       0xc4 ../../libDaisy//build\libdaisy.a(spi.o)
                0x0800fac8                HAL_SPI_RxCpltCallback
 .text.HAL_SPI_TxRxCpltCallback
                0x0800fb8c       0xc4 ../../libDaisy//build\libdaisy.a(spi.o)
                0x0800fb8c                HAL_SPI_TxRxCpltCallback
 .text.HAL_SPI_ErrorCallback
                0x0800fc50       0xc8 ../../libDaisy//build\libdaisy.a(spi.o)
                0x0800fc50                HAL_SPI_ErrorCallback
 .text.startup._GLOBAL__sub_I__Z19MapInstanceToHandleP11SPI_TypeDef
                0x0800fd18      0x1b0 ../../libDaisy//build\libdaisy.a(spi.o)
 .text.HAL_TIM_Base_MspInit
                0x0800fec8      0x1e0 ../../libDaisy//build\libdaisy.a(tim.o)
                0x0800fec8                HAL_TIM_Base_MspInit
 .text.HAL_TIM_PeriodElapsedCallback
                0x080100a8       0x44 ../../libDaisy//build\libdaisy.a(tim.o)
                0x080100a8                HAL_TIM_PeriodElapsedCallback
 .text.TIM2_IRQHandler
                0x080100ec        0xc ../../libDaisy//build\libdaisy.a(tim.o)
                0x080100ec                TIM2_IRQHandler
 .text.TIM3_IRQHandler
                0x080100f8        0xc ../../libDaisy//build\libdaisy.a(tim.o)
                0x080100f8                TIM3_IRQHandler
 .text.TIM4_IRQHandler
                0x08010104        0xc ../../libDaisy//build\libdaisy.a(tim.o)
                0x08010104                TIM4_IRQHandler
 .text.TIM5_IRQHandler
                0x08010110        0xc ../../libDaisy//build\libdaisy.a(tim.o)
                0x08010110                TIM5_IRQHandler
 .text._ZN5daisy11TimerHandle4InitERKNS0_6ConfigE
                0x0801011c       0xd0 ../../libDaisy//build\libdaisy.a(tim.o)
                0x0801011c                daisy::TimerHandle::Init(daisy::TimerHandle::Config const&)
 .text._ZN5daisy11TimerHandle5StartEv
                0x080101ec       0x24 ../../libDaisy//build\libdaisy.a(tim.o)
                0x080101ec                daisy::TimerHandle::Start()
 .text.startup._GLOBAL__sub_I__ZN5daisy11TimerHandle4Impl4InitERKNS0_6ConfigE
                0x08010210       0x38 ../../libDaisy//build\libdaisy.a(tim.o)
 .text._ZL20UART_CheckRxListenerPN5daisy11UartHandler4ImplE
                0x08010248       0x84 ../../libDaisy//build\libdaisy.a(uart.o)
 .text._ZN5daisy11UartHandler4Impl10StartDmaTxEPhjPFvPvEPFvS3_NS0_6ResultEES3_
                0x080102cc      0x184 ../../libDaisy//build\libdaisy.a(uart.o)
                0x080102cc                daisy::UartHandler::Impl::StartDmaTx(unsigned char*, unsigned int, void (*)(void*), void (*)(void*, daisy::UartHandler::Result), void*)
 .text._ZN5daisy11UartHandler4Impl10StartDmaRxEPhjPFvPvEPFvS3_NS0_6ResultEES3_
                0x08010450      0x184 ../../libDaisy//build\libdaisy.a(uart.o)
                0x08010450                daisy::UartHandler::Impl::StartDmaRx(unsigned char*, unsigned int, void (*)(void*), void (*)(void*, daisy::UartHandler::Result), void*)
 .text._ZN5daisy11UartHandler4Impl19DmaTransferFinishedEP20__UART_HandleTypeDefNS0_6ResultE
                0x080105d4       0xc0 ../../libDaisy//build\libdaisy.a(uart.o)
                0x080105d4                daisy::UartHandler::Impl::DmaTransferFinished(__UART_HandleTypeDef*, daisy::UartHandler::Result)
 .text._ZN5daisy11UartHandler4Impl8InitPinsEv
                0x08010694      0x154 ../../libDaisy//build\libdaisy.a(uart.o)
                0x08010694                daisy::UartHandler::Impl::InitPins()
 .text.HAL_UART_MspInit
                0x080107e8      0x210 ../../libDaisy//build\libdaisy.a(uart.o)
                0x080107e8                HAL_UART_MspInit
 .text.dsy_uart_global_init
                0x080109f8      0x110 ../../libDaisy//build\libdaisy.a(uart.o)
                0x080109f8                dsy_uart_global_init
 .text.USART1_IRQHandler
                0x08010b08       0x2c ../../libDaisy//build\libdaisy.a(uart.o)
                0x08010b08                USART1_IRQHandler
 .text.USART2_IRQHandler
                0x08010b34       0x34 ../../libDaisy//build\libdaisy.a(uart.o)
                0x08010b34                USART2_IRQHandler
 .text.USART3_IRQHandler
                0x08010b68       0x34 ../../libDaisy//build\libdaisy.a(uart.o)
                0x08010b68                USART3_IRQHandler
 .text.UART4_IRQHandler
                0x08010b9c       0x34 ../../libDaisy//build\libdaisy.a(uart.o)
                0x08010b9c                UART4_IRQHandler
 .text.UART5_IRQHandler
                0x08010bd0       0x34 ../../libDaisy//build\libdaisy.a(uart.o)
                0x08010bd0                UART5_IRQHandler
 .text.USART6_IRQHandler
                0x08010c04       0x34 ../../libDaisy//build\libdaisy.a(uart.o)
                0x08010c04                USART6_IRQHandler
 .text.UART7_IRQHandler
                0x08010c38       0x34 ../../libDaisy//build\libdaisy.a(uart.o)
                0x08010c38                UART7_IRQHandler
 .text.UART8_IRQHandler
                0x08010c6c       0x34 ../../libDaisy//build\libdaisy.a(uart.o)
                0x08010c6c                UART8_IRQHandler
 .text.LPUART1_IRQHandler
                0x08010ca0       0x34 ../../libDaisy//build\libdaisy.a(uart.o)
                0x08010ca0                LPUART1_IRQHandler
 .text.DMA1_Stream5_IRQHandler
                0x08010cd4       0x34 ../../libDaisy//build\libdaisy.a(uart.o)
                0x08010cd4                DMA1_Stream5_IRQHandler
 .text.DMA2_Stream4_IRQHandler
                0x08010d08       0x38 ../../libDaisy//build\libdaisy.a(uart.o)
                0x08010d08                DMA2_Stream4_IRQHandler
 .text.HAL_UART_TxCpltCallback
                0x08010d40        0x8 ../../libDaisy//build\libdaisy.a(uart.o)
                0x08010d40                HAL_UART_TxCpltCallback
 .text.HAL_UART_RxCpltCallback
                0x08010d48       0x94 ../../libDaisy//build\libdaisy.a(uart.o)
                0x08010d48                HAL_UART_RxCpltCallback
 .text.HAL_UART_RxHalfCpltCallback
                0x08010ddc       0x90 ../../libDaisy//build\libdaisy.a(uart.o)
                0x08010ddc                HAL_UART_RxHalfCpltCallback
 .text.HAL_UART_ErrorCallback
                0x08010e6c        0x8 ../../libDaisy//build\libdaisy.a(uart.o)
                0x08010e6c                HAL_UART_ErrorCallback
 .text.startup._GLOBAL__sub_I__Z19MapInstanceToHandleP13USART_TypeDef
                0x08010e74      0x194 ../../libDaisy//build\libdaisy.a(uart.o)
 .text.dsy_dma_init
                0x08011008      0x100 ../../libDaisy//build\libdaisy.a(dma.o)
                0x08011008                dsy_dma_init
 .text.dsy_dma_invalidate_cache_for_buffer
                0x08011108       0x2c ../../libDaisy//build\libdaisy.a(dma.o)
                0x08011108                dsy_dma_invalidate_cache_for_buffer
 .text.dummy_rx_callback
                0x08011134        0x4 ../../libDaisy//build\libdaisy.a(usbd_cdc_if.o)
                0x08011134                dummy_rx_callback
 .text.CDC_DeInit_FS
                0x08011138        0x4 ../../libDaisy//build\libdaisy.a(usbd_cdc_if.o)
 .text.CDC_Receive_FS
                0x0801113c       0x2c ../../libDaisy//build\libdaisy.a(usbd_cdc_if.o)
 .text.CDC_Receive_HS
                0x08011168       0x2c ../../libDaisy//build\libdaisy.a(usbd_cdc_if.o)
 .text.CDC_Init_FS
                0x08011194       0x3c ../../libDaisy//build\libdaisy.a(usbd_cdc_if.o)
 .text.CDC_Init_HS
                0x080111d0       0x3c ../../libDaisy//build\libdaisy.a(usbd_cdc_if.o)
 .text.CDC_Control_FS
                0x0801120c       0x34 ../../libDaisy//build\libdaisy.a(usbd_cdc_if.o)
 .text.CDC_Control_HS
                0x08011240       0x34 ../../libDaisy//build\libdaisy.a(usbd_cdc_if.o)
 .text.CDC_DeInit_HS
                0x08011274        0x4 ../../libDaisy//build\libdaisy.a(usbd_cdc_if.o)
 .text.CDC_Set_Rx_Callback_FS
                0x08011278        0xc ../../libDaisy//build\libdaisy.a(usbd_cdc_if.o)
                0x08011278                CDC_Set_Rx_Callback_FS
 .text.CDC_Set_Rx_Callback_HS
                0x08011284        0xc ../../libDaisy//build\libdaisy.a(usbd_cdc_if.o)
                0x08011284                CDC_Set_Rx_Callback_HS
 .text.USBD_HS_DeviceDescriptor
                0x08011290        0xc ../../libDaisy//build\libdaisy.a(usbd_desc.o)
                0x08011290                USBD_HS_DeviceDescriptor
 .text.USBD_FS_DeviceDescriptor
                0x0801129c        0xc ../../libDaisy//build\libdaisy.a(usbd_desc.o)
                0x0801129c                USBD_FS_DeviceDescriptor
 .text.USBD_FS_LangIDStrDescriptor
                0x080112a8        0xc ../../libDaisy//build\libdaisy.a(usbd_desc.o)
                0x080112a8                USBD_FS_LangIDStrDescriptor
 .text.USBD_FS_ManufacturerStrDescriptor
                0x080112b4       0x1c ../../libDaisy//build\libdaisy.a(usbd_desc.o)
                0x080112b4                USBD_FS_ManufacturerStrDescriptor
 .text.USBD_HS_ProductStrDescriptor
                0x080112d0       0x1c ../../libDaisy//build\libdaisy.a(usbd_desc.o)
                0x080112d0                USBD_HS_ProductStrDescriptor
 .text.USBD_FS_ConfigStrDescriptor
                0x080112ec       0x1c ../../libDaisy//build\libdaisy.a(usbd_desc.o)
                0x080112ec                USBD_FS_ConfigStrDescriptor
 .text.USBD_FS_InterfaceStrDescriptor
                0x08011308       0x1c ../../libDaisy//build\libdaisy.a(usbd_desc.o)
                0x08011308                USBD_FS_InterfaceStrDescriptor
 .text.USBD_FS_ProductStrDescriptor
                0x08011324       0x1c ../../libDaisy//build\libdaisy.a(usbd_desc.o)
                0x08011324                USBD_FS_ProductStrDescriptor
 .text.USBD_HS_LangIDStrDescriptor
                0x08011340        0xc ../../libDaisy//build\libdaisy.a(usbd_desc.o)
                0x08011340                USBD_HS_LangIDStrDescriptor
 .text.USBD_HS_ManufacturerStrDescriptor
                0x0801134c       0x1c ../../libDaisy//build\libdaisy.a(usbd_desc.o)
                0x0801134c                USBD_HS_ManufacturerStrDescriptor
 .text.USBD_FS_SerialStrDescriptor
                0x08011368      0x124 ../../libDaisy//build\libdaisy.a(usbd_desc.o)
                0x08011368                USBD_FS_SerialStrDescriptor
 .text.USBD_HS_SerialStrDescriptor
                0x0801148c      0x124 ../../libDaisy//build\libdaisy.a(usbd_desc.o)
                0x0801148c                USBD_HS_SerialStrDescriptor
 .text.USBD_HS_InterfaceStrDescriptor
                0x080115b0       0x1c ../../libDaisy//build\libdaisy.a(usbd_desc.o)
                0x080115b0                USBD_HS_InterfaceStrDescriptor
 .text.USBD_HS_ConfigStrDescriptor
                0x080115cc       0x1c ../../libDaisy//build\libdaisy.a(usbd_desc.o)
                0x080115cc                USBD_HS_ConfigStrDescriptor
 .text.HAL_MDMA_Abort_IT
                0x080115e8       0x2c ../../libDaisy//build\libdaisy.a(stm32h7xx_hal_mdma.o)
                0x080115e8                HAL_MDMA_Abort_IT
 .text.SPI_CloseTransfer
                0x08011614       0xb8 ../../libDaisy//build\libdaisy.a(stm32h7xx_hal_spi.o)
 .text.HAL_SPI_Init
                0x080116cc      0x15c ../../libDaisy//build\libdaisy.a(stm32h7xx_hal_spi.o)
                0x080116cc                HAL_SPI_Init
 .text.HAL_SPI_Transmit_DMA
                0x08011828      0x170 ../../libDaisy//build\libdaisy.a(stm32h7xx_hal_spi.o)
                0x08011828                HAL_SPI_Transmit_DMA
 .text.HAL_SPI_TransmitReceive_DMA
                0x08011998      0x218 ../../libDaisy//build\libdaisy.a(stm32h7xx_hal_spi.o)
                0x08011998                HAL_SPI_TransmitReceive_DMA
 .text.HAL_SPI_Receive_DMA
                0x08011bb0      0x1b4 ../../libDaisy//build\libdaisy.a(stm32h7xx_hal_spi.o)
                0x08011bb0                HAL_SPI_Receive_DMA
 .text.SPI_DMATransmitCplt
                0x08011d64       0x28 ../../libDaisy//build\libdaisy.a(stm32h7xx_hal_spi.o)
 .text.SPI_DMAReceiveCplt
                0x08011d8c       0x28 ../../libDaisy//build\libdaisy.a(stm32h7xx_hal_spi.o)
 .text.SPI_DMATransmitReceiveCplt
                0x08011db4       0x28 ../../libDaisy//build\libdaisy.a(stm32h7xx_hal_spi.o)
 .text.HAL_SPI_TxHalfCpltCallback
                0x08011ddc        0x4 ../../libDaisy//build\libdaisy.a(stm32h7xx_hal_spi.o)
                0x08011ddc                HAL_SPI_TxHalfCpltCallback
 .text.SPI_DMAHalfTransmitCplt
                0x08011de0        0xc ../../libDaisy//build\libdaisy.a(stm32h7xx_hal_spi.o)
 .text.HAL_SPI_RxHalfCpltCallback
                0x08011dec        0x4 ../../libDaisy//build\libdaisy.a(stm32h7xx_hal_spi.o)
                0x08011dec                HAL_SPI_RxHalfCpltCallback
 .text.SPI_DMAHalfReceiveCplt
                0x08011df0        0xc ../../libDaisy//build\libdaisy.a(stm32h7xx_hal_spi.o)
 .text.HAL_SPI_TxRxHalfCpltCallback
                0x08011dfc        0x4 ../../libDaisy//build\libdaisy.a(stm32h7xx_hal_spi.o)
                0x08011dfc                HAL_SPI_TxRxHalfCpltCallback
 .text.SPI_DMAHalfTransmitReceiveCplt
                0x08011e00        0xc ../../libDaisy//build\libdaisy.a(stm32h7xx_hal_spi.o)
 .text.SPI_DMAError
                0x08011e0c       0xd8 ../../libDaisy//build\libdaisy.a(stm32h7xx_hal_spi.o)
 .text.HAL_SPI_IRQHandler
                0x08011ee4      0x23c ../../libDaisy//build\libdaisy.a(stm32h7xx_hal_spi.o)
                0x08011ee4                HAL_SPI_IRQHandler
 .text.SPI_DMAAbortOnError
                0x08012120       0x1c ../../libDaisy//build\libdaisy.a(stm32h7xx_hal_spi.o)
 .text.HAL_SPI_GetState
                0x0801213c        0x8 ../../libDaisy//build\libdaisy.a(stm32h7xx_hal_spi.o)
                0x0801213c                HAL_SPI_GetState
 .text.HAL_TIM_Base_Init
                0x08012144      0x140 ../../libDaisy//build\libdaisy.a(stm32h7xx_hal_tim.o)
                0x08012144                HAL_TIM_Base_Init
 .text.HAL_TIM_Base_Start