Archive member included to satisfy reference by file (symbol)

../../libDaisy//build\libdaisy.a(daisy_seed.o)
                              build/MiniSynth.o (daisy::DaisySeed::Configure())
../../libDaisy//build\libdaisy.a(codec_ak4556.o)
                              ../../libDaisy//build\libdaisy.a(daisy_seed.o) (daisy::Ak4556::Init(dsy_gpio_pin))
../../libDaisy//build\libdaisy.a(codec_wm8731.o)
                              ../../libDaisy//build\libdaisy.a(daisy_seed.o) (daisy::Wm8731::Init(daisy::Wm8731::Config const&, daisy::I2CHandle))
../../libDaisy//build\libdaisy.a(sdram.o)
                              ../../libDaisy//build\libdaisy.a(daisy_seed.o) (SdramHandle::Init())
../../libDaisy//build\libdaisy.a(audio.o)
                              ../../libDaisy//build\libdaisy.a(daisy_seed.o) (daisy::AudioHandle::Init(daisy::AudioHandle::Config const&, daisy::SaiHandle))
../../libDaisy//build\libdaisy.a(midi_parser.o)
                              build/MiniSynth.o (daisy::MidiParser::Parse(unsigned char, daisy::MidiEvent*))
../../libDaisy//build\libdaisy.a(usb_midi.o)
                              build/MiniSynth.o (daisy::MidiUsbTransport::Init(daisy::MidiUsbTransport::Config))
../../libDaisy//build\libdaisy.a(adc.o)
                              build/MiniSynth.o (daisy::AdcChannelConfig::InitSingle(dsy_gpio_pin, daisy::AdcChannelConfig::ConversionSpeed))
../../libDaisy//build\libdaisy.a(gpio.o)
                              ../../libDaisy//build\libdaisy.a(daisy_seed.o) (daisy::GPIO::Init(daisy::Pin, daisy::GPIO::Mode, daisy::GPIO::Pull, daisy::GPIO::Speed))
../../libDaisy//build\libdaisy.a(i2c.o)
                              ../../libDaisy//build\libdaisy.a(daisy_seed.o) (daisy::I2CHandle::Init(daisy::I2CHandle::Config const&))
../../libDaisy//build\libdaisy.a(qspi.o)
                              ../../libDaisy//build\libdaisy.a(daisy_seed.o) (daisy::QSPIHandle::Init(daisy::QSPIHandle::Config const&))
../../libDaisy//build\libdaisy.a(sai.o)
                              ../../libDaisy//build\libdaisy.a(daisy_seed.o) (daisy::SaiHandle::Init(daisy::SaiHandle::Config const&))
../../libDaisy//build\libdaisy.a(system.o)
                              ../../libDaisy//build\libdaisy.a(daisy_seed.o) (daisy::System::DeInit())
../../libDaisy//build\libdaisy.a(system_stm32h7xx.o)
                              build/startup_stm32h750xx.o (SystemInit)
../../libDaisy//build\libdaisy.a(usbd_conf.o)
                              ../../libDaisy//build\libdaisy.a(system.o) (hpcd_USB_OTG_HS)
../../libDaisy//build\libdaisy.a(usbh_conf.o)
                              ../../libDaisy//build\libdaisy.a(system.o) (hhcd_USB_OTG_HS)
../../libDaisy//build\libdaisy.a(hal_map.o)
                              ../../libDaisy//build\libdaisy.a(gpio.o) (dsy_hal_map_get_port)
../../libDaisy//build\libdaisy.a(stm32h7xx_hal.o)
                              ../../libDaisy//build\libdaisy.a(system.o) (HAL_Init)
../../libDaisy//build\libdaisy.a(stm32h7xx_hal_adc.o)
                              ../../libDaisy//build\libdaisy.a(adc.o) (HAL_ADC_ConfigChannel)
../../libDaisy//build\libdaisy.a(stm32h7xx_hal_adc_ex.o)
                              ../../libDaisy//build\libdaisy.a(adc.o) (HAL_ADCEx_Calibration_Start)
../../libDaisy//build\libdaisy.a(stm32h7xx_hal_cortex.o)
                              ../../libDaisy//build\libdaisy.a(stm32h7xx_hal.o) (HAL_NVIC_SetPriorityGrouping)
../../libDaisy//build\libdaisy.a(stm32h7xx_hal_dma.o)
                              ../../libDaisy//build\libdaisy.a(adc.o) (HAL_DMA_Init)
../../libDaisy//build\libdaisy.a(stm32h7xx_hal_gpio.o)
                              ../../libDaisy//build\libdaisy.a(sdram.o) (HAL_GPIO_Init)
../../libDaisy//build\libdaisy.a(stm32h7xx_hal_hcd.o)
                              ../../libDaisy//build\libdaisy.a(usbh_conf.o) (HAL_HCD_HC_Init)
../../libDaisy//build\libdaisy.a(stm32h7xx_hal_i2c.o)
                              ../../libDaisy//build\libdaisy.a(i2c.o) (HAL_I2C_Init)
../../libDaisy//build\libdaisy.a(stm32h7xx_hal_i2c_ex.o)
                              ../../libDaisy//build\libdaisy.a(i2c.o) (HAL_I2CEx_ConfigAnalogFilter)
../../libDaisy//build\libdaisy.a(stm32h7xx_hal_pcd.o)
                              ../../libDaisy//build\libdaisy.a(usbd_conf.o) (HAL_PCD_Init)
../../libDaisy//build\libdaisy.a(stm32h7xx_hal_pcd_ex.o)
                              ../../libDaisy//build\libdaisy.a(usbd_conf.o) (HAL_PCDEx_SetTxFiFo)
../../libDaisy//build\libdaisy.a(stm32h7xx_hal_pwr_ex.o)
                              ../../libDaisy//build\libdaisy.a(system.o) (HAL_PWREx_ConfigSupply)
../../libDaisy//build\libdaisy.a(stm32h7xx_hal_qspi.o)
                              ../../libDaisy//build\libdaisy.a(qspi.o) (HAL_QSPI_Init)
../../libDaisy//build\libdaisy.a(stm32h7xx_hal_rcc.o)
                              ../../libDaisy//build\libdaisy.a(system.o) (HAL_RCC_OscConfig)
../../libDaisy//build\libdaisy.a(stm32h7xx_hal_rcc_ex.o)
[...]
Memory Configuration

Name             Origin             Length             Attributes
FLASH            0x08000000         0x00020000         xr
DTCMRAM          0x20000000         0x00020000         xrw
SRAM             0x24000000         0x00080000         xrw
RAM_D2           0x30000000         0x00048000         xrw
RAM_D3           0x38000000         0x00010000         xrw
BACKUP_SRAM      0x38800000         0x00001000         xrw
ITCMRAM          0x00000000         0x00010000         xrw
SDRAM            0xc0000000         0x04000000         xrw
QSPIFLASH        0x90000000         0x00800000         xr
*default*        0x00000000         0xffffffff

Linker script and memory map

LOAD c:/program files/daisytoolchain/bin/../lib/gcc/arm-none-eabi/10.2.1/thumb/v7e-m+dp/hard/crti.o
LOAD c:/program files/daisytoolchain/bin/../lib/gcc/arm-none-eabi/10.2.1/thumb/v7e-m+dp/hard/crtbegin.o
LOAD c:/program files/daisytoolchain/bin/../lib/gcc/arm-none-eabi/10.2.1/../../../../arm-none-eabi/lib/thumb/v7e-m+dp/hard/crt0.o
LOAD build/startup_stm32h750xx.o
LOAD build/MiniSynth.o
LOAD ../../libDaisy//build\libdaisy.a
LOAD c:/program files/daisytoolchain/bin/../lib/gcc/arm-none-eabi/10.2.1/../../../../arm-none-eabi/lib/thumb/v7e-m+dp/hard\libnosys.a
LOAD ../../DaisySP//build\libdaisysp.a
LOAD c:/program files/daisytoolchain/bin/../lib/gcc/arm-none-eabi/10.2.1/../../../../arm-none-eabi/lib/thumb/v7e-m+dp/hard\libstdc++_nano.a
LOAD c:/program files/daisytoolchain/bin/../lib/gcc/arm-none-eabi/10.2.1/../../../../arm-none-eabi/lib/thumb/v7e-m+dp/hard\libm.a
LOAD c:/program files/daisytoolchain/bin/../lib/gcc/arm-none-eabi/10.2.1/../../../../arm-none-eabi/lib/thumb/v7e-m+dp/hard\libc_nano.a
START GROUP
LOAD c:/program files/daisytoolchain/bin/../lib/gcc/arm-none-eabi/10.2.1/thumb/v7e-m+dp/hard\libgcc.a
LOAD c:/program files/daisytoolchain/bin/../lib/gcc/arm-none-eabi/10.2.1/../../../../arm-none-eabi/lib/thumb/v7e-m+dp/hard\libc_nano.a
END GROUP
START GROUP
LOAD c:/program files/daisytoolchain/bin/../lib/gcc/arm-none-eabi/10.2.1/thumb/v7e-m+dp/hard\libgcc.a
LOAD c:/program files/daisytoolchain/bin/../lib/gcc/arm-none-eabi/10.2.1/../../../../arm-none-eabi/lib/thumb/v7e-m+dp/hard\libc_nano.a
LOAD c:/program files/daisytoolchain/bin/../lib/gcc/arm-none-eabi/10.2.1/../../../../arm-none-eabi/lib/thumb/v7e-m+dp/hard\libnosys.a
END GROUP
START GROUP
LOAD c:/program files/daisytoolchain/bin/../lib/gcc/arm-none-eabi/10.2.1/thumb/v7e-m+dp/hard\libgcc.a
LOAD c:/program files/daisytoolchain/bin/../lib/gcc/arm-none-eabi/10.2.1/../../../../arm-none-eabi/lib/thumb/v7e-m+dp/hard\libc_nano.a
LOAD c:/program files/daisytoolchain/bin/../lib/gcc/arm-none-eabi/10.2.1/../../../../arm-none-eabi/lib/thumb/v7e-m+dp/hard\libnosys.a
END GROUP
LOAD c:/program files/daisytoolchain/bin/../lib/gcc/arm-none-eabi/10.2.1/thumb/v7e-m+dp/hard/crtend.o
LOAD c:/program files/daisytoolchain/bin/../lib/gcc/arm-none-eabi/10.2.1/thumb/v7e-m+dp/hard/crtn.o
                0x20020000                _estack = 0x20020000

.isr_vector     0x08000000      0x298
                0x08000000                . = ALIGN (0x4)
 *(.isr_vector)
 .isr_vector    0x08000000      0x298 build/startup_stm32h750xx.o
                0x08000000                g_pfnVectors
                0x08000298                . = ALIGN (0x4)

.text           0x080002a0    0x14ae8
                0x080002a0                . = ALIGN (0x4)
                0x080002a0                _stext = .
 *(.text)
 .text          0x080002a0       0x40 c:/program files/daisytoolchain/bin/../lib/gcc/arm-none-eabi/10.2.1/thumb/v7e-m+dp/hard/crtbegin.o
 .text          0x080002e0       0xa0 c:/program files/daisytoolchain/bin/../lib/gcc/arm-none-eabi/10.2.1/../../../../arm-none-eabi/lib/thumb/v7e-m+dp/hard\libc_nano.a(lib_a-memchr.o)
                0x080002e0                memchr
 .text          0x08000380      0x378 c:/program files/daisytoolchain/bin/../lib/gcc/arm-none-eabi/10.2.1/thumb/v7e-m+dp/hard\libgcc.a(_arm_addsubdf3.o)
                0x08000380                __aeabi_drsub
                0x08000388                __aeabi_dsub
                0x08000388                __subdf3
                0x0800038c                __aeabi_dadd
                0x0800038c                __adddf3
                0x08000604                __floatunsidf
                0x08000604                __aeabi_ui2d
                0x08000624                __floatsidf
                0x08000624                __aeabi_i2d
                0x08000648                __aeabi_f2d
                0x08000648                __extendsfdf2
                0x0800068c                __floatundidf
                0x0800068c                __aeabi_ul2d
                0x0800069c                __floatdidf
                0x0800069c                __aeabi_l2d
 .text          0x080006f8       0x30 c:/program files/daisytoolchain/bin/../lib/gcc/arm-none-eabi/10.2.1/thumb/v7e-m+dp/hard\libgcc.a(_aeabi_uldivmod.o)
                0x080006f8                __aeabi_uldivmod
 .text          0x08000728      0x2d0 c:/program files/daisytoolchain/bin/../lib/gcc/arm-none-eabi/10.2.1/thumb/v7e-m+dp/hard\libgcc.a(_udivmoddi4.o)
                0x08000728                __udivmoddi4
 .text          0x080009f8        0x4 c:/program files/daisytoolchain/bin/../lib/gcc/arm-none-eabi/10.2.1/thumb/v7e-m+dp/hard\libgcc.a(_dvmd_tls.o)
                0x080009f8                __aeabi_idiv0
                0x080009f8                __aeabi_ldiv0
 *(.text*)
 .text.Default_Handler
                0x080009fc        0x4 build/startup_stm32h750xx.o
                0x080009fc                RTC_Alarm_IRQHandler
                0x080009fc                HASH_RNG_IRQHandler
                0x080009fc                EXTI2_IRQHandler
                0x080009fc                TIM8_CC_IRQHandler
                0x080009fc                HRTIM1_Master_IRQHandler
                0x080009fc                DebugMon_Handler
                0x080009fc                TIM1_CC_IRQHandler
                0x080009fc                BDMA_Channel6_IRQHandler
                0x080009fc                DMA2_Stream5_IRQHandler
                0x080009fc                HRTIM1_FLT_IRQHandler
                0x080009fc                JPEG_IRQHandler
                0x080009fc                BDMA_Channel1_IRQHandler
                0x080009fc                HRTIM1_TIMD_IRQHandler
                0x080009fc                TAMP_STAMP_IRQHandler
                0x080009fc                PendSV_Handler
                0x080009fc                NMI_Handler
                0x080009fc                EXTI3_IRQHandler
                0x080009fc                LPTIM4_IRQHandler
                0x080009fc                TIM8_TRG_COM_TIM14_IRQHandler
                0x080009fc                LPTIM2_IRQHandler
                0x080009fc                DFSDM1_FLT1_IRQHandler
                0x080009fc                DMAMUX2_OVR_IRQHandler
                0x080009fc                TIM8_UP_TIM13_IRQHandler
                0x080009fc                I2C3_ER_IRQHandler
                0x080009fc                DFSDM1_FLT2_IRQHandler
                0x080009fc                MDMA_IRQHandler
                0x080009fc                LPTIM3_IRQHandler
                0x080009fc                HSEM1_IRQHandler
                0x080009fc                EXTI0_IRQHandler
                0x080009fc                FPU_IRQHandler
                0x080009fc                OTG_HS_WKUP_IRQHandler
                0x080009fc                FDCAN1_IT1_IRQHandler
                0x080009fc                UsageFault_Handler
                0x080009fc                LTDC_ER_IRQHandler
                0x080009fc                HRTIM1_TIME_IRQHandler
                0x080009fc                TIM6_DAC_IRQHandler
                0x080009fc                DCMI_IRQHandler
                0x080009fc                HRTIM1_TIMC_IRQHandler
                0x080009fc                SAI2_IRQHandler
                0x080009fc                DFSDM1_FLT3_IRQHandler
                0x080009fc                TIM17_IRQHandler
                0x080009fc                CRYP_IRQHandler
                0x080009fc                BDMA_Channel7_IRQHandler
                0x080009fc                LPTIM5_IRQHandler
                0x080009fc                ADC3_IRQHandler
                0x080009fc                DMA2_Stream0_IRQHandler
                0x080009fc                BDMA_Channel2_IRQHandler
                0x080009fc                DMAMUX1_OVR_IRQHandler
                0x080009fc                TIM16_IRQHandler
                0x080009fc                BDMA_Channel5_IRQHandler
                0x080009fc                RCC_IRQHandler
                0x080009fc                TIM8_BRK_TIM12_IRQHandler
                0x080009fc                TIM1_TRG_COM_IRQHandler
                0x080009fc                Default_Handler
                0x080009fc                ECC_IRQHandler
                0x080009fc                CEC_IRQHandler
                0x080009fc                EXTI15_10_IRQHandler
                0x080009fc                BDMA_Channel0_IRQHandler
                0x080009fc                ADC_IRQHandler
                0x080009fc                DMA1_Stream7_IRQHandler
                0x080009fc                HRTIM1_TIMA_IRQHandler
                0x080009fc                TIM7_IRQHandler
                0x080009fc                SDMMC1_IRQHandler
                0x080009fc                DMA2_Stream7_IRQHandler
                0x080009fc                TIM15_IRQHandler
                0x080009fc                PVD_AVD_IRQHandler
                0x080009fc                EXTI9_5_IRQHandler
                0x080009fc                RTC_WKUP_IRQHandler
                0x080009fc                LTDC_IRQHandler
                0x080009fc                SAI3_IRQHandler
                0x080009fc                ETH_WKUP_IRQHandler
                0x080009fc                SPDIF_RX_IRQHandler
                0x080009fc                MemManage_Handler
                0x080009fc                SVC_Handler
                0x080009fc                CRS_IRQHandler
                0x080009fc                EXTI4_IRQHandler
                0x080009fc                HRTIM1_TIMB_IRQHandler
                0x080009fc                FDCAN2_IT1_IRQHandler
                0x080009fc                ETH_IRQHandler
                0x080009fc                TIM1_UP_IRQHandler
                0x080009fc                BDMA_Channel4_IRQHandler
                0x080009fc                WWDG_IRQHandler
                0x080009fc                SPI6_IRQHandler
                0x080009fc                I2C4_EV_IRQHandler
                0x080009fc                MDIOS_IRQHandler
                0x080009fc                FDCAN2_IT0_IRQHandler
                0x080009fc                FDCAN1_IT0_IRQHandler
                0x080009fc                OTG_FS_WKUP_IRQHandler
                0x080009fc                DMA2D_IRQHandler
                0x080009fc                TIM1_BRK_IRQHandler
                0x080009fc                EXTI1_IRQHandler
                0x080009fc                SDMMC2_IRQHandler
                0x080009fc                BDMA_Channel3_IRQHandler
                0x080009fc                MDIOS_WKUP_IRQHandler
                0x080009fc                DFSDM1_FLT0_IRQHandler
                0x080009fc                SAI4_IRQHandler
                0x080009fc                I2C2_ER_IRQHandler
                0x080009fc                DMA2_Stream1_IRQHandler
                0x080009fc                FLASH_IRQHandler
                0x080009fc                BusFault_Handler
                0x080009fc                WAKEUP_PIN_IRQHandler
                0x080009fc                I2C1_ER_IRQHandler
                0x080009fc                FMC_IRQHandler
                0x080009fc                FDCAN_CAL_IRQHandler
                0x080009fc                SWPMI1_IRQHandler
                0x080009fc                COMP1_IRQHandler
                0x080009fc                LPTIM1_IRQHandler
                0x080009fc                I2C4_ER_IRQHandler
                0x080009fc                DMA2_Stream6_IRQHandler
                0x080009fc                SAI1_IRQHandler
 .text.Reset_Handler
                0x08000a00       0x44 build/startup_stm32h750xx.o
                0x08000a00                Reset_Handler
 .text._ZN5daisy6SwitchD2Ev
                0x08000a44        0x4 build/MiniSynth.o
                0x08000a44                daisy::Switch::~Switch()
                0x08000a44                daisy::Switch::~Switch()
 .text._ZN5daisy9DaisySeedD2Ev
                0x08000a48        0x4 build/MiniSynth.o
                0x08000a48                daisy::DaisySeed::~DaisySeed()
                0x08000a48                daisy::DaisySeed::~DaisySeed()
 .text._ZN7daisysp5AdEnvD2Ev
                0x08000a4c        0x4 build/MiniSynth.o
                0x08000a4c                daisysp::AdEnv::~AdEnv()
                0x08000a4c                daisysp::AdEnv::~AdEnv()
 .text._ZN7daisysp10OscillatorD2Ev
                0x08000a50        0x4 build/MiniSynth.o
                0x08000a50                daisysp::Oscillator::~Oscillator()
                0x08000a50                daisysp::Oscillator::~Oscillator()
 .text._ZN7daisysp3SvfD2Ev
                0x08000a54        0x4 build/MiniSynth.o
                0x08000a54                daisysp::Svf::~Svf()
                0x08000a54                daisysp::Svf::~Svf()
 .text._ZN5daisy11MidiHandlerINS_16MidiUsbTransportEED2Ev
                0x08000a58        0x4 build/MiniSynth.o
                0x08000a58                daisy::MidiHandler<daisy::MidiUsbTransport>::~MidiHandler()
                0x08000a58                daisy::MidiHandler<daisy::MidiUsbTransport>::~MidiHandler()
 .text._ZN5daisy11MidiHandlerINS_16MidiUsbTransportEE13ParseCallbackEPhjPv
                0x08000a5c       0x74 build/MiniSynth.o
                0x08000a5c                daisy::MidiHandler<daisy::MidiUsbTransport>::ParseCallback(unsigned char*, unsigned int, void*)
 .text._Z13AudioCallbackPKfPfj
                0x08000ad0      0x1ec build/MiniSynth.o
                0x08000ad0                AudioCallback(float const*, float*, unsigned int)
 .text.startup.main
                0x08000cbc      0x218 build/MiniSynth.o
                0x08000cbc                main
 .text.startup._GLOBAL__sub_I_hw
                0x08000ed4       0xb0 build/MiniSynth.o
 .text._ZN5daisy9DaisySeed9ConfigureEv
                0x08000f84        0x4 ../../libDaisy//build\libdaisy.a(daisy_seed.o)
                0x08000f84                daisy::DaisySeed::Configure()
 .text._ZN5daisy9DaisySeed6GetPinEh
                0x08000f88       0x2c ../../libDaisy//build\libdaisy.a(daisy_seed.o)
                0x08000f88                daisy::DaisySeed::GetPin(unsigned char)
 .text._ZN5daisy9DaisySeed10StartAudioEPFvPKfPfjE
                0x08000fb4        0x8 ../../libDaisy//build\libdaisy.a(daisy_seed.o)
                0x08000fb4                daisy::DaisySeed::StartAudio(void (*)(float const*, float*, unsigned int))
 .text._ZN5daisy9DaisySeed15AudioSampleRateEv
                0x08000fbc        0x8 ../../libDaisy//build\libdaisy.a(daisy_seed.o)
                0x08000fbc                daisy::DaisySeed::AudioSampleRate()
 .text._ZN5daisy9DaisySeed17SetAudioBlockSizeEj
                0x08000fc4       0x38 ../../libDaisy//build\libdaisy.a(daisy_seed.o)
                0x08000fc4                daisy::DaisySeed::SetAudioBlockSize(unsigned int)
 .text._ZN5daisy9DaisySeed17CheckBoardVersionEv
                0x08000ffc       0x6c ../../libDaisy//build\libdaisy.a(daisy_seed.o)
                0x08000ffc                daisy::DaisySeed::CheckBoardVersion()
 .text._ZN5daisy9DaisySeed14ConfigureAudioEv
                0x08001068      0x10c ../../libDaisy//build\libdaisy.a(daisy_seed.o)
                0x08001068                daisy::DaisySeed::ConfigureAudio()
 .text._ZN5daisy9DaisySeed4InitEb
                0x08001174      0x108 ../../libDaisy//build\libdaisy.a(daisy_seed.o)
                0x08001174                daisy::DaisySeed::Init(bool)
 .text._ZN5daisy6Ak45564InitE12dsy_gpio_pin
                0x0800127c       0x44 ../../libDaisy//build\libdaisy.a(codec_ak4556.o)
                0x0800127c                daisy::Ak4556::Init(dsy_gpio_pin)
 .text._ZN5daisy6Wm873120WriteControlRegisterEht
                0x080012c0       0x3c ../../libDaisy//build\libdaisy.a(codec_wm8731.o)
                0x080012c0                daisy::Wm8731::WriteControlRegister(unsigned char, unsigned short)
 .text._ZN5daisy6Wm87314InitERKNS0_6ConfigENS_9I2CHandleE
                0x080012fc      0x1bc ../../libDaisy//build\libdaisy.a(codec_wm8731.o)
                0x080012fc                daisy::Wm8731::Init(daisy::Wm8731::Config const&, daisy::I2CHandle)
 .text._ZN11SdramHandle10DeviceInitEv
                0x080014b8       0x98 ../../libDaisy//build\libdaisy.a(sdram.o)
                0x080014b8                SdramHandle::DeviceInit()
 .text._ZN11SdramHandle4InitEv
                0x08001550       0x7c ../../libDaisy//build\libdaisy.a(sdram.o)
                0x08001550                SdramHandle::Init()
 .text.HAL_SDRAM_MspInit
                0x080015cc      0x1a8 ../../libDaisy//build\libdaisy.a(sdram.o)
                0x080015cc                HAL_SDRAM_MspInit
 .text._ZN5daisy11AudioHandle4Impl16InternalCallbackEPlS2_j
                0x08001774      0xbbc ../../libDaisy//build\libdaisy.a(audio.o)
                0x08001774                daisy::AudioHandle::Impl::InternalCallback(long*, long*, unsigned int)
 .text._ZN5daisy11AudioHandle4InitERKNS0_6ConfigENS_9SaiHandleE
                0x08002330       0x70 ../../libDaisy//build\libdaisy.a(audio.o)
                0x08002330                daisy::AudioHandle::Init(daisy::AudioHandle::Config const&, daisy::SaiHandle)
 .text._ZNK5daisy11AudioHandle9GetConfigEv
                0x080023a0        0x8 ../../libDaisy//build\libdaisy.a(audio.o)
                0x080023a0                daisy::AudioHandle::GetConfig() const
 .text._ZN5daisy11AudioHandle12SetBlockSizeEj
                0x080023a8       0x1c ../../libDaisy//build\libdaisy.a(audio.o)
                0x080023a8                daisy::AudioHandle::SetBlockSize(unsigned int)
 .text._ZN5daisy11AudioHandle13GetSampleRateEv
                0x080023c4        0x8 ../../libDaisy//build\libdaisy.a(audio.o)
                0x080023c4                daisy::AudioHandle::GetSampleRate()
 .text._ZN5daisy11AudioHandle5StartEPFvPKfPfjE
                0x080023cc       0x2c ../../libDaisy//build\libdaisy.a(audio.o)
                0x080023cc                daisy::AudioHandle::Start(void (*)(float const*, float*, unsigned int))
 .text.startup._GLOBAL__sub_I__ZN5daisy11AudioHandle4Impl4InitENS0_6ConfigENS_9SaiHandleE
                0x080023f8       0x24 ../../libDaisy//build\libdaisy.a(audio.o)
 .text._ZN5daisy10MidiParser5ParseEhPNS_9MidiEventE
                0x0800241c      0x170 ../../libDaisy//build\libdaisy.a(midi_parser.o)
                0x0800241c                daisy::MidiParser::Parse(unsigned char, daisy::MidiEvent*)
 .text._ZN5daisy10MidiParser5ResetEv
                0x0800258c        0xc ../../libDaisy//build\libdaisy.a(midi_parser.o)
                0x0800258c                daisy::MidiParser::Reset()
 .text._ZN5daisy16MidiUsbTransport4ImplD2Ev
                0x08002598        0x4 ../../libDaisy//build\libdaisy.a(usb_midi.o)
                0x08002598                daisy::MidiUsbTransport::Impl::~Impl()
                0x08002598                daisy::MidiUsbTransport::Impl::~Impl()
 .text._ZN5daisy16MidiUsbTransport4Impl5ParseEv
                0x0800259c       0x68 ../../libDaisy//build\libdaisy.a(usb_midi.o)
                0x0800259c                daisy::MidiUsbTransport::Impl::Parse()
 .text._Z15ReceiveCallbackPhPm
                0x08002604       0x9c ../../libDaisy//build\libdaisy.a(usb_midi.o)
                0x08002604                ReceiveCallback(unsigned char*, unsigned long*)
 .text._ZN5daisy16MidiUsbTransport4InitENS0_6ConfigE
                0x080026a0       0x54 ../../libDaisy//build\libdaisy.a(usb_midi.o)
                0x080026a0                daisy::MidiUsbTransport::Init(daisy::MidiUsbTransport::Config)
 .text._ZN5daisy16MidiUsbTransport7StartRxEPFvPhjPvES2_
                0x080026f4       0x14 ../../libDaisy//build\libdaisy.a(usb_midi.o)
                0x080026f4                daisy::MidiUsbTransport::StartRx(void (*)(unsigned char*, unsigned int, void*), void*)
 .text._ZN5daisy16MidiUsbTransport8RxActiveEv
                0x08002708        0x8 ../../libDaisy//build\libdaisy.a(usb_midi.o)
                0x08002708                daisy::MidiUsbTransport::RxActive()
 .text._ZN5daisy16MidiUsbTransport7FlushRxEv
                0x08002710        0xc ../../libDaisy//build\libdaisy.a(usb_midi.o)
                0x08002710                daisy::MidiUsbTransport::FlushRx()
 .text.startup._GLOBAL__sub_I__Z15ReceiveCallbackPhPm
                0x0800271c       0x60 ../../libDaisy//build\libdaisy.a(usb_midi.o)
 .text._ZN5daisy16AdcChannelConfig10InitSingleE12dsy_gpio_pinNS0_15ConversionSpeedE
                0x0800277c       0x28 ../../libDaisy//build\libdaisy.a(adc.o)
                0x0800277c                daisy::AdcChannelConfig::InitSingle(dsy_gpio_pin, daisy::AdcChannelConfig::ConversionSpeed)
 .text._ZN5daisy9AdcHandle4InitEPNS_16AdcChannelConfigEjNS0_12OverSamplingE
                0x080027a4      0x41c ../../libDaisy//build\libdaisy.a(adc.o)
                0x080027a4                daisy::AdcHandle::Init(daisy::AdcChannelConfig*, unsigned int, daisy::AdcHandle::OverSampling)
 .text._ZN5daisy9AdcHandle5StartEv
                0x08002bc0       0x2c ../../libDaisy//build\libdaisy.a(adc.o)
                0x08002bc0                daisy::AdcHandle::Start()
 .text._ZNK5daisy9AdcHandle8GetFloatEh
                0x08002bec       0x20 ../../libDaisy//build\libdaisy.a(adc.o)
                0x08002bec                daisy::AdcHandle::GetFloat(unsigned char) const
 .text.HAL_ADC_MspInit
                0x08002c0c       0x98 ../../libDaisy//build\libdaisy.a(adc.o)
                0x08002c0c                HAL_ADC_MspInit
 .text.DMA1_Stream2_IRQHandler
                0x08002ca4        0xc ../../libDaisy//build\libdaisy.a(adc.o)
                0x08002ca4                DMA1_Stream2_IRQHandler
 .text.HAL_ADC_ConvCpltCallback
                0x08002cb0      0x148 ../../libDaisy//build\libdaisy.a(adc.o)
                0x08002cb0                HAL_ADC_ConvCpltCallback
 .text.HAL_ADC_ErrorCallback
                0x08002df8        0x4 ../../libDaisy//build\libdaisy.a(adc.o)
                0x08002df8                HAL_ADC_ErrorCallback
 .text._ZN5daisy4GPIO4InitENS_3PinENS0_4ModeENS0_4PullENS0_5SpeedE
                0x08002dfc      0x1cc ../../libDaisy//build\libdaisy.a(gpio.o)
                0x08002dfc                daisy::GPIO::Init(daisy::Pin, daisy::GPIO::Mode, daisy::GPIO::Pull, daisy::GPIO::Speed)
 .text._ZN5daisy4GPIO4ReadEv
                0x08002fc8       0x18 ../../libDaisy//build\libdaisy.a(gpio.o)
                0x08002fc8                daisy::GPIO::Read()
 .text._ZN5daisy4GPIO5WriteEb
                0x08002fe0       0x14 ../../libDaisy//build\libdaisy.a(gpio.o)
                0x08002fe0                daisy::GPIO::Write(bool)
 .text.dsy_gpio_init
                0x08002ff4      0x1b8 ../../libDaisy//build\libdaisy.a(gpio.o)
                0x08002ff4                dsy_gpio_init
 .text.dsy_gpio_write
                0x080031ac       0x24 ../../libDaisy//build\libdaisy.a(gpio.o)
                0x080031ac                dsy_gpio_write
 .text._ZN5daisy9I2CHandle4Impl8InitPinsEv
                0x080031d0       0x58 ../../libDaisy//build\libdaisy.a(i2c.o)
                0x080031d0                daisy::I2CHandle::Impl::InitPins()
 .text.HAL_I2C_MspInit
                0x08003228      0x1b4 ../../libDaisy//build\libdaisy.a(i2c.o)
                0x08003228                HAL_I2C_MspInit
 .text.dsy_i2c_global_init
                0x080033dc       0x78 ../../libDaisy//build\libdaisy.a(i2c.o)
                0x080033dc                dsy_i2c_global_init
 .text.DMA1_Stream6_IRQHandler
                0x08003454       0x34 ../../libDaisy//build\libdaisy.a(i2c.o)
                0x08003454                DMA1_Stream6_IRQHandler
 .text.I2C1_EV_IRQHandler
                0x08003488        0xc ../../libDaisy//build\libdaisy.a(i2c.o)
                0x08003488                I2C1_EV_IRQHandler
 .text.I2C2_EV_IRQHandler
                0x08003494        0xc ../../libDaisy//build\libdaisy.a(i2c.o)
                0x08003494                I2C2_EV_IRQHandler
 .text.I2C3_EV_IRQHandler
                0x080034a0        0xc ../../libDaisy//build\libdaisy.a(i2c.o)
                0x080034a0                I2C3_EV_IRQHandler
 .text._ZN5daisy9I2CHandle4InitERKNS0_6ConfigE
                0x080034ac      0x12c ../../libDaisy//build\libdaisy.a(i2c.o)
                0x080034ac                daisy::I2CHandle::Init(daisy::I2CHandle::Config const&)
 .text._ZN5daisy9I2CHandle16TransmitBlockingEtPhtm
                0x080035d8       0x50 ../../libDaisy//build\libdaisy.a(i2c.o)
                0x080035d8                daisy::I2CHandle::TransmitBlocking(unsigned short, unsigned char*, unsigned short, unsigned long)
 .text.startup._GLOBAL__sub_I__ZN5daisy9I2CHandle4Impl10GlobalInitEv
                0x08003628       0x18 ../../libDaisy//build\libdaisy.a(i2c.o)
 .text._ZN5daisy10QSPIHandle4Impl11WriteEnableEv
                0x08003640       0x8c ../../libDaisy//build\libdaisy.a(qspi.o)
                0x08003640                daisy::QSPIHandle::Impl::WriteEnable()
 *fill*         0x080036cc        0x4 
 .text._ZN5daisy10QSPIHandle4Impl17DummyCyclesConfigENS0_6Config6DeviceE
                0x080036d0      0x118 ../../libDaisy//build\libdaisy.a(qspi.o)
                0x080036d0                daisy::QSPIHandle::Impl::DummyCyclesConfig(daisy::QSPIHandle::Config::Device)
 .text._ZN5daisy10QSPIHandle4Impl10QuadEnableEv
                0x080037e8      0x158 ../../libDaisy//build\libdaisy.a(qspi.o)
                0x080037e8                daisy::QSPIHandle::Impl::QuadEnable()
 .text._ZN5daisy10QSPIHandle4InitERKNS0_6ConfigE
                0x08003940      0x198 ../../libDaisy//build\libdaisy.a(qspi.o)
                0x08003940                daisy::QSPIHandle::Init(daisy::QSPIHandle::Config const&)
 .text.HAL_QSPI_MspInit
                0x08003ad8      0x11c ../../libDaisy//build\libdaisy.a(qspi.o)
                0x08003ad8                HAL_QSPI_MspInit
 .text.HAL_QSPI_MspDeInit
                0x08003bf4       0x54 ../../libDaisy//build\libdaisy.a(qspi.o)
                0x08003bf4                HAL_QSPI_MspDeInit
 .text.QUADSPI_IRQHandler
                0x08003c48        0xc ../../libDaisy//build\libdaisy.a(qspi.o)
                0x08003c48                QUADSPI_IRQHandler
 .text.startup._GLOBAL__sub_I__ZN5daisy10QSPIHandle4Impl4InitERKNS0_6ConfigE
                0x08003c54       0x28 ../../libDaisy//build\libdaisy.a(qspi.o)
 .text._ZN5daisy9SaiHandle4Impl7InitDmaENS1_15PeripheralBlockE
                0x08003c7c       0xa0 ../../libDaisy//build\libdaisy.a(sai.o)
                0x08003c7c                daisy::SaiHandle::Impl::InitDma(daisy::SaiHandle::Impl::PeripheralBlock)
 .text._ZN5daisy9SaiHandle4Impl8InitPinsEv
                0x08003d1c       0xa8 ../../libDaisy//build\libdaisy.a(sai.o)
                0x08003d1c                daisy::SaiHandle::Impl::InitPins()
 .text.HAL_SAI_MspInit
                0x08003dc4      0x164 ../../libDaisy//build\libdaisy.a(sai.o)
                0x08003dc4                HAL_SAI_MspInit
 .text.DMA1_Stream0_IRQHandler
                0x08003f28        0xc ../../libDaisy//build\libdaisy.a(sai.o)
                0x08003f28                DMA1_Stream0_IRQHandler
 .text.DMA1_Stream1_IRQHandler
                0x08003f34        0xc ../../libDaisy//build\libdaisy.a(sai.o)
                0x08003f34                DMA1_Stream1_IRQHandler
 .text.DMA1_Stream3_IRQHandler
                0x08003f40        0xc ../../libDaisy//build\libdaisy.a(sai.o)
                0x08003f40                DMA1_Stream3_IRQHandler
 .text.DMA1_Stream4_IRQHandler
                0x08003f4c        0xc ../../libDaisy//build\libdaisy.a(sai.o)
                0x08003f4c                DMA1_Stream4_IRQHandler
 .text.HAL_SAI_RxHalfCpltCallback
                0x08003f58       0x78 ../../libDaisy//build\libdaisy.a(sai.o)
                0x08003f58                HAL_SAI_RxHalfCpltCallback
 .text.HAL_SAI_RxCpltCallback
                0x08003fd0       0x70 ../../libDaisy//build\libdaisy.a(sai.o)
                0x08003fd0                HAL_SAI_RxCpltCallback
 .text._ZN5daisy9SaiHandle4InitERKNS0_6ConfigE
                0x08004040      0x1f0 ../../libDaisy//build\libdaisy.a(sai.o)
                0x08004040                daisy::SaiHandle::Init(daisy::SaiHandle::Config const&)
 .text._ZNK5daisy9SaiHandle9GetConfigEv
                0x08004230        0x4 ../../libDaisy//build\libdaisy.a(sai.o)
                0x08004230                daisy::SaiHandle::GetConfig() const
 .text._ZN5daisy9SaiHandle8StartDmaEPlS1_jPFvS1_S1_jE
                0x08004234       0xbc ../../libDaisy//build\libdaisy.a(sai.o)
                0x08004234                daisy::SaiHandle::StartDma(long*, long*, unsigned int, void (*)(long*, long*, unsigned int))
 .text._ZN5daisy9SaiHandle13GetSampleRateEv
                0x080042f0       0x24 ../../libDaisy//build\libdaisy.a(sai.o)
                0x080042f0                daisy::SaiHandle::GetSampleRate()
 .text._ZNK5daisy9SaiHandle9GetOffsetEv
                0x08004314        0x8 ../../libDaisy//build\libdaisy.a(sai.o)
                0x08004314                daisy::SaiHandle::GetOffset() const
 .text._ZN5daisy11TimerHandleD2Ev
                0x0800431c        0x4 ../../libDaisy//build\libdaisy.a(system.o)
                0x0800431c                daisy::TimerHandle::~TimerHandle()
                0x0800431c                daisy::TimerHandle::~TimerHandle()
 .text.SysTick_Handler
                0x08004320       0x10 ../../libDaisy//build\libdaisy.a(system.o)
                0x08004320                SysTick_Handler
 .text.OTG_HS_EP1_OUT_IRQHandler
                0x08004330       0x24 ../../libDaisy//build\libdaisy.a(system.o)
                0x08004330                OTG_HS_EP1_OUT_IRQHandler
 .text.OTG_HS_EP1_IN_IRQHandler
                0x08004354       0x24 ../../libDaisy//build\libdaisy.a(system.o)
                0x08004354                OTG_HS_EP1_IN_IRQHandler
 .text.OTG_HS_IRQHandler
                0x08004378       0x24 ../../libDaisy//build\libdaisy.a(system.o)
                0x08004378                OTG_HS_IRQHandler
 .text.HardFault_Handler
                0x0800439c       0xe0 ../../libDaisy//build\libdaisy.a(system.o)
                0x0800439c                HardFault_Handler
 .text._ZN5daisy6System5DelayEm
                0x0800447c        0x4 ../../libDaisy//build\libdaisy.a(system.o)
                0x0800447c                daisy::System::Delay(unsigned long)
 .text._ZN5daisy6System20GetBootloaderVersionEv
                0x08004480       0x34 ../../libDaisy//build\libdaisy.a(system.o)
                0x08004480                daisy::System::GetBootloaderVersion()
 .text._ZN5daisy6System15ConfigureClocksEv
                0x080044b4      0x194 ../../libDaisy//build\libdaisy.a(system.o)
                0x080044b4                daisy::System::ConfigureClocks()
 .text._ZN5daisy6System12ConfigureMpuEv
                0x08004648       0x7c ../../libDaisy//build\libdaisy.a(system.o)
                0x08004648                daisy::System::ConfigureMpu()
 .text._ZN5daisy6System4InitERKNS0_6ConfigE
                0x080046c4       0xec ../../libDaisy//build\libdaisy.a(system.o)
                0x080046c4                daisy::System::Init(daisy::System::Config const&)
 .text._ZN5daisy6System12GetPClk1FreqEv
                0x080047b0        0x4 ../../libDaisy//build\libdaisy.a(system.o)
                0x080047b0                daisy::System::GetPClk1Freq()
 .text._ZN5daisy6System22GetProgramMemoryRegionEv
                0x080047b4       0x78 ../../libDaisy//build\libdaisy.a(system.o)
                0x080047b4                daisy::System::GetProgramMemoryRegion()
 .text.startup._GLOBAL__sub_I__ZN5daisy9boot_infoE
                0x0800482c       0x1c ../../libDaisy//build\libdaisy.a(system.o)
 .text.SystemInit
                0x08004848       0x9c ../../libDaisy//build\libdaisy.a(system_stm32h7xx.o)
                0x08004848                SystemInit
 .text.HAL_PCD_MspInit
                0x080048e4      0x144 ../../libDaisy//build\libdaisy.a(usbd_conf.o)
                0x080048e4                HAL_PCD_MspInit
 .text.HAL_PCD_SetupStageCallback
                0x08004a28        0xc ../../libDaisy//build\libdaisy.a(usbd_conf.o)
                0x08004a28                HAL_PCD_SetupStageCallback
 .text.HAL_PCD_DataOutStageCallback
                0x08004a34       0x14 ../../libDaisy//build\libdaisy.a(usbd_conf.o)
                0x08004a34                HAL_PCD_DataOutStageCallback
 .text.HAL_PCD_DataInStageCallback
                0x08004a48       0x14 ../../libDaisy//build\libdaisy.a(usbd_conf.o)
                0x08004a48                HAL_PCD_DataInStageCallback
 .text.HAL_PCD_SOFCallback
                0x08004a5c        0x8 ../../libDaisy//build\libdaisy.a(usbd_conf.o)
                0x08004a5c                HAL_PCD_SOFCallback
 .text.HAL_PCD_ResetCallback
                0x08004a64       0x24 ../../libDaisy//build\libdaisy.a(usbd_conf.o)
                0x08004a64                HAL_PCD_ResetCallback
 .text.HAL_PCD_SuspendCallback
                0x08004a88       0x30 ../../libDaisy//build\libdaisy.a(usbd_conf.o)
                0x08004a88                HAL_PCD_SuspendCallback
 .text.HAL_PCD_ResumeCallback
                0x08004ab8        0x8 ../../libDaisy//build\libdaisy.a(usbd_conf.o)
                0x08004ab8                HAL_PCD_ResumeCallback
 .text.HAL_PCD_ISOOUTIncompleteCallback
                0x08004ac0        0x8 ../../libDaisy//build\libdaisy.a(usbd_conf.o)
                0x08004ac0                HAL_PCD_ISOOUTIncompleteCallback
 .text.HAL_PCD_ISOINIncompleteCallback
                0x08004ac8        0x8 ../../libDaisy//build\libdaisy.a(usbd_conf.o)
                0x08004ac8                HAL_PCD_ISOINIncompleteCallback
 .text.HAL_PCD_ConnectCallback
                0x08004ad0        0x8 ../../libDaisy//build\libdaisy.a(usbd_conf.o)
                0x08004ad0                HAL_PCD_ConnectCallback
 .text.HAL_PCD_DisconnectCallback
                0x08004ad8        0x8 ../../libDaisy//build\libdaisy.a(usbd_conf.o)
                0x08004ad8                HAL_PCD_DisconnectCallback
 .text.USBD_LL_Init
                0x08004ae0       0xe4 ../../libDaisy//build\libdaisy.a(usbd_conf.o)
                0x08004ae0                USBD_LL_Init
 .text.USBD_LL_Start
                0x08004bc4       0x1c ../../libDaisy//build\libdaisy.a(usbd_conf.o)
                0x08004bc4                USBD_LL_Start
 .text.USBD_LL_OpenEP
                0x08004be0       0x24 ../../libDaisy//build\libdaisy.a(usbd_conf.o)
                0x08004be0                USBD_LL_OpenEP
 .text.USBD_LL_CloseEP
                0x08004c04       0x1c ../../libDaisy//build\libdaisy.a(usbd_conf.o)
                0x08004c04                USBD_LL_CloseEP
 .text.USBD_LL_StallEP
                0x08004c20       0x1c ../../libDaisy//build\libdaisy.a(usbd_conf.o)
                0x08004c20                USBD_LL_StallEP
 .text.USBD_LL_ClearStallEP
                0x08004c3c       0x1c ../../libDaisy//build\libdaisy.a(usbd_conf.o)
                0x08004c3c                USBD_LL_ClearStallEP
 .text.USBD_LL_IsStallEP
                0x08004c58       0x28 ../../libDaisy//build\libdaisy.a(usbd_conf.o)
                0x08004c58                USBD_LL_IsStallEP
 .text.USBD_LL_SetUSBAddress
                0x08004c80       0x1c ../../libDaisy//build\libdaisy.a(usbd_conf.o)
                0x08004c80                USBD_LL_SetUSBAddress
 .text.USBD_LL_Transmit
                0x08004c9c       0x1c ../../libDaisy//build\libdaisy.a(usbd_conf.o)
                0x08004c9c                USBD_LL_Transmit
 .text.USBD_LL_PrepareReceive
                0x08004cb8       0x1c ../../libDaisy//build\libdaisy.a(usbd_conf.o)
                0x08004cb8                USBD_LL_PrepareReceive
 .text.USBD_LL_GetRxDataSize
                0x08004cd4        0x8 ../../libDaisy//build\libdaisy.a(usbd_conf.o)
                0x08004cd4                USBD_LL_GetRxDataSize
 .text.HAL_HCD_SOF_Callback
                0x08004cdc        0x8 ../../libDaisy//build\libdaisy.a(usbh_conf.o)
                0x08004cdc                HAL_HCD_SOF_Callback
 .text.HAL_HCD_Connect_Callback
                0x08004ce4        0x8 ../../libDaisy//build\libdaisy.a(usbh_conf.o)
                0x08004ce4                HAL_HCD_Connect_Callback
 .text.HAL_HCD_Disconnect_Callback
                0x08004cec        0x8 ../../libDaisy//build\libdaisy.a(usbh_conf.o)
                0x08004cec                HAL_HCD_Disconnect_Callback
 .text.HAL_HCD_HC_NotifyURBChange_Callback
                0x08004cf4        0x4 ../../libDaisy//build\libdaisy.a(usbh_conf.o)
                0x08004cf4                HAL_HCD_HC_NotifyURBChange_Callback
 .text.HAL_HCD_PortEnabled_Callback
                0x08004cf8        0x8 ../../libDaisy//build\libdaisy.a(usbh_conf.o)
                0x08004cf8                HAL_HCD_PortEnabled_Callback
 .text.HAL_HCD_PortDisabled_Callback
                0x08004d00        0x8 ../../libDaisy//build\libdaisy.a(usbh_conf.o)
                0x08004d00                HAL_HCD_PortDisabled_Callback
 .text.USBH_LL_Stop
                0x08004d08       0x1c ../../libDaisy//build\libdaisy.a(usbh_conf.o)
                0x08004d08                USBH_LL_Stop
 .text.dsy_hal_map_get_port
                0x08004d24       0x10 ../../libDaisy//build\libdaisy.a(hal_map.o)
                0x08004d24                dsy_hal_map_get_port
 .text.dsy_hal_map_get_pin
                0x08004d34       0x10 ../../libDaisy//build\libdaisy.a(hal_map.o)
                0x08004d34                dsy_hal_map_get_pin
 .text.dsy_hal_map_gpio_clk_enable
                0x08004d44      0x150 ../../libDaisy//build\libdaisy.a(hal_map.o)
                0x08004d44                dsy_hal_map_gpio_clk_enable
 .text.HAL_MspInit
                0x08004e94        0x4 ../../libDaisy//build\libdaisy.a(stm32h7xx_hal.o)
                0x08004e94                HAL_MspInit
 .text.HAL_InitTick
                0x08004e98       0x4c ../../libDaisy//build\libdaisy.a(stm32h7xx_hal.o)
                0x08004e98                HAL_InitTick
 .text.HAL_Init
                0x08004ee4       0x60 ../../libDaisy//build\libdaisy.a(stm32h7xx_hal.o)
                0x08004ee4                HAL_Init
 .text.HAL_IncTick
                0x08004f44       0x18 ../../libDaisy//build\libdaisy.a(stm32h7xx_hal.o)
                0x08004f44                HAL_IncTick
 .text.HAL_GetTick
                0x08004f5c        0xc ../../libDaisy//build\libdaisy.a(stm32h7xx_hal.o)
                0x08004f5c                HAL_GetTick
 .text.HAL_Delay
                0x08004f68       0x24 ../../libDaisy//build\libdaisy.a(stm32h7xx_hal.o)
                0x08004f68                HAL_Delay
 .text.HAL_GetREVID
                0x08004f8c        0xc ../../libDaisy//build\libdaisy.a(stm32h7xx_hal.o)
                0x08004f8c                HAL_GetREVID
 .text.HAL_ADC_ConvHalfCpltCallback
                0x08004f98        0x4 ../../libDaisy//build\libdaisy.a(stm32h7xx_hal_adc.o)
                0x08004f98                HAL_ADC_ConvHalfCpltCallback
 .text.ADC_DMAHalfConvCplt
                0x08004f9c        0xc ../../libDaisy//build\libdaisy.a(stm32h7xx_hal_adc.o)
                0x08004f9c                ADC_DMAHalfConvCplt
 .text.ADC_DMAConvCplt
                0x08004fa8       0x6c ../../libDaisy//build\libdaisy.a(stm32h7xx_hal_adc.o)
                0x08004fa8                ADC_DMAConvCplt
 .text.ADC_DMAError
                0x08005014       0x1c ../../libDaisy//build\libdaisy.a(stm32h7xx_hal_adc.o)
                0x08005014                ADC_DMAError
 .text.HAL_ADC_ConfigChannel
                0x08005030      0x3fc ../../libDaisy//build\libdaisy.a(stm32h7xx_hal_adc.o)
                0x08005030                HAL_ADC_ConfigChannel
 .text.ADC_Enable
                0x0800542c       0xac ../../libDaisy//build\libdaisy.a(stm32h7xx_hal_adc.o)
                0x0800542c                ADC_Enable
 .text.HAL_ADC_Start_DMA
                0x080054d8      0x114 ../../libDaisy//build\libdaisy.a(stm32h7xx_hal_adc.o)
                0x080054d8                HAL_ADC_Start_DMA
 .text.ADC_Disable
                0x080055ec       0x68 ../../libDaisy//build\libdaisy.a(stm32h7xx_hal_adc.o)
                0x080055ec                ADC_Disable
 .text.ADC_ConfigureBoostMode
                0x08005654      0x184 ../../libDaisy//build\libdaisy.a(stm32h7xx_hal_adc.o)
                0x08005654                ADC_ConfigureBoostMode
 .text.HAL_ADC_Init
                0x080057d8      0x218 ../../libDaisy//build\libdaisy.a(stm32h7xx_hal_adc.o)
                0x080057d8                HAL_ADC_Init
 .text.HAL_ADCEx_Calibration_Start
                0x080059f0       0xa4 ../../libDaisy//build\libdaisy.a(stm32h7xx_hal_adc_ex.o)
                0x080059f0                HAL_ADCEx_Calibration_Start
 .text.HAL_ADCEx_MultiModeConfigChannel
                0x08005a94       0xc4 ../../libDaisy//build\libdaisy.a(stm32h7xx_hal_adc_ex.o)
                0x08005a94                HAL_ADCEx_MultiModeConfigChannel
 .text.HAL_NVIC_SetPriorityGrouping
                0x08005b58       0x24 ../../libDaisy//build\libdaisy.a(stm32h7xx_hal_cortex.o)
                0x08005b58                HAL_NVIC_SetPriorityGrouping
 .text.HAL_NVIC_SetPriority
                0x08005b7c       0x7c ../../libDaisy//build\libdaisy.a(stm32h7xx_hal_cortex.o)
                0x08005b7c                HAL_NVIC_SetPriority
 .text.HAL_NVIC_EnableIRQ
                0x08005bf8       0x1c ../../libDaisy//build\libdaisy.a(stm32h7xx_hal_cortex.o)
                0x08005bf8                HAL_NVIC_EnableIRQ
 .text.HAL_NVIC_DisableIRQ
                0x08005c14       0x28 ../../libDaisy//build\libdaisy.a(stm32h7xx_hal_cortex.o)
                0x08005c14                HAL_NVIC_DisableIRQ
 .text.HAL_SYSTICK_Config
                0x08005c3c       0x2c ../../libDaisy//build\libdaisy.a(stm32h7xx_hal_cortex.o)
                0x08005c3c                HAL_SYSTICK_Config
 .text.HAL_MPU_Disable
                0x08005c68       0x1c ../../libDaisy//build\libdaisy.a(stm32h7xx_hal_cortex.o)
                0x08005c68                HAL_MPU_Disable
 .text.HAL_MPU_Enable
                0x08005c84       0x20 ../../libDaisy//build\libdaisy.a(stm32h7xx_hal_cortex.o)
                0x08005c84                HAL_MPU_Enable
 .text.HAL_MPU_ConfigRegion
                0x08005ca4       0x64 ../../libDaisy//build\libdaisy.a(stm32h7xx_hal_cortex.o)
                0x08005ca4                HAL_MPU_ConfigRegion
 .text.HAL_SYSTICK_Callback
                0x08005d08        0x4 ../../libDaisy//build\libdaisy.a(stm32h7xx_hal_cortex.o)
                0x08005d08                HAL_SYSTICK_Callback
 .text.HAL_SYSTICK_IRQHandler
                0x08005d0c        0x8 ../../libDaisy//build\libdaisy.a(stm32h7xx_hal_cortex.o)
                0x08005d0c                HAL_SYSTICK_IRQHandler
 .text.DMA_CalcBaseAndBitshift
                0x08005d14       0xf4 ../../libDaisy//build\libdaisy.a(stm32h7xx_hal_dma.o)
 .text.DMA_CalcDMAMUXChannelBaseAndMask
                0x08005e08       0xd8 ../../libDaisy//build\libdaisy.a(stm32h7xx_hal_dma.o)
 .text.HAL_DMA_Init
                0x08005ee0      0x37c ../../libDaisy//build\libdaisy.a(stm32h7xx_hal_dma.o)
                0x08005ee0                HAL_DMA_Init
 .text.HAL_DMA_Start_IT
                0x0800625c      0x240 ../../libDaisy//build\libdaisy.a(stm32h7xx_hal_dma.o)
                0x0800625c                HAL_DMA_Start_IT
 .text.HAL_DMA_Abort_IT
                0x0800649c      0x134 ../../libDaisy//build\libdaisy.a(stm32h7xx_hal_dma.o)
                0x0800649c                HAL_DMA_Abort_IT
 .text.HAL_DMA_IRQHandler
                0x080065d0      0x6a0 ../../libDaisy//build\libdaisy.a(stm32h7xx_hal_dma.o)
                0x080065d0                HAL_DMA_IRQHandler
 .text.HAL_DMA_GetError
                0x08006c70        0x4 ../../libDaisy//build\libdaisy.a(stm32h7xx_hal_dma.o)
                0x08006c70                HAL_DMA_GetError
 .text.HAL_GPIO_Init
                0x08006c74      0x280 ../../libDaisy//build\libdaisy.a(stm32h7xx_hal_gpio.o)
                0x08006c74                HAL_GPIO_Init
 .text.HAL_GPIO_DeInit
                0x08006ef4      0x190 ../../libDaisy//build\libdaisy.a(stm32h7xx_hal_gpio.o)
                0x08006ef4                HAL_GPIO_DeInit
 .text.HAL_GPIO_ReadPin
                0x08007084        0xc ../../libDaisy//build\libdaisy.a(stm32h7xx_hal_gpio.o)
                0x08007084                HAL_GPIO_ReadPin
 .text.HAL_GPIO_WritePin
                0x08007090        0x8 ../../libDaisy//build\libdaisy.a(stm32h7xx_hal_gpio.o)
                0x08007090                HAL_GPIO_WritePin
 .text.HAL_HCD_IRQHandler
                0x08007098      0x780 ../../libDaisy//build\libdaisy.a(stm32h7xx_hal_hcd.o)
                0x08007098                HAL_HCD_IRQHandler
 .text.HAL_HCD_Stop
                0x08007818       0x28 ../../libDaisy//build\libdaisy.a(stm32h7xx_hal_hcd.o)
                0x08007818                HAL_HCD_Stop
 .text.I2C_WaitOnTXISFlagUntilTimeout
                0x08007840       0xb8 ../../libDaisy//build\libdaisy.a(stm32h7xx_hal_i2c.o)
 .text.I2C_WaitOnSTOPFlagUntilTimeout
                0x080078f8       0xac ../../libDaisy//build\libdaisy.a(stm32h7xx_hal_i2c.o)
 .text.HAL_I2C_Init
                0x080079a4       0xac ../../libDaisy//build\libdaisy.a(stm32h7xx_hal_i2c.o)
                0x080079a4                HAL_I2C_Init
 .text.HAL_I2C_Master_Transmit
                0x08007a50      0x1a8 ../../libDaisy//build\libdaisy.a(stm32h7xx_hal_i2c.o)
                0x08007a50                HAL_I2C_Master_Transmit
 .text.HAL_I2C_Slave_Transmit
                0x08007bf8      0x1c8 ../../libDaisy//build\libdaisy.a(stm32h7xx_hal_i2c.o)
                0x08007bf8                HAL_I2C_Slave_Transmit
 .text.HAL_I2C_EV_IRQHandler
                0x08007dc0       0x10 ../../libDaisy//build\libdaisy.a(stm32h7xx_hal_i2c.o)
                0x08007dc0                HAL_I2C_EV_IRQHandler
 .text.HAL_I2C_GetState
                0x08007dd0        0x8 ../../libDaisy//build\libdaisy.a(stm32h7xx_hal_i2c.o)
                0x08007dd0                HAL_I2C_GetState
 .text.HAL_I2CEx_ConfigAnalogFilter
                0x08007dd8       0x54 ../../libDaisy//build\libdaisy.a(stm32h7xx_hal_i2c_ex.o)
                0x08007dd8                HAL_I2CEx_ConfigAnalogFilter
 .text.HAL_I2CEx_ConfigDigitalFilter
                0x08007e2c       0x58 ../../libDaisy//build\libdaisy.a(stm32h7xx_hal_i2c_ex.o)
                0x08007e2c                HAL_I2CEx_ConfigDigitalFilter
 .text.HAL_PCD_Init
                0x08007e84      0x12c ../../libDaisy//build\libdaisy.a(stm32h7xx_hal_pcd.o)
                0x08007e84                HAL_PCD_Init
 .text.HAL_PCD_Start
                0x08007fb0       0x44 ../../libDaisy//build\libdaisy.a(stm32h7xx_hal_pcd.o)
                0x08007fb0                HAL_PCD_Start
 .text.HAL_PCD_IRQHandler
                0x08007ff4      0x69c ../../libDaisy//build\libdaisy.a(stm32h7xx_hal_pcd.o)
                0x08007ff4                HAL_PCD_IRQHandler
 .text.HAL_PCD_SetAddress
                0x08008690       0x2c ../../libDaisy//build\libdaisy.a(stm32h7xx_hal_pcd.o)
                0x08008690                HAL_PCD_SetAddress
 .text.HAL_PCD_EP_Open
                0x080086bc       0x7c ../../libDaisy//build\libdaisy.a(stm32h7xx_hal_pcd.o)
                0x080086bc                HAL_PCD_EP_Open
 .text.HAL_PCD_EP_Close
                0x08008738       0x6c ../../libDaisy//build\libdaisy.a(stm32h7xx_hal_pcd.o)
                0x08008738                HAL_PCD_EP_Close
 .text.HAL_PCD_EP_Receive
                0x080087a4       0x50 ../../libDaisy//build\libdaisy.a(stm32h7xx_hal_pcd.o)
                0x080087a4                HAL_PCD_EP_Receive
 .text.HAL_PCD_EP_GetRxCount
                0x080087f4       0x14 ../../libDaisy//build\libdaisy.a(stm32h7xx_hal_pcd.o)
                0x080087f4                HAL_PCD_EP_GetRxCount
 .text.HAL_PCD_EP_Transmit
                0x08008808       0x50 ../../libDaisy//build\libdaisy.a(stm32h7xx_hal_pcd.o)
                0x08008808                HAL_PCD_EP_Transmit
 .text.HAL_PCD_EP_SetStall
                0x08008858       0x88 ../../libDaisy//build\libdaisy.a(stm32h7xx_hal_pcd.o)
                0x08008858                HAL_PCD_EP_SetStall
 .text.HAL_PCD_EP_ClrStall
                0x080088e0       0x78 ../../libDaisy//build\libdaisy.a(stm32h7xx_hal_pcd.o)
                0x080088e0                HAL_PCD_EP_ClrStall
 .text.HAL_PCDEx_SetTxFiFo
                0x08008958       0x54 ../../libDaisy//build\libdaisy.a(stm32h7xx_hal_pcd_ex.o)
                0x08008958                HAL_PCDEx_SetTxFiFo
 .text.HAL_PCDEx_SetRxFiFo
                0x080089ac        0xc ../../libDaisy//build\libdaisy.a(stm32h7xx_hal_pcd_ex.o)
                0x080089ac                HAL_PCDEx_SetRxFiFo
 .text.HAL_PCDEx_ActivateLPM
                0x080089b8       0x30 ../../libDaisy//build\libdaisy.a(stm32h7xx_hal_pcd_ex.o)
                0x080089b8                HAL_PCDEx_ActivateLPM
 .text.HAL_PCDEx_LPM_Callback
                0x080089e8        0x4 ../../libDaisy//build\libdaisy.a(stm32h7xx_hal_pcd_ex.o)
                0x080089e8                HAL_PCDEx_LPM_Callback
 .text.HAL_PWREx_ConfigSupply
                0x080089ec       0x4c ../../libDaisy//build\libdaisy.a(stm32h7xx_hal_pwr_ex.o)
                0x080089ec                HAL_PWREx_ConfigSupply
 .text.HAL_PWREx_EnableUSBVoltageDetector
                0x08008a38       0x10 ../../libDaisy//build\libdaisy.a(stm32h7xx_hal_pwr_ex.o)
                0x08008a38                HAL_PWREx_EnableUSBVoltageDetector
 .text.QSPI_Config
                0x08008a48      0x174 ../../libDaisy//build\libdaisy.a(stm32h7xx_hal_qspi.o)
 .text.HAL_QSPI_Init
                0x08008bbc       0xd8 ../../libDaisy//build\libdaisy.a(stm32h7xx_hal_qspi.o)
                0x08008bbc                HAL_QSPI_Init
 .text.HAL_QSPI_DeInit
                0x08008c94       0x3c ../../libDaisy//build\libdaisy.a(stm32h7xx_hal_qspi.o)
                0x08008c94                HAL_QSPI_DeInit
 .text.HAL_QSPI_Command
                0x08008cd0       0xd4 ../../libDaisy//build\libdaisy.a(stm32h7xx_hal_qspi.o)
                0x08008cd0                HAL_QSPI_Command
 .text.HAL_QSPI_Transmit
                0x08008da4       0xfc ../../libDaisy//build\libdaisy.a(stm32h7xx_hal_qspi.o)
                0x08008da4                HAL_QSPI_Transmit
 .text.HAL_QSPI_Receive
                0x08008ea0      0x108 ../../libDaisy//build\libdaisy.a(stm32h7xx_hal_qspi.o)
                0x08008ea0                HAL_QSPI_Receive
 .text.HAL_QSPI_AutoPolling
                0x08008fa8       0xf0 ../../libDaisy//build\libdaisy.a(stm32h7xx_hal_qspi.o)
                0x08008fa8                HAL_QSPI_AutoPolling
 .text.HAL_QSPI_MemoryMapped
                0x08009098       0xc0 ../../libDaisy//build\libdaisy.a(stm32h7xx_hal_qspi.o)
                0x08009098                HAL_QSPI_MemoryMapped
 .text.HAL_QSPI_ErrorCallback
                0x08009158        0x4 ../../libDaisy//build\libdaisy.a(stm32h7xx_hal_qspi.o)
                0x08009158                HAL_QSPI_ErrorCallback
 .text.QSPI_DMAAbortCplt
                0x0800915c       0x38 ../../libDaisy//build\libdaisy.a(stm32h7xx_hal_qspi.o)
 .text.HAL_QSPI_AbortCpltCallback
                0x08009194        0x4 ../../libDaisy//build\libdaisy.a(stm32h7xx_hal_qspi.o)
                0x08009194                HAL_QSPI_AbortCpltCallback
 .text.HAL_QSPI_CmdCpltCallback
                0x08009198        0x4 ../../libDaisy//build\libdaisy.a(stm32h7xx_hal_qspi.o)
                0x08009198                HAL_QSPI_CmdCpltCallback
 .text.HAL_QSPI_RxCpltCallback
                0x0800919c        0x4 ../../libDaisy//build\libdaisy.a(stm32h7xx_hal_qspi.o)
                0x0800919c                HAL_QSPI_RxCpltCallback
 .text.HAL_QSPI_TxCpltCallback
                0x080091a0        0x4 ../../libDaisy//build\libdaisy.a(stm32h7xx_hal_qspi.o)
                0x080091a0                HAL_QSPI_TxCpltCallback
 .text.HAL_QSPI_FifoThresholdCallback
                0x080091a4        0x4 ../../libDaisy//build\libdaisy.a(stm32h7xx_hal_qspi.o)
                0x080091a4                HAL_QSPI_FifoThresholdCallback
 .text.HAL_QSPI_StatusMatchCallback
                0x080091a8        0x4 ../../libDaisy//build\libdaisy.a(stm32h7xx_hal_qspi.o)
                0x080091a8                HAL_QSPI_StatusMatchCallback
 .text.HAL_QSPI_TimeOutCallback
                0x080091ac        0x4 ../../libDaisy//build\libdaisy.a(stm32h7xx_hal_qspi.o)
                0x080091ac                HAL_QSPI_TimeOutCallback
 .text.HAL_QSPI_IRQHandler
                0x080091b0      0x210 ../../libDaisy//build\libdaisy.a(stm32h7xx_hal_qspi.o)
                0x080091b0                HAL_QSPI_IRQHandler
 .text.HAL_RCC_OscConfig
                0x080093c0      0x51c ../../libDaisy//build\libdaisy.a(stm32h7xx_hal_rcc.o)
                0x080093c0                HAL_RCC_OscConfig
 .text.HAL_RCC_GetSysClockFreq
                0x080098dc      0x140 ../../libDaisy//build\libdaisy.a(stm32h7xx_hal_rcc.o)
                0x080098dc                HAL_RCC_GetSysClockFreq
 .text.HAL_RCC_ClockConfig
                0x08009a1c      0x234 ../../libDaisy//build\libdaisy.a(stm32h7xx_hal_rcc.o)
                0x08009a1c                HAL_RCC_ClockConfig
 .text.HAL_RCC_GetHCLKFreq
                0x08009c50       0x2c ../../libDaisy//build\libdaisy.a(stm32h7xx_hal_rcc.o)
                0x08009c50                HAL_RCC_GetHCLKFreq
 .text.HAL_RCC_GetPCLK1Freq
                0x08009c7c       0x38 ../../libDaisy//build\libdaisy.a(stm32h7xx_hal_rcc.o)
                0x08009c7c                HAL_RCC_GetPCLK1Freq
 .text.HAL_RCC_GetPCLK2Freq
                0x08009cb4       0x38 ../../libDaisy//build\libdaisy.a(stm32h7xx_hal_rcc.o)
                0x08009cb4                HAL_RCC_GetPCLK2Freq
 .text.RCCEx_PLL2_Config
                0x08009cec       0xf4 ../../libDaisy//build\libdaisy.a(stm32h7xx_hal_rcc_ex.o)
 .text.RCCEx_PLL3_Config
                0x08009de0       0xf4 ../../libDaisy//build\libdaisy.a(stm32h7xx_hal_rcc_ex.o)
 .text.HAL_RCCEx_PeriphCLKConfig
                0x08009ed4      0xa7c ../../libDaisy//build\libdaisy.a(stm32h7xx_hal_rcc_ex.o)
                0x08009ed4                HAL_RCCEx_PeriphCLKConfig
 .text.HAL_RCCEx_GetD3PCLK1Freq
                0x0800a950       0x24 ../../libDaisy//build\libdaisy.a(stm32h7xx_hal_rcc_ex.o)
                0x0800a950                HAL_RCCEx_GetD3PCLK1Freq
 .text.HAL_RCCEx_GetPLL2ClockFreq
                0x0800a974      0x17c ../../libDaisy//build\libdaisy.a(stm32h7xx_hal_rcc_ex.o)
                0x0800a974                HAL_RCCEx_GetPLL2ClockFreq
 .text.HAL_RCCEx_GetPLL3ClockFreq
                0x0800aaf0      0x17c ../../libDaisy//build\libdaisy.a(stm32h7xx_hal_rcc_ex.o)
                0x0800aaf0                HAL_RCCEx_GetPLL3ClockFreq
 .text.HAL_RCCEx_GetPLL1ClockFreq
                0x0800ac6c      0x17c ../../libDaisy//build\libdaisy.a(stm32h7xx_hal_rcc_ex.o)
                0x0800ac6c                HAL_RCCEx_GetPLL1ClockFreq
 .text.HAL_RCCEx_GetPeriphCLKFreq
                0x0800ade8      0x198 ../../libDaisy//build\libdaisy.a(stm32h7xx_hal_rcc_ex.o)
                0x0800ade8                HAL_RCCEx_GetPeriphCLKFreq
 .text.HAL_RCCEx_GetD1SysClockFreq
                0x0800af80       0x2c ../../libDaisy//build\libdaisy.a(stm32h7xx_hal_rcc_ex.o)
                0x0800af80                HAL_RCCEx_GetD1SysClockFreq
 .text.HAL_SAI_Init.part.0
                0x0800afac      0x348 ../../libDaisy//build\libdaisy.a(stm32h7xx_hal_sai.o)
 .text.HAL_SAI_InitProtocol
                0x0800b2f4      0x178 ../../libDaisy//build\libdaisy.a(stm32h7xx_hal_sai.o)
                0x0800b2f4                HAL_SAI_InitProtocol
 .text.HAL_SAI_Transmit_DMA
                0x0800b46c      0x124 ../../libDaisy//build\libdaisy.a(stm32h7xx_hal_sai.o)
                0x0800b46c                HAL_SAI_Transmit_DMA
 .text.HAL_SAI_Receive_DMA
                0x0800b590       0xd0 ../../libDaisy//build\libdaisy.a(stm32h7xx_hal_sai.o)
                0x0800b590                HAL_SAI_Receive_DMA
 .text.HAL_SAI_TxCpltCallback
                0x0800b660        0x4 ../../libDaisy//build\libdaisy.a(stm32h7xx_hal_sai.o)
                0x0800b660                HAL_SAI_TxCpltCallback
 .text.SAI_DMATxCplt
                0x0800b664       0x64 ../../libDaisy//build\libdaisy.a(stm32h7xx_hal_sai.o)
 .text.HAL_SAI_TxHalfCpltCallback
                0x0800b6c8        0x4 ../../libDaisy//build\libdaisy.a(stm32h7xx_hal_sai.o)
                0x0800b6c8                HAL_SAI_TxHalfCpltCallback
 .text.SAI_DMATxHalfCplt
                0x0800b6cc        0xc ../../libDaisy//build\libdaisy.a(stm32h7xx_hal_sai.o)
 .text.SAI_DMARxCplt
                0x0800b6d8       0x64 ../../libDaisy//build\libdaisy.a(stm32h7xx_hal_sai.o)
 .text.SAI_DMARxHalfCplt
                0x0800b73c        0xc ../../libDaisy//build\libdaisy.a(stm32h7xx_hal_sai.o)
 .text.HAL_SAI_ErrorCallback
                0x0800b748        0x4 ../../libDaisy//build\libdaisy.a(stm32h7xx_hal_sai.o)
                0x0800b748                HAL_SAI_ErrorCallback
 .text.SAI_DMAError
                0x0800b74c       0x6c ../../libDaisy//build\libdaisy.a(stm32h7xx_hal_sai.o)
 .text.HAL_SDRAM_Init
                0x0800b7b8       0x54 ../../libDaisy//build\libdaisy.a(stm32h7xx_hal_sdram.o)
                0x0800b7b8                HAL_SDRAM_Init
 .text.HAL_SDRAM_SendCommand
                0x0800b80c       0x40 ../../libDaisy//build\libdaisy.a(stm32h7xx_hal_sdram.o)
                0x0800b80c                HAL_SDRAM_SendCommand
 .text.HAL_SDRAM_ProgramRefreshRate
                0x0800b84c       0x30 ../../libDaisy//build\libdaisy.a(stm32h7xx_hal_sdram.o)
                0x0800b84c                HAL_SDRAM_ProgramRefreshRate
 .text.FMC_SDRAM_Init
                0x0800b87c       0x7c ../../libDaisy//build\libdaisy.a(stm32h7xx_ll_fmc.o)
                0x0800b87c                FMC_SDRAM_Init
 .text.FMC_SDRAM_Timing_Init
                0x0800b8f8       0x98 ../../libDaisy//build\libdaisy.a(stm32h7xx_ll_fmc.o)
                0x0800b8f8                FMC_SDRAM_Timing_Init
 .text.FMC_SDRAM_SendCommand
                0x0800b990       0x28 ../../libDaisy//build\libdaisy.a(stm32h7xx_ll_fmc.o)
                0x0800b990                FMC_SDRAM_SendCommand
 .text.FMC_SDRAM_ProgramRefreshRate
                0x0800b9b8       0x1c ../../libDaisy//build\libdaisy.a(stm32h7xx_ll_fmc.o)
                0x0800b9b8                FMC_SDRAM_ProgramRefreshRate
 .text.USB_CoreInit
                0x0800b9d4      0x124 ../../libDaisy//build\libdaisy.a(stm32h7xx_ll_usb.o)
                0x0800b9d4                USB_CoreInit
 .text.USB_SetTurnaroundTime
                0x0800baf8      0x104 ../../libDaisy//build\libdaisy.a(stm32h7xx_ll_usb.o)
                0x0800baf8                USB_SetTurnaroundTime
 .text.USB_EnableGlobalInt
                0x0800bbfc       0x10 ../../libDaisy//build\libdaisy.a(stm32h7xx_ll_usb.o)
                0x0800bbfc                USB_EnableGlobalInt
 .text.USB_DisableGlobalInt
                0x0800bc0c       0x10 ../../libDaisy//build\libdaisy.a(stm32h7xx_ll_usb.o)
                0x0800bc0c                USB_DisableGlobalInt
 .text.USB_SetCurrentMode
                0x0800bc1c       0x30 ../../libDaisy//build\libdaisy.a(stm32h7xx_ll_usb.o)
                0x0800bc1c                USB_SetCurrentMode
 .text.USB_DevInit
                0x0800bc4c      0x20c ../../libDaisy//build\libdaisy.a(stm32h7xx_ll_usb.o)
                0x0800bc4c                USB_DevInit
 .text.USB_FlushTxFifo
                0x0800be58       0x34 ../../libDaisy//build\libdaisy.a(stm32h7xx_ll_usb.o)
                0x0800be58                USB_FlushTxFifo
 .text.USB_GetDevSpeed
                0x0800be8c       0x24 ../../libDaisy//build\libdaisy.a(stm32h7xx_ll_usb.o)
                0x0800be8c                USB_GetDevSpeed
 .text.USB_ActivateEndpoint
                0x0800beb0       0x90 ../../libDaisy//build\libdaisy.a(stm32h7xx_ll_usb.o)
                0x0800beb0                USB_ActivateEndpoint
 .text.USB_DeactivateEndpoint
                0x0800bf40       0x84 ../../libDaisy//build\libdaisy.a(stm32h7xx_ll_usb.o)
                0x0800bf40                USB_DeactivateEndpoint
 .text.USB_EPStartXfer
                0x0800bfc4      0x230 ../../libDaisy//build\libdaisy.a(stm32h7xx_ll_usb.o)
                0x0800bfc4                USB_EPStartXfer
 .text.USB_EP0StartXfer
                0x0800c1f4      0x174 ../../libDaisy//build\libdaisy.a(stm32h7xx_ll_usb.o)
                0x0800c1f4                USB_EP0StartXfer
 .text.USB_WritePacket
                0x0800c368       0x2c ../../libDaisy//build\libdaisy.a(stm32h7xx_ll_usb.o)
                0x0800c368                USB_WritePacket
 .text.USB_ReadPacket
                0x0800c394       0x20 ../../libDaisy//build\libdaisy.a(stm32h7xx_ll_usb.o)
                0x0800c394                USB_ReadPacket
 .text.USB_EPSetStall
                0x0800c3b4       0x68 ../../libDaisy//build\libdaisy.a(stm32h7xx_ll_usb.o)
                0x0800c3b4                USB_EPSetStall
 .text.USB_EPClearStall
                0x0800c41c       0x58 ../../libDaisy//build\libdaisy.a(stm32h7xx_ll_usb.o)
                0x0800c41c                USB_EPClearStall
 .text.USB_SetDevAddress
                0x0800c474       0x24 ../../libDaisy//build\libdaisy.a(stm32h7xx_ll_usb.o)
                0x0800c474                USB_SetDevAddress
 .text.USB_DevConnect
                0x0800c498       0x1c ../../libDaisy//build\libdaisy.a(stm32h7xx_ll_usb.o)
                0x0800c498                USB_DevConnect
 .text.USB_DevDisconnect
                0x0800c4b4       0x1c ../../libDaisy//build\libdaisy.a(stm32h7xx_ll_usb.o)
                0x0800c4b4                USB_DevDisconnect
 .text.USB_ReadInterrupts
                0x0800c4d0       0x14 ../../libDaisy//build\libdaisy.a(stm32h7xx_ll_usb.o)
                0x0800c4d0                USB_ReadInterrupts
 .text.USB_ReadDevAllOutEpInterrupt
                0x0800c4e4       0x1c ../../libDaisy//build\libdaisy.a(stm32h7xx_ll_usb.o)
                0x0800c4e4                USB_ReadDevAllOutEpInterrupt
 .text.USB_ReadDevAllInEpInterrupt
                0x0800c500       0x1c ../../libDaisy//build\libdaisy.a(stm32h7xx_ll_usb.o)
                0x0800c500                USB_ReadDevAllInEpInterrupt
 .text.USB_ReadDevOutEPInterrupt
                0x0800c51c       0x1c ../../libDaisy//build\libdaisy.a(stm32h7xx_ll_usb.o)
                0x0800c51c                USB_ReadDevOutEPInterrupt
 .text.USB_ReadDevInEPInterrupt
                0x0800c538       0x38 ../../libDaisy//build\libdaisy.a(stm32h7xx_ll_usb.o)
                0x0800c538                USB_ReadDevInEPInterrupt
 .text.USB_GetMode
                0x0800c570        0x8 ../../libDaisy//build\libdaisy.a(stm32h7xx_ll_usb.o)
                0x0800c570                USB_GetMode
 .text.USB_ActivateSetup
                0x0800c578       0x38 ../../libDaisy//build\libdaisy.a(stm32h7xx_ll_usb.o)
                0x0800c578                USB_ActivateSetup
 .text.USB_EP0_OutStart
                0x0800c5b0       0x58 ../../libDaisy//build\libdaisy.a(stm32h7xx_ll_usb.o)
                0x0800c5b0                USB_EP0_OutStart
 .text.USB_InitFSLSPClkSel
                0x0800c608       0x44 ../../libDaisy//build\libdaisy.a(stm32h7xx_ll_usb.o)
                0x0800c608                USB_InitFSLSPClkSel
 .text.USB_HC_ReadInterrupt
                0x0800c64c        0x8 ../../libDaisy//build\libdaisy.a(stm32h7xx_ll_usb.o)
                0x0800c64c                USB_HC_ReadInterrupt
 .text.USB_HC_Halt
                0x0800c654       0xc0 ../../libDaisy//build\libdaisy.a(stm32h7xx_ll_usb.o)
                0x0800c654                USB_HC_Halt
 .text.USB_StopHost
                0x0800c714      0x2ec ../../libDaisy//build\libdaisy.a(stm32h7xx_ll_usb.o)
                0x0800c714                USB_StopHost
 .text.USBD_Init
                0x0800ca00       0x44 ../../libDaisy//build\libdaisy.a(usbd_core.o)
                0x0800ca00                USBD_Init
 .text.USBD_RegisterClass
                0x0800ca44       0x2c ../../libDaisy//build\libdaisy.a(usbd_core.o)
                0x0800ca44                USBD_RegisterClass
 .text.USBD_Start
                0x0800ca70        0xc ../../libDaisy//build\libdaisy.a(usbd_core.o)
                0x0800ca70                USBD_Start
 .text.USBD_SetClassConfig
                0x0800ca7c       0x14 ../../libDaisy//build\libdaisy.a(usbd_core.o)
                0x0800ca7c                USBD_SetClassConfig
 .text.USBD_ClrClassConfig
                0x0800ca90       0x10 ../../libDaisy//build\libdaisy.a(usbd_core.o)
                0x0800ca90                USBD_ClrClassConfig
 .text.USBD_LL_SetupStage
                0x0800caa0       0x5c ../../libDaisy//build\libdaisy.a(usbd_core.o)
                0x0800caa0                USBD_LL_SetupStage
 .text.USBD_LL_DataOutStage
                0x0800cafc       0x7c ../../libDaisy//build\libdaisy.a(usbd_core.o)
                0x0800cafc                USBD_LL_DataOutStage
 .text.USBD_LL_DataInStage
                0x0800cb78       0xcc ../../libDaisy//build\libdaisy.a(usbd_core.o)
                0x0800cb78                USBD_LL_DataInStage
 .text.USBD_LL_Reset
                0x0800cc44       0x50 ../../libDaisy//build\libdaisy.a(usbd_core.o)
                0x0800cc44                USBD_LL_Reset
 .text.USBD_LL_SetSpeed
                0x0800cc94        0x8 ../../libDaisy//build\libdaisy.a(usbd_core.o)
                0x0800cc94                USBD_LL_SetSpeed
 .text.USBD_LL_Suspend
                0x0800cc9c       0x14 ../../libDaisy//build\libdaisy.a(usbd_core.o)
                0x0800cc9c                USBD_LL_Suspend
 .text.USBD_LL_Resume
                0x0800ccb0       0x10 ../../libDaisy//build\libdaisy.a(usbd_core.o)
                0x0800ccb0                USBD_LL_Resume
 .text.USBD_LL_SOF
                0x0800ccc0       0x1c ../../libDaisy//build\libdaisy.a(usbd_core.o)
                0x0800ccc0                USBD_LL_SOF
 .text.USBD_LL_IsoINIncomplete
                0x0800ccdc        0x4 ../../libDaisy//build\libdaisy.a(usbd_core.o)
                0x0800ccdc                USBD_LL_IsoINIncomplete
 .text.USBD_LL_IsoOUTIncomplete
                0x0800cce0        0x4 ../../libDaisy//build\libdaisy.a(usbd_core.o)
                0x0800cce0                USBD_LL_IsoOUTIncomplete
 .text.USBD_LL_DevConnected
                0x0800cce4        0x4 ../../libDaisy//build\libdaisy.a(usbd_core.o)
                0x0800cce4                USBD_LL_DevConnected
 .text.USBD_LL_DevDisconnected
                0x0800cce8       0x18 ../../libDaisy//build\libdaisy.a(usbd_core.o)
                0x0800cce8                USBD_LL_DevDisconnected
 .text.USBD_StdDevReq
                0x0800cd00      0x304 ../../libDaisy//build\libdaisy.a(usbd_ctlreq.o)
                0x0800cd00                USBD_StdDevReq
 .text.USBD_StdItfReq
                0x0800d004       0x68 ../../libDaisy//build\libdaisy.a(usbd_ctlreq.o)
                0x0800d004                USBD_StdItfReq
 .text.USBD_StdEPReq
                0x0800d06c      0x13c ../../libDaisy//build\libdaisy.a(usbd_ctlreq.o)
                0x0800d06c                USBD_StdEPReq
 .text.USBD_ParseSetupRequest
                0x0800d1a8       0x28 ../../libDaisy//build\libdaisy.a(usbd_ctlreq.o)
                0x0800d1a8                USBD_ParseSetupRequest
 .text.USBD_CtlError
                0x0800d1d0       0x18 ../../libDaisy//build\libdaisy.a(usbd_ctlreq.o)
                0x0800d1d0                USBD_CtlError
 .text.USBD_GetString
                0x0800d1e8       0x54 ../../libDaisy//build\libdaisy.a(usbd_ctlreq.o)
                0x0800d1e8                USBD_GetString
 .text.USBD_CtlSendData
                0x0800d23c       0x1c ../../libDaisy//build\libdaisy.a(usbd_ioreq.o)
                0x0800d23c                USBD_CtlSendData
 .text.USBD_CtlContinueSendData
                0x0800d258       0x14 ../../libDaisy//build\libdaisy.a(usbd_ioreq.o)
                0x0800d258                USBD_CtlContinueSendData
 .text.USBD_CtlPrepareRx
                0x0800d26c       0x1c ../../libDaisy//build\libdaisy.a(usbd_ioreq.o)
                0x0800d26c                USBD_CtlPrepareRx
 .text.USBD_CtlContinueRx
                0x0800d288       0x14 ../../libDaisy//build\libdaisy.a(usbd_ioreq.o)
                0x0800d288                USBD_CtlContinueRx
 .text.USBD_CtlSendStatus
                0x0800d29c       0x18 ../../libDaisy//build\libdaisy.a(usbd_ioreq.o)
                0x0800d29c                USBD_CtlSendStatus
 .text.USBD_CtlReceiveStatus
                0x0800d2b4       0x18 ../../libDaisy//build\libdaisy.a(usbd_ioreq.o)
                0x0800d2b4                USBD_CtlReceiveStatus
 .text.USBH_LL_IncTimer
                0x0800d2cc       0x20 ../../libDaisy//build\libdaisy.a(usbh_core.o)
                0x0800d2cc                USBH_LL_IncTimer
 .text.USBH_LL_PortEnabled
                0x0800d2ec        0x8 ../../libDaisy//build\libdaisy.a(usbh_core.o)
                0x0800d2ec                USBH_LL_PortEnabled
 .text.USBH_LL_PortDisabled
                0x0800d2f4        0x8 ../../libDaisy//build\libdaisy.a(usbh_core.o)
                0x0800d2f4                USBH_LL_PortDisabled
 .text.USBH_LL_Connect
                0x0800d2fc       0x18 ../../libDaisy//build\libdaisy.a(usbh_core.o)
                0x0800d2fc                USBH_LL_Connect
 .text.USBH_LL_Disconnect
                0x0800d314       0x2c ../../libDaisy//build\libdaisy.a(usbh_core.o)
                0x0800d314                USBH_LL_Disconnect
 .text.USBH_FreePipe
                0x0800d340       0x18 ../../libDaisy//build\libdaisy.a(usbh_pipes.o)
                0x0800d340                USBH_FreePipe
 .text.DummyRxCallback
                0x0800d358        0x4 ../../libDaisy//build\libdaisy.a(usb.o)
                0x0800d358                DummyRxCallback
 .text._ZN5daisy9UsbHandle4InitENS0_9UsbPeriphE
                0x0800d35c      0x10c ../../libDaisy//build\libdaisy.a(usb.o)
                0x0800d35c                daisy::UsbHandle::Init(daisy::UsbHandle::UsbPeriph)
 .text._ZN5daisy9UsbHandle18SetReceiveCallbackEPFvPhPmENS0_9UsbPeriphE
                0x0800d468       0x38 ../../libDaisy//build\libdaisy.a(usb.o)
                0x0800d468                daisy::UsbHandle::SetReceiveCallback(void (*)(unsigned char*, unsigned long*), daisy::UsbHandle::UsbPeriph)
 .text.OTG_FS_EP1_OUT_IRQHandler
                0x0800d4a0        0xc ../../libDaisy//build\libdaisy.a(usb.o)
                0x0800d4a0                OTG_FS_EP1_OUT_IRQHandler
 .text.OTG_FS_EP1_IN_IRQHandler
                0x0800d4ac        0xc ../../libDaisy//build\libdaisy.a(usb.o)
                0x0800d4ac                OTG_FS_EP1_IN_IRQHandler
 .text.OTG_FS_IRQHandler
                0x0800d4b8        0xc ../../libDaisy//build\libdaisy.a(usb.o)
                0x0800d4b8                OTG_FS_IRQHandler
 .text._ZN5daisy6Random4InitEv
                0x0800d4c4       0x3c ../../libDaisy//build\libdaisy.a(rng.o)
                0x0800d4c4                daisy::Random::Init()
 .text._ZN5daisy9SpiHandle4Impl7InitDmaEv
                0x0800d500       0xec ../../libDaisy//build\libdaisy.a(spi.o)
                0x0800d500                daisy::SpiHandle::Impl::InitDma()
 .text._ZN5daisy9SpiHandle4Impl10StartDmaTxEPhjPFvPvEPFvS3_NS0_6ResultEES3_
                0x0800d5ec       0xc8 ../../libDaisy//build\libdaisy.a(spi.o)
                0x0800d5ec                daisy::SpiHandle::Impl::StartDmaTx(unsigned char*, unsigned int, void (*)(void*), void (*)(void*, daisy::SpiHandle::Result), void*)
 .text._ZN5daisy9SpiHandle4Impl10StartDmaRxEPhjPFvPvEPFvS3_NS0_6ResultEES3_
                0x0800d6b4       0xc8 ../../libDaisy//build\libdaisy.a(spi.o)
                0x0800d6b4                daisy::SpiHandle::Impl::StartDmaRx(unsigned char*, unsigned int, void (*)(void*), void (*)(void*, daisy::SpiHandle::Result), void*)
 .text._ZN5daisy9SpiHandle4Impl12StartDmaRxTxEPhS2_jPFvPvEPFvS3_NS0_6ResultEES3_
                0x0800d77c       0xcc ../../libDaisy//build\libdaisy.a(spi.o)
                0x0800d77c                daisy::SpiHandle::Impl::StartDmaRxTx(unsigned char*, unsigned char*, unsigned int, void (*)(void*), void (*)(void*, daisy::SpiHandle::Result), void*)
 .text._ZN5daisy9SpiHandle4Impl8InitPinsEv
                0x0800d848      0x274 ../../libDaisy//build\libdaisy.a(spi.o)
                0x0800d848                daisy::SpiHandle::Impl::InitPins()
 .text.HAL_SPI_MspInit
                0x0800dabc      0x1a8 ../../libDaisy//build\libdaisy.a(spi.o)
                0x0800dabc                HAL_SPI_MspInit
 .text.dsy_spi_global_init
                0x0800dc64       0x80 ../../libDaisy//build\libdaisy.a(spi.o)
                0x0800dc64                dsy_spi_global_init
 .text.SPI1_IRQHandler
                0x0800dce4        0xc ../../libDaisy//build\libdaisy.a(spi.o)
                0x0800dce4                SPI1_IRQHandler
 .text.SPI2_IRQHandler
                0x0800dcf0        0xc ../../libDaisy//build\libdaisy.a(spi.o)
                0x0800dcf0                SPI2_IRQHandler
 .text.SPI3_IRQHandler
                0x0800dcfc        0xc ../../libDaisy//build\libdaisy.a(spi.o)
                0x0800dcfc                SPI3_IRQHandler
 .text.SPI4_IRQHandler
                0x0800dd08        0xc ../../libDaisy//build\libdaisy.a(spi.o)
                0x0800dd08                SPI4_IRQHandler
 .text.SPI5_IRQHandler
                0x0800dd14        0xc ../../libDaisy//build\libdaisy.a(spi.o)
                0x0800dd14                SPI5_IRQHandler
 .text.DMA2_Stream2_IRQHandler
                0x0800dd20       0x34 ../../libDaisy//build\libdaisy.a(spi.o)
                0x0800dd20                DMA2_Stream2_IRQHandler
 .text.DMA2_Stream3_IRQHandler
                0x0800dd54       0x38 ../../libDaisy//build\libdaisy.a(spi.o)
                0x0800dd54                DMA2_Stream3_IRQHandler
 .text.HAL_SPI_TxCpltCallback
                0x0800dd8c       0xc4 ../../libDaisy//build\libdaisy.a(spi.o)
                0x0800dd8c                HAL_SPI_TxCpltCallback
 .text.HAL_SPI_RxCpltCallback
                0x0800de50       0xc4 ../../libDaisy//build\libdaisy.a(spi.o)
                0x0800de50                HAL_SPI_RxCpltCallback
 .text.HAL_SPI_TxRxCpltCallback
                0x0800df14       0xc4 ../../libDaisy//build\libdaisy.a(spi.o)
                0x0800df14                HAL_SPI_TxRxCpltCallback
 .text.HAL_SPI_ErrorCallback
                0x0800dfd8       0xc8 ../../libDaisy//build\libdaisy.a(spi.o)
                0x0800dfd8                HAL_SPI_ErrorCallback
 .text.startup._GLOBAL__sub_I__Z19MapInstanceToHandleP11SPI_TypeDef
                0x0800e0a0      0x1b0 ../../libDaisy//build\libdaisy.a(spi.o)
 .text.HAL_TIM_Base_MspInit
                0x0800e250      0x1e0 ../../libDaisy//build\libdaisy.a(tim.o)
                0x0800e250                HAL_TIM_Base_MspInit
 .text.HAL_TIM_PeriodElapsedCallback
                0x0800e430       0x44 ../../libDaisy//build\libdaisy.a(tim.o)
                0x0800e430                HAL_TIM_PeriodElapsedCallback
 .text.TIM2_IRQHandler
                0x0800e474        0xc ../../libDaisy//build\libdaisy.a(tim.o)
                0x0800e474                TIM2_IRQHandler
 .text.TIM3_IRQHandler
                0x0800e480        0xc ../../libDaisy//build\libdaisy.a(tim.o)
                0x0800e480                TIM3_IRQHandler
 .text.TIM4_IRQHandler
                0x0800e48c        0xc ../../libDaisy//build\libdaisy.a(tim.o)
                0x0800e48c                TIM4_IRQHandler
 .text.TIM5_IRQHandler
                0x0800e498        0xc ../../libDaisy//build\libdaisy.a(tim.o)
                0x0800e498                TIM5_IRQHandler
 .text._ZN5daisy11TimerHandle4InitERKNS0_6ConfigE
                0x0800e4a4       0xd0 ../../libDaisy//build\libdaisy.a(tim.o)
                0x0800e4a4                daisy::TimerHandle::Init(daisy::TimerHandle::Config const&)
 .text._ZN5daisy11TimerHandle5StartEv
                0x0800e574       0x24 ../../libDaisy//build\libdaisy.a(tim.o)
                0x0800e574                daisy::TimerHandle::Start()
 .text.startup._GLOBAL__sub_I__ZN5daisy11TimerHandle4Impl4InitERKNS0_6ConfigE
                0x0800e598       0x38 ../../libDaisy//build\libdaisy.a(tim.o)
 .text._ZL20UART_CheckRxListenerPN5daisy11UartHandler4ImplE
                0x0800e5d0       0x84 ../../libDaisy//build\libdaisy.a(uart.o)
 .text._ZN5daisy11UartHandler4Impl10StartDmaTxEPhjPFvPvEPFvS3_NS0_6ResultEES3_
                0x0800e654      0x184 ../../libDaisy//build\libdaisy.a(uart.o)
                0x0800e654                daisy::UartHandler::Impl::StartDmaTx(unsigned char*, unsigned int, void (*)(void*), void (*)(void*, daisy::UartHandler::Result), void*)
 .text._ZN5daisy11UartHandler4Impl10StartDmaRxEPhjPFvPvEPFvS3_NS0_6ResultEES3_
                0x0800e7d8      0x184 ../../libDaisy//build\libdaisy.a(uart.o)
                0x0800e7d8                daisy::UartHandler::Impl::StartDmaRx(unsigned char*, unsigned int, void (*)(void*), void (*)(void*, daisy::UartHandler::Result), void*)
 .text._ZN5daisy11UartHandler4Impl19DmaTransferFinishedEP20__UART_HandleTypeDefNS0_6ResultE
                0x0800e95c       0xc0 ../../libDaisy//build\libdaisy.a(uart.o)
                0x0800e95c                daisy::UartHandler::Impl::DmaTransferFinished(__UART_HandleTypeDef*, daisy::UartHandler::Result)
 .text._ZN5daisy11UartHandler4Impl8InitPinsEv
                0x0800ea1c      0x154 ../../libDaisy//build\libdaisy.a(uart.o)
                0x0800ea1c                daisy::UartHandler::Impl::InitPins()
 .text.HAL_UART_MspInit
                0x0800eb70      0x210 ../../libDaisy//build\libdaisy.a(uart.o)
                0x0800eb70                HAL_UART_MspInit
 .text.dsy_uart_global_init
                0x0800ed80      0x110 ../../libDaisy//build\libdaisy.a(uart.o)
                0x0800ed80                dsy_uart_global_init
 .text.USART1_IRQHandler
                0x0800ee90       0x2c ../../libDaisy//build\libdaisy.a(uart.o)
                0x0800ee90                USART1_IRQHandler
 .text.USART2_IRQHandler
                0x0800eebc       0x34 ../../libDaisy//build\libdaisy.a(uart.o)
                0x0800eebc                USART2_IRQHandler
 .text.USART3_IRQHandler
                0x0800eef0       0x34 ../../libDaisy//build\libdaisy.a(uart.o)
                0x0800eef0                USART3_IRQHandler
 .text.UART4_IRQHandler
                0x0800ef24       0x34 ../../libDaisy//build\libdaisy.a(uart.o)
                0x0800ef24                UART4_IRQHandler
 .text.UART5_IRQHandler
                0x0800ef58       0x34 ../../libDaisy//build\libdaisy.a(uart.o)
                0x0800ef58                UART5_IRQHandler
 .text.USART6_IRQHandler
                0x0800ef8c       0x34 ../../libDaisy//build\libdaisy.a(uart.o)
                0x0800ef8c                USART6_IRQHandler
 .text.UART7_IRQHandler
                0x0800efc0       0x34 ../../libDaisy//build\libdaisy.a(uart.o)
                0x0800efc0                UART7_IRQHandler
 .text.UART8_IRQHandler
                0x0800eff4       0x34 ../../libDaisy//build\libdaisy.a(uart.o)
                0x0800eff4                UART8_IRQHandler
 .text.LPUART1_IRQHandler
                0x0800f028       0x34 ../../libDaisy//build\libdaisy.a(uart.o)
                0x0800f028                LPUART1_IRQHandler
 .text.DMA1_Stream5_IRQHandler
                0x0800f05c       0x34 ../../libDaisy//build\libdaisy.a(uart.o)
                0x0800f05c                DMA1_Stream5_IRQHandler
 .text.DMA2_Stream4_IRQHandler
                0x0800f090       0x38 ../../libDaisy//build\libdaisy.a(uart.o)
                0x0800f090                DMA2_Stream4_IRQHandler
 .text.HAL_UART_TxCpltCallback
                0x0800f0c8        0x8 ../../libDaisy//build\libdaisy.a(uart.o)
                0x0800f0c8                HAL_UART_TxCpltCallback
 .text.HAL_UART_RxCpltCallback
                0x0800f0d0       0x94 ../../libDaisy//build\libdaisy.a(uart.o)
                0x0800f0d0                HAL_UART_RxCpltCallback
 .text.HAL_UART_RxHalfCpltCallback
                0x0800f164       0x90 ../../libDaisy//build\libdaisy.a(uart.o)
                0x0800f164                HAL_UART_RxHalfCpltCallback
 .text.HAL_UART_ErrorCallback
                0x0800f1f4        0x8 ../../libDaisy//build\libdaisy.a(uart.o)
                0x0800f1f4                HAL_UART_ErrorCallback
 .text.startup._GLOBAL__sub_I__Z19MapInstanceToHandleP13USART_TypeDef
                0x0800f1fc      0x194 ../../libDaisy//build\libdaisy.a(uart.o)
 .text.dsy_dma_init
                0x0800f390      0x100 ../../libDaisy//build\libdaisy.a(dma.o)
                0x0800f390                dsy_dma_init
 .text.dsy_dma_invalidate_cache_for_buffer
                0x0800f490       0x2c ../../libDaisy//build\libdaisy.a(dma.o)
                0x0800f490                dsy_dma_invalidate_cache_for_buffer
 .text.dummy_rx_callback
                0x0800f4bc        0x4 ../../libDaisy//build\libdaisy.a(usbd_cdc_if.o)
                0x0800f4bc                dummy_rx_callback
 .text.CDC_DeInit_FS
                0x0800f4c0        0x4 ../../libDaisy//build\libdaisy.a(usbd_cdc_if.o)
 .text.CDC_Receive_FS
                0x0800f4c4       0x2c ../../libDaisy//build\libdaisy.a(usbd_cdc_if.o)
 .text.CDC_Receive_HS
                0x0800f4f0       0x2c ../../libDaisy//build\libdaisy.a(usbd_cdc_if.o)
 .text.CDC_Init_FS
                0x0800f51c       0x3c ../../libDaisy//build\libdaisy.a(usbd_cdc_if.o)
 .text.CDC_Init_HS
                0x0800f558       0x3c ../../libDaisy//build\libdaisy.a(usbd_cdc_if.o)
 .text.CDC_Control_FS
                0x0800f594       0x34 ../../libDaisy//build\libdaisy.a(usbd_cdc_if.o)
 .text.CDC_Control_HS
                0x0800f5c8       0x34 ../../libDaisy//build\libdaisy.a(usbd_cdc_if.o)
 .text.CDC_DeInit_HS
                0x0800f5fc        0x4 ../../libDaisy//build\libdaisy.a(usbd_cdc_if.o)
 .text.CDC_Set_Rx_Callback_FS
                0x0800f600        0xc ../../libDaisy//build\libdaisy.a(usbd_cdc_if.o)
                0x0800f600                CDC_Set_Rx_Callback_FS
 .text.CDC_Set_Rx_Callback_HS
                0x0800f60c        0xc ../../libDaisy//build\libdaisy.a(usbd_cdc_if.o)
                0x0800f60c                CDC_Set_Rx_Callback_HS
 .text.USBD_HS_DeviceDescriptor
                0x0800f618        0xc ../../libDaisy//build\libdaisy.a(usbd_desc.o)
                0x0800f618                USBD_HS_DeviceDescriptor
 .text.USBD_FS_DeviceDescriptor
                0x0800f624        0xc ../../libDaisy//build\libdaisy.a(usbd_desc.o)
                0x0800f624                USBD_FS_DeviceDescriptor
 .text.USBD_FS_LangIDStrDescriptor
                0x0800f630        0xc ../../libDaisy//build\libdaisy.a(usbd_desc.o)
                0x0800f630                USBD_FS_LangIDStrDescriptor
 .text.USBD_FS_ManufacturerStrDescriptor
                0x0800f63c       0x1c ../../libDaisy//build\libdaisy.a(usbd_desc.o)
                0x0800f63c                USBD_FS_ManufacturerStrDescriptor
 .text.USBD_HS_ProductStrDescriptor
                0x0800f658       0x1c ../../libDaisy//build\libdaisy.a(usbd_desc.o)
                0x0800f658                USBD_HS_ProductStrDescriptor
 .text.USBD_FS_ConfigStrDescriptor
                0x0800f674       0x1c ../../libDaisy//build\libdaisy.a(usbd_desc.o)
                0x0800f674                USBD_FS_ConfigStrDescriptor
 .text.USBD_FS_InterfaceStrDescriptor
                0x0800f690       0x1c ../../libDaisy//build\libdaisy.a(usbd_desc.o)
                0x0800f690                USBD_FS_InterfaceStrDescriptor
 .text.USBD_FS_ProductStrDescriptor
                0x0800f6ac       0x1c ../../libDaisy//build\libdaisy.a(usbd_desc.o)
                0x0800f6ac                USBD_FS_ProductStrDescriptor
 .text.USBD_HS_LangIDStrDescriptor
                0x0800f6c8        0xc ../../libDaisy//build\libdaisy.a(usbd_desc.o)
                0x0800f6c8                USBD_HS_LangIDStrDescriptor
 .text.USBD_HS_ManufacturerStrDescriptor
                0x0800f6d4       0x1c ../../libDaisy//build\libdaisy.a(usbd_desc.o)
                0x0800f6d4                USBD_HS_ManufacturerStrDescriptor
 .text.USBD_FS_SerialStrDescriptor
                0x0800f6f0      0x124 ../../libDaisy//build\libdaisy.a(usbd_desc.o)
                0x0800f6f0                USBD_FS_SerialStrDescriptor
 .text.USBD_HS_SerialStrDescriptor
                0x0800f814      0x124 ../../libDaisy//build\libdaisy.a(usbd_desc.o)
                0x0800f814                USBD_HS_SerialStrDescriptor
 .text.USBD_HS_InterfaceStrDescriptor
                0x0800f938       0x1c ../../libDaisy//build\libdaisy.a(usbd_desc.o)
                0x0800f938                USBD_HS_InterfaceStrDescriptor
 .text.USBD_HS_ConfigStrDescriptor
                0x0800f954       0x1c ../../libDaisy//build\libdaisy.a(usbd_desc.o)
                0x0800f954                USBD_HS_ConfigStrDescriptor
 .text.HAL_MDMA_Abort_IT
                0x0800f970       0x2c ../../libDaisy//build\libdaisy.a(stm32h7xx_hal_mdma.o)
                0x0800f970                HAL_MDMA_Abort_IT
 .text.SPI_CloseTransfer
                0x0800f99c       0xb8 ../../libDaisy//build\libdaisy.a(stm32h7xx_hal_spi.o)
 .text.HAL_SPI_Init
                0x0800fa54      0x15c ../../libDaisy//build\libdaisy.a(stm32h7xx_hal_spi.o)
                0x0800fa54                HAL_SPI_Init
 .text.HAL_SPI_Transmit_DMA
                0x0800fbb0      0x170 ../../libDaisy//build\libdaisy.a(stm32h7xx_hal_spi.o)
                0x0800fbb0                HAL_SPI_Transmit_DMA
 .text.HAL_SPI_TransmitReceive_DMA
                0x0800fd20      0x218 ../../libDaisy//build\libdaisy.a(stm32h7xx_hal_spi.o)
                0x0800fd20                HAL_SPI_TransmitReceive_DMA
 .text.HAL_SPI_Receive_DMA
                0x0800ff38      0x1b4 ../../libDaisy//build\libdaisy.a(stm32h7xx_hal_spi.o)
                0x0800ff38                HAL_SPI_Receive_DMA
 .text.SPI_DMATransmitCplt
                0x080100ec       0x28 ../../libDaisy//build\libdaisy.a(stm32h7xx_hal_spi.o)
 .text.SPI_DMAReceiveCplt
                0x08010114       0x28 ../../libDaisy//build\libdaisy.a(stm32h7xx_hal_spi.o)
 .text.SPI_DMATransmitReceiveCplt
                0x0801013c       0x28 ../../libDaisy//build\libdaisy.a(stm32h7xx_hal_spi.o)
 .text.HAL_SPI_TxHalfCpltCallback
                0x08010164        0x4 ../../libDaisy//build\libdaisy.a(stm32h7xx_hal_spi.o)
                0x08010164                HAL_SPI_TxHalfCpltCallback
 .text.SPI_DMAHalfTransmitCplt
                0x08010168        0xc ../../libDaisy//build\libdaisy.a(stm32h7xx_hal_spi.o)
 .text.HAL_SPI_RxHalfCpltCallback
                0x08010174        0x4 ../../libDaisy//build\libdaisy.a(stm32h7xx_hal_spi.o)
                0x08010174                HAL_SPI_RxHalfCpltCallback
 .text.SPI_DMAHalfReceiveCplt
                0x08010178        0xc ../../libDaisy//build\libdaisy.a(stm32h7xx_hal_spi.o)
 .text.HAL_SPI_TxRxHalfCpltCallback
                0x08010184        0x4 ../../libDaisy//build\libdaisy.a(stm32h7xx_hal_spi.o)
                0x08010184                HAL_SPI_TxRxHalfCpltCallback
 .text.SPI_DMAHalfTransmitReceiveCplt
                0x08010188        0xc ../../libDaisy//build\libdaisy.a(stm32h7xx_hal_spi.o)
 .text.SPI_DMAError
                0x08010194       0xd8 ../../libDaisy//build\libdaisy.a(stm32h7xx_hal_spi.o)
 .text.HAL_SPI_IRQHandler
                0x0801026c      0x23c ../../libDaisy//build\libdaisy.a(stm32h7xx_hal_spi.o)
                0x0801026c                HAL_SPI_IRQHandler
 .text.SPI_DMAAbortOnError
                0x080104a8       0x1c ../../libDaisy//build\libdaisy.a(stm32h7xx_hal_spi.o)
 .text.HAL_SPI_GetState
                0x080104c4        0x8 ../../libDaisy//build\libdaisy.a(stm32h7xx_hal_spi.o)
                0x080104c4                HAL_SPI_GetState
 .text.HAL_TIM_Base_Init
                0x080104cc      0x140 ../../libDaisy//build\libdaisy.a(stm32h7xx_hal_tim.o)
                0x080104cc                HAL_TIM_Base_Init
 .text.HAL_TIM_Base_Start
                0x0801060c       0x34 ../../libDaisy//build\libdaisy.a(stm32h7xx_hal_tim.o)
                0x0801060c                HAL_TIM_Base_Start
 .text.HAL_TIM_Base_Start_IT
                0x08010640       0x2c ../../libDaisy//build\libdaisy.a(stm32h7xx_hal_tim.o)
                0x08010640                HAL_TIM_Base_Start_IT
 .text.HAL_TIM_ConfigClockSource
                0x0801066c      0x17c ../../libDaisy//build\libdaisy.a(stm32h7xx_hal_tim.o)
                0x0801066c                HAL_TIM_ConfigClockSource
 .text.HAL_TIM_OC_DelayElapsedCallback
                0x080107e8        0x4 ../../libDaisy//build\libdaisy.a(stm32h7xx_hal_tim.o)
                0x080107e8                HAL_TIM_OC_DelayElapsedCallback
 .text.HAL_TIM_IC_CaptureCallback
                0x080107ec        0x4 ../../libDaisy//build\libdaisy.a(stm32h7xx_hal_tim.o)
                0x080107ec                HAL_TIM_IC_CaptureCallback
 .text.HAL_TIM_PWM_PulseFinishedCallback
                0x080107f0        0x4 ../../libDaisy//build\libdaisy.a(stm32h7xx_hal_tim.o)
                0x080107f0                HAL_TIM_PWM_PulseFinishedCallback
 .text.HAL_TIM_TriggerCallback
                0x080107f4        0x4 ../../libDaisy//build\libdaisy.a(stm32h7xx_hal_tim.o)
                0x080107f4                HAL_TIM_TriggerCallback
 .text.HAL_TIM_IRQHandler
                0x080107f8      0x170 ../../libDaisy//build\libdaisy.a(stm32h7xx_hal_tim.o)
                0x080107f8                HAL_TIM_IRQHandler
 .text.HAL_TIMEx_MasterConfigSynchronization
                0x08010968       0x64 ../../libDaisy//build\libdaisy.a(stm32h7xx_hal_tim_ex.o)
                0x08010968                HAL_TIMEx_MasterConfigSynchronization
 .text.HAL_TIMEx_CommutCallback
                0x080109cc        0x4 ../../libDaisy//build\libdaisy.a(stm32h7xx_hal_tim_ex.o)
                0x080109cc                HAL_TIMEx_CommutCallback
 .text.HAL_TIMEx_BreakCallback
                0x080109d0        0x4 ../../libDaisy//build\libdaisy.a(stm32h7xx_hal_tim_ex.o)
                0x080109d0                HAL_TIMEx_BreakCallback
 .text.HAL_TIMEx_Break2Callback
                0x080109d4        0x4 ../../libDaisy//build\libdaisy.a(stm32h7xx_hal_tim_ex.o)
                0x080109d4                HAL_TIMEx_Break2Callback
 .text.HAL_UART_Transmit_DMA
                0x080109d8       0xa4 ../../libDaisy//build\libdaisy.a(stm32h7xx_hal_uart.o)
                0x080109d8                HAL_UART_Transmit_DMA
 .text.HAL_UART_Receive_DMA
                0x08010a7c       0xac ../../libDaisy//build\libdaisy.a(stm32h7xx_hal_uart.o)
                0x08010a7c                HAL_UART_Receive_DMA
 .text.UART_DMATransmitCplt
                0x08010b28       0x2c ../../libDaisy//build\libdaisy.a(stm32h7xx_hal_uart.o)
 .text.HAL_UART_TxHalfCpltCallback
                0x08010b54        0x4 ../../libDaisy//build\libdaisy.a(stm32h7xx_hal_uart.o)
                0x08010b54                HAL_UART_TxHalfCpltCallback
 .text.UART_DMATxHalfCplt
                0x08010b58        0xc ../../libDaisy//build\libdaisy.a(stm32h7xx_hal_uart.o)
 .text.UART_DMAReceiveCplt
                0x08010b64       0x38 ../../libDaisy//build\libdaisy.a(stm32h7xx_hal_uart.o)
 .text.UART_DMARxHalfCplt
                0x08010b9c        0xc ../../libDaisy//build\libdaisy.a(stm32h7xx_hal_uart.o)
 .text.UART_DMAError
                0x08010ba8       0x78 ../../libDaisy//build\libdaisy.a(stm32h7xx_hal_uart.o)
 .text.HAL_UART_IRQHandler
                0x08010c20      0x1d0 ../../libDaisy//build\libdaisy.a(stm32h7xx_hal_uart.o)
                0x08010c20                HAL_UART_IRQHandler
 .text.UART_DMAAbortOnError
                0x08010df0       0x14 ../../libDaisy//build\libdaisy.a(stm32h7xx_hal_uart.o)
 .text.HAL_UART_GetState
                0x08010e04        0xc ../../libDaisy//build\libdaisy.a(stm32h7xx_hal_uart.o)
                0x08010e04                HAL_UART_GetState
 .text.UART_SetConfig
                0x08010e10     0x14b8 ../../libDaisy//build\libdaisy.a(stm32h7xx_hal_uart.o)
                0x08010e10                UART_SetConfig
 .text.UART_AdvFeatureConfig
                0x080122c8       0xb0 ../../libDaisy//build\libdaisy.a(stm32h7xx_hal_uart.o)
                0x080122c8                UART_AdvFeatureConfig
 .text.UART_CheckIdleState
                0x08012378       0x84 ../../libDaisy//build\libdaisy.a(stm32h7xx_hal_uart.o)
                0x08012378                UART_CheckIdleState
 .text.HAL_UART_Init
                0x080123fc       0x68 ../../libDaisy//build\libdaisy.a(stm32h7xx_hal_uart.o)
                0x080123fc                HAL_UART_Init
 .text.HAL_UARTEx_WakeupCallback
                0x08012464        0x4 ../../libDaisy//build\libdaisy.a(stm32h7xx_hal_uart_ex.o)
                0x08012464                HAL_UARTEx_WakeupCallback
 .text.HAL_UARTEx_RxFifoFullCallback
                0x08012468        0x4 ../../libDaisy//build\libdaisy.a(stm32h7xx_hal_uart_ex.o)
                0x08012468                HAL_UARTEx_RxFifoFullCallback
 .text.HAL_UARTEx_TxFifoEmptyCallback
                0x0801246c        0x4 ../../libDaisy//build\libdaisy.a(stm32h7xx_hal_uart_ex.o)